_off^_usr, _off^_usr, _off^_usr, _off^_usr, _off^_usr, _off^_usr, _off^_usr, _off^_usr, _off^_usr, _off^_usr, _off^_usr, _off^_usr, _off^_usr, _off^_usr, _off^_usr, _off^_usr, _off^_usr, _off^_usr, _off^_usr, _off^_usr, _off^_usr, _off^_usr, _off^_usr, _off^_usr, _off^_usr, _off^_usr, _off^_usr, _off^_usr, _off^_usr, _off^_usr, _off^_usr, _off^_usr, _off^_usr, _off^_usr, _off^_usr, _off^_usr, _off^_usr, _off^_usr, _off^_usr, _off^_usr, _off^_usr, _off^_usr, _off^_usr, _off^_usr, _off^_usr, _off^_usr, _off^_usr, _off^_usr, _off^_usr, _off^_usr, _off^_usr, _off^_usr, _off^_usr, _off^_usr, _off^_usr, _off^_usr, _off^_usr, _off^_usr, _off^_usr, _off^_usr, _off^_usr, _off^_usr, _off^_usr, _off^_usr, _off^_usr, _off^_usr, _off^_usr, _off^_usr, _off^_usr, _off^_usr, _off^_usr, _off^_usr, _off^_usr, _off^_usr, _off^_usr, _off^_usr, _off^_usr, _off^_usr, _off^_usr, _off^_usr, _off^_usr, _off^_usr
_off^_usr, _off^_usr, _off^_usr, _off^_usr, _off^_usr, _off^_usr, _off^_usr, _off^_usr, _off^_usr, _off^_usr, _off^_usr, _off^_usr, _off^_usr, _off^_usr, _off^_usr, _off^_usr, _off^_usr, _off^_usr, _off^_usr, _off^_usr, _off^_usr, _off^_usr, _off^_usr, _off^_usr, _off^_usr, _off^_usr, _off^_usr, _off^_usr, _off^_usr, _off^_usr, _off^_usr, _off^_usr, _off^_usr, _off^_usr, _off^_usr, _off^_usr, _off^_usr, _off^_usr, _off^_usr, _off^_usr, _off^_usr, _off^_usr, _off^_usr, _off^_usr, _off^_usr, _off^_usr, _off^_usr, _off^_usr, _off^_usr, _off^_usr, _off^_usr, _off^_usr, _off^_usr, _off^_usr, _off^_usr, _off^_usr, _off^_usr, _off^_usr, _off^_usr, _off^_usr, _off^_usr, _off^_usr, _off^_usr, _off^_usr, _off^_usr, _off^_usr, _off^_usr, _off^_usr, _off^_usr, _off^_usr, _off^_usr, _off^_usr, _off^_usr, _off^_usr, _off^_usr, _off^_usr, _off^_usr, _off^_usr, _off^_usr, _off^_usr, _off^_usr, _off^_usr
_off^_usr, _off^_usr, _off^_usr, _off^_usr, _off^_usr, _off^_usr, _off^_usr, _off^_usr, _off^_usr, _off^_usr, _off^_usr, _off^_usr, _off^_usr, _off^_usr, _off^_usr, _off^_usr, _off^_usr, _off^_usr, _off^_usr, _off^_usr, _off^_usr, _off^_usr, _off^_usr, _off^_usr, _off^_usr, _off^_usr, _off^_usr, _off^_usr, _off^_usr, _off^_usr, _off^_usr, _off^_usr, _off^_usr, _off^_usr, _off^_usr, _off^_usr, _off^_usr, _off^_usr, _off^_usr, _off^_usr, _off^_usr, _off^_usr, _off^_usr, _off^_usr, _off^_usr, _off^_usr, _off^_usr, _off^_usr, _off^_usr, _off^_usr, _off^_usr, _off^_usr, _off^_usr, _off^_usr, _off^_usr, _off^_usr, _off^_usr, _off^_usr, _off^_usr, _off^_usr, _off^_usr, _off^_usr, _off^_usr, _off^_usr, _off^_usr, _off^_usr, _off^_usr, _off^_usr, _off^_usr, _off^_usr, _off^_usr, _off^_usr, _off^_usr, _off^_usr, _off^_usr, _off^_usr, _off^_usr, _off^_usr, _off^_usr, _off^_usr, _off^_usr, _off^_usr
_off^_usr, _off^_usr, _off^_usr, _off^_usr, _off^_usr, _off^_usr, _off^_usr, _off^_usr, _off^_usr, _off^_usr, _off^_usr, _off^_usr, _off^_usr, _off^_usr, _off^_usr, _off^_usr, _off^_usr, _off^_usr, _off^_usr, _off^_usr, _off^_usr, _off^_usr, _off^_usr, _off^_usr, _off^_usr, _off^_usr, _off^_usr, _off^_usr, _off^_usr, _off^_usr, _off^_usr, _off^_usr, _off^_usr, _off^_usr, _off^_usr, _off^_usr, _off^_usr, _off^_usr, _off^_usr, _off^_usr, _off^_usr, _off^_usr, _off^_usr, _off^_usr, _off^_usr, _off^_usr, _off^_usr, _off^_usr, _off^_usr, _off^_usr, _off^_usr, _off^_usr, _off^_usr, _off^_usr, _off^_usr, _off^_usr, _off^_usr, _off^_usr, _off^_usr, _off^_usr, _off^_usr, _off^_usr, _off^_usr, _off^_usr, _off^_usr, _off^_usr, _off^_usr, _off^_usr, _off^_usr, _off^_usr, _off^_usr, _off^_usr, _off^_usr, _off^_usr, _off^_usr, _off^_usr, _off^_usr, _off^_usr, _off^_usr, _off^_usr, _off^_usr, _off^_usr
_off^_usr, _off^_usr, Xoc, Xoc, Xoc, Xoc, Xoc^Efs, Xoc, Xoc, Xoc, Xoc, Xoc, Xoc, Xoc, Xoc, Xoc, Xoc, Xoc, Xoc, Xoc, Xoc^Efs, Xoc, Xoc, Xoc, Xoc, Xoc, Xoc, Xoc, Xoc, Xoc, Xoc, Xoc, Xoc, Xoc, Xoc, Xoc, Xoc, Xoc, Xoc, Xoc, Xoc, Xoc, Xoc, Xoc, Xoc, Xoc, Xoc, Xoc, Xoc^Efs, Xoc, Xoc, Xoc, Xoc, Xoc, Xoc, Xoc, Xoc, Xoc, Xoc^Efs, Xoc, Xoc, Xoc, Xoc, Xoc, Xoc, Xoc, Xoc, Xoc, Xoc, Xoc, Xoc, Xoc, Xoc^Efs, Xoc, Xoc, Xoc, Xoc, Xoc, _off^_usr, _off^_usr, _off^_usr, _off^_usr
_off^_usr, Xoc, Urb, Urb, Urb, Urb, Urb, Urb, Urb, Urb, Xoc, Rrc, Rrc, Rrc, Xoc, Rrc, Rrc, Rrc, Rrc, Rrc, Rrc, Rrc, Rrc, Rrc, Rrc, Rrc, Xoc, Rrc, Rrc, Rrc, Rrc, Rrc, Rrc, Rrc, Xoc, Irs, Irs, Ch, Ch, 10 Kha, Ch, Ch, Irs, Irs, Xoc, Rrc, Rrc, Rrc, Rrc, Rrc, Rrc, Rrc, Xoc, Rrc, Rrc, Rrc, Rrc, Rrc, Rrc, Rrc, Rrc, Rrc, Rrc, Rrc, Xoc, Rrc, Rrc, Rrc, Xoc, Urb, Urb, Urb, Urb, Urb, Urb, Urb, Urb, Xoc, _off^_usr, _off^_usr, _off^_usr, _off^_usr
_off^_usr, Xoc, Urb, Urb, Urb, Urb, Urb, Urb, Urb, Urb, Xoc, Rrc, Rrc, Rrc, Xoc, Rrc, Rrc, Rrc, Xoc, Rrc, Xoc, Rrc, Xoc, Rrc, Rrc, Rrc, Xoc, Rrc, Rrc, Rrc, Rrc, Rrc, Rrc, Rrc, Xoc, Irs, Irs, Ch, Ch, Ch, Ch, Ch, Irs, Irs, Xoc, Rrc, Rrc, Rrc, Rrc, Rrc, Rrc, Rrc, Xoc, Rrc, Rrc, Rrc, Xoc, Rrc, Xoc, Rrc, Xoc, Rrc, Rrc, Rrc, Xoc, Rrc, Rrc, Rrc, Xoc, Urb, Urb, Urb, Urb, Urb, Urb, Urb, Urb, Xoc, _off^_usr, _off^_usr, _off^_usr, _off^_usr
_off^_usr, Xoc, Urb, Urb, Urb, Urb, Urb, Urb, Urb, Urb, Xoc, Rrc, Rrc, Rrc, Xoc, Rrc, Rrc, Xoc, Irs, Xoc, Irs, Xoc, Irs, Xoc, Rrc, Rrc, Xoc, Rrc, Rrc, Rrc, Rrc, Rrc, Rrc, Rrc, Xoc, Irs, Irs, Irs, Irs, Ch, Irs, Irs, Irs, Irs, Xoc, Rrc, Rrc, Rrc, Rrc, Rrc, Rrc, Rrc, Xoc, Rrc, Rrc, Xoc, Irs, Xoc, Irs, Xoc, Irs, Xoc, Rrc, Rrc, Xoc, Rrc, Rrc, Rrc, Xoc, Urb, Urb, Urb, Urb, Urb, Urb, Urb, Urb, Xoc, _off^_usr, _off^_usr, _off^_usr, _off^_usr
_off^_usr, Xoc, Urb, Urb, Urb, Urb, Urb, Urb, Urb, Urb, Xoc, Rrc, Rrc, Rrc, Xoc, Rrc, Rrc, Xoc, Irs, Irs, Irs, Irs, Irs, Xoc, Rrc, Rrc, Xoc, Rrc, Rrc, Rrc, Rrc, Rrc, Rrc, Rrc, Xoc, Irs, Irs, Irs, Irs, Irs, Irs, Irs, Irs, Irs, Xoc, Rrc, Rrc, Rrc, Rrc, Rrc, Rrc, Rrc, Xoc, Rrc, Rrc, Xoc, Irs, Irs, Irs, Irs, Irs, Xoc, Rrc, Rrc, Xoc, Rrc, Rrc, Rrc, Xoc, Urb, Urb, Urb, Urb, Urb, Urb, Urb, Urb, Xoc, _off^_usr, _off^_usr, _off^_usr, _off^_usr
_off^_usr, Xoc, Xoc, Urb, Xoc, Urb, Xoc, Urb, Xoc, Urb, Xoc, Rrc, Rrc, Rrc, Xoc, Rrc, Rrc, Xoc, Irs, Irs, Irs, Irs, Irs, Xoc, Rrc, Rrc, Xoc, Rrc, Rrc, Rrc, Rrc, Rrc, Rrc, Rrc, Xoc, Irs, Irs, Irs, Irs, Irs, Irs, Irs, Irs, Irs, Xoc, Rrc, Rrc, Rrc, Rrc, Rrc, Rrc, Rrc, Xoc, Rrc, Rrc, Xoc, Irs, Irs, Irs, Irs, Irs, Xoc, Rrc, Rrc, Xoc, Rrc, Rrc, Rrc, Xoc, Urb, Xoc, Urb, Xoc, Urb, Xoc, Urb, Xoc, Xoc, _off^_usr, _off^_usr, _off^_usr, _off^_usr
_off^_usr, Xoc, Ior, Xoc, Ior, Xoc, Ior, Xoc, Ior, Xoc, Xoc, Rrc, Rrc, Rrc, Xoc, Rrc, Rrc, Xoc, Irs, Irs, Irs, Irs, Irs, Xoc, Rrc, Rrc, Xoc, Rrc, Rrc, Rrc, Rrc, Rrc, Rrc, Rrc, Xoc, Irs, Irs, Irs, Irs, Irs, Irs, Irs, Irs, Irs, Xoc, Rrc, Rrc, Rrc, Rrc, Rrc, Rrc, Rrc, Xoc, Rrc, Rrc, Xoc, Irs, Irs, Irs, Irs, Irs, Xoc, Rrc, Rrc, Xoc, Rrc, Rrc, Rrc, Xoc, Xoc, Ior, Xoc, Ior, Xoc, Ior, Xoc, Ior, Xoc, _off^_usr, _off^_usr, _off^_usr, _off^_usr
_off^_usr, Xoc, Ior, Ior, Ior, Ior, Ior, Ior, Ior, Ior, Xoc, Rrc, Rrc, Rrc, Xoc, Rrc, Rrc, Xoc, Irs, Irs, Irs, Irs, Irs, Xoc, Rrc, Rrc, Xoc, Rrc, Rrc, Rrc, Rrc, Rrc, Rrc, Rrc, Rrc, Xoc, Xoc, Irs, Icr, Irs, Icr, Irs, Xoc, Xoc, Rrc, Rrc, Rrc, Rrc, Rrc, Rrc, Rrc, Rrc, Xoc, Rrc, Rrc, Xoc, Irs, Irs, Irs, Irs, Irs, Xoc, Rrc, Rrc, Xoc, Rrc, Rrc, Rrc, Xoc, Ior, Ior, Ior, Ior, Ior, Ior, Ior, Ior, Xoc, _off^_usr, _off^_usr, _off^_usr, _off^_usr
_off^_usr, Xoc, Ior, Ior, Ior, Ior, Ior, Ior, Ior, Ior, Xoc, Rrc, Rrc, Rrc, Xoc, Rrc, Rrc, Xoc, Irs, Irs, Irs, Irs, Irs, Xoc, Rrc, Rrc, Xoc, Rrc, Rrc, Rrc, Rrc, Rrc, Rrc, Rrc, Rrc, Rrc, Rrc, Xoc, Rrc, Icr, Rrc, Xoc, Rrc, Rrc, Rrc, Rrc, Rrc, Rrc, Rrc, Rrc, Rrc, Rrc, Xoc, Rrc, Rrc, Xoc, Irs, Irs, Irs, Irs, Irs, Xoc, Rrc, Rrc, Xoc, Rrc, Rrc, Rrc, Xoc, Ior, Ior, Ior, Ior, Ior, Ior, Ior, Ior, Xoc, _off^_usr, _off^_usr, _off^_usr, _off^_usr
_off^_usr, Xoc, Ior, Ior, Ior, Ior, Ior, Ior, Ior, Ior, Xoc, Rrc, Rrc, Rrc, Xoc, Rrc, Rrc, Xoc, Rrc, Irs, Rrc, Irs, Rrc, Xoc, Rrc, Rrc, Xoc, Rrc, Rrc, Rrc, Rrc, Rrc, Rrc, Rrc, Rrc, Rrc, Rrc, Xoc, Rrc, Rrc, Rrc, Xoc, Rrc, Rrc, Rrc, Rrc, Rrc, Rrc, Rrc, Rrc, Rrc, Rrc, Xoc, Rrc, Rrc, Xoc, Rrc, Irs, Rrc, Irs, Rrc, Xoc, Rrc, Rrc, Xoc, Rrc, Rrc, Rrc, Xoc, Ior, Ior, Ior, Ior, Ior, Ior, Ior, Ior, Xoc, _off^_usr, _off^_usr, _off^_usr, _off^_usr
_off^_usr, Xoc, Ior, Ior, Ior, Ior, Ior, Ior, Ior, Ior, Xoc, Rrc, Rrc, Rrc, Xoc, Rrc, Rrc, Rrc, Rrc, Rrc, Rrc, Rrc, Rrc, Rrc, Rrc, Rrc, Xoc, Xoc, Xoc, Xoc, Xoc, Xoc, Xoc, Xoc, Rrc, Rrc, Rrc, Xoc, Rrc, Rrc, Rrc, Xoc, Rrc, Rrc, Rrc, Xoc, Xoc, Xoc, Xoc, Xoc, Xoc, Xoc, Xoc, Rrc, Rrc, Rrc, Rrc, Rrc, Rrc, Rrc, Rrc, Rrc, Rrc, Rrc, Xoc, Rrc, Rrc, Rrc, Xoc, Ior, Ior, Ior, Ior, Ior, Ior, Ior, Ior, Xoc, _off^_usr, _off^_usr, _off^_usr, _off^_usr
_off^_usr, Xoc, Xoc, Ior, Xoc, Ior, Xoc, Ior, Xoc, Ior, Xoc, Rrc, Rrc, Rrc, Xoc, Rrc, Xoc, Rrc, Xoc, Rrc, Rrc, Rrc, Xoc, Rrc, Xoc, Xoc, Xoc, Rrc, Rrc, Rrc, Rrc, Rrc, Rrc, Rrc, Rrc, Rrc, Rrc, Xoc, Rrc, Rrc, Rrc, Xoc, Rrc, Rrc, Rrc, Rrc, Rrc, Rrc, Rrc, Rrc, Rrc, Rrc, Xoc, Rrc, Xoc, Rrc, Xoc, Rrc, Rrc, Rrc, Xoc, Rrc, Xoc, Xoc, Xoc, Rrc, Rrc, Rrc, Xoc, Ior, Xoc, Ior, Xoc, Ior, Xoc, Ior, Xoc, Xoc, _off^_usr, _off^_usr, _off^_usr, _off^_usr
_off^_usr, Xoc, Iwr, Xoc, Iwr, Xoc, Iwr, Xoc, Iwr, Xoc, Xoc, Rrc, Rrc, Rrc, Xoc, Xoc, Rrc, Xoc^Efs, Rrc, Rrc, Rrc, Rrc, Rrc, Xoc^Efs, Rrc, Rrc, Xoc, Rrc, Rrc, Rrc, Rrc, Rrc, Rrc, Rrc, Rrc, Rrc, Rrc, Xoc, Rrc, Rrc, Rrc, Xoc, Rrc, Rrc, Rrc, Rrc, Rrc, Rrc, Rrc, Rrc, Rrc, Rrc, Xoc, Xoc, Rrc, Xoc, Rrc, Rrc, Rrc, Rrc, Rrc, Xoc, Rrc, Rrc, Xoc, Rrc, Rrc, Rrc, Xoc, Xoc, Iwr, Xoc, Iwr, Xoc, Iwr, Xoc, Iwr, Xoc, _off^_usr, _off^_usr, _off^_usr, _off^_usr
_off^_usr, Xoc, Iwr, Iwr, Iwr, Iwr, Iwr, Iwr, Iwr, Iwr, Xoc, Rrc, Rrc, Rrc, Xoc, Rrc, Rrc, Rrc, Rrc, Rrc, Rrc, Rrc, Rrc, Rrc, Rrc, Rrc, Xoc, Rrc, Rrc, Rrc, Rrc, Rrc, Xoc, Rrc, Rrc, Rrc, Xoc, Xoc, Rrc, Rrc, Rrc, Xoc, Xoc, Rrc, Rrc, Rrc, Xoc, Rrc, Rrc, Rrc, Rrc, Rrc, Xoc, Rrc, Rrc, Rrc, Rrc, Rrc, Rrc, Rrc, Rrc, Rrc, Rrc, Rrc, Xoc, Rrc, Rrc, Rrc, Xoc, Iwr, Iwr, Iwr, Iwr, Iwr, Iwr, Iwr, Iwr, Xoc, _off^_usr, _off^_usr, _off^_usr, _off^_usr
_off^_usr, Xoc, Iwr, Iwr, Iwr, Iwr, Iwr, Iwr, Iwr, Iwr, Xoc, Rrc, Rrc, Rrc, Xoc, Rrc, Rrc, Rrc, Xoc, Rrc, Xoc, Rrc, Xoc, Rrc, Rrc, Rrc, Xoc, Rrc, Rrc, Rrc, Rrc, Rrc, Xoc, Rrc, Rrc, Xoc, Rrc, Rrc, Rrc, Rrc, Rrc, Rrc, Rrc, Xoc, Rrc, Rrc, Xoc, Rrc, Rrc, Rrc, Rrc, Rrc, Xoc, Rrc, Rrc, Rrc, Xoc, Rrc, Xoc, Rrc, Xoc, Rrc, Rrc, Rrc, Xoc, Rrc, Rrc, Rrc, Xoc, Iwr, Iwr, Iwr, Iwr, Iwr, Iwr, Iwr, Iwr, Xoc, _off^_usr, _off^_usr, _off^_usr, _off^_usr
_off^_usr, Xoc, Iwr, Iwr, Iwr, Iwr, Iwr, Iwr, Iwr, Iwr, Xoc, Rrc, Rrc, Rrc, Xoc, Rrc, Rrc, Xoc, Irs, Xoc, Irs, Xoc, Irs, Xoc, Rrc, Rrc, Xoc, Rrc, Rrc, Rrc, Rrc, Rrc, Xoc, Rrc, Rrc, Rrc, Rrc, Rrc, Rr^Pr/, Xoc, Rr^Pr\, Rrc, Rrc, Rrc, Rrc, Rrc, Xoc, Rrc, Rrc, Rrc, Rrc, Rrc, Xoc, Rrc, Rrc, Xoc, Irs, Xoc, Irs, Xoc, Irs, Xoc, Rrc, Rrc, Xoc, Rrc, Rrc, Rrc, Xoc, Iwr, Iwr, Iwr, Iwr, Iwr, Iwr, Iwr, Iwr, Xoc, _off^_usr, _off^_usr, _off^_usr, _off^_usr
_off^_usr, Xoc, Iwr, Iwr, Iwr, Iwr, Iwr, Iwr, Iwr, Iwr, Xoc, Rrc, Rrc, Rrc, Xoc, Rrc, Rrc, Xoc, Irs, Irs, Irs, Irs, Irs, Xoc, Rrc, Rrc, Xoc, Rrc, Rrc, Rrc, Rrc, Rrc, Xoc, Rrc, Rrc, Rrc, Rrc, Xoc, Rr^Pr\, Irs, Rr^Pr/, Xoc, Rrc, Rrc, Rrc, Rrc, Xoc, Rrc, Rrc, Rrc, Rrc, Rrc, Xoc, Rrc, Rrc, Xoc, Irs, Irs, Irs, Irs, Irs, Xoc, Rrc, Rrc, Xoc, Rrc, Rrc, Rrc, Xoc, Iwr, Iwr, Iwr, Iwr, Iwr, Iwr, Iwr, Iwr, Xoc, _off^_usr, _off^_usr, _off^_usr, _off^_usr
_off^_usr, Xoc, Xoc, Iwr, Xoc, Iwr, Xoc, Iwr, Xoc, Iwr, Xoc, Rrc, Rrc, Rrc, Xoc, Rrc, Rrc, Xoc, Irs, Irs, Irs, Irs, Irs, Xoc, Rrc, Rrc, Xoc, Rrc, Rrc, Rrc, Rrc, Rrc, Xoc, Rrc, Rrc, Rrc, Rrc, Rrc, Rrc, Xoc^Efs, Rrc, Rrc, Rrc, Rrc, Rrc, Rrc, Xoc, Rrc, Rrc, Rrc, Rrc, Rrc, Xoc, Rrc, Rrc, Xoc, Irs, Irs, Irs, Irs, Irs, Xoc, Rrc, Rrc, Xoc, Rrc, Rrc, Rrc, Xoc, Iwr, Xoc, Iwr, Xoc, Iwr, Xoc, Iwr, Xoc, Xoc, _off^_usr, _off^_usr, _off^_usr, _off^_usr
_off^_usr, Xoc, Irs, Xoc, Irs, Xoc, Irs, Xoc, Irs, Xoc, Xoc, Rrc, Rrc, Rrc, Xoc, Rrc, Rrc, Xoc, Irs, Irs, Irs, Irs, Irs, Xoc, Rrc, Rrc, Xoc, Rrc, Rrc, Rrc, Rrc, Rrc, Xoc^Efs, Rrc, Rrc, Xoc, Xoc, Rrc, Rrc, Rrc, Rrc, Rrc, Xoc, Xoc, Rrc, Rrc, Xoc^Efs, Rrc, Rrc, Rrc, Rrc, Rrc, Xoc, Rrc, Rrc, Xoc, Irs, Irs, Irs, Irs, Irs, Xoc, Rrc, Rrc, Xoc, Rrc, Rrc, Rrc, Xoc, Xoc, Irs, Xoc, Irs, Xoc, Irs, Xoc, Irs, Xoc, _off^_usr, _off^_usr, _off^_usr, _off^_usr
_off^_usr, Xoc, Irs, Irs, Irs, Irs, Irs, Irs, Irs, Irs, Xoc, Rrc, Rrc, Rrc, Xoc, Rrc, Rrc, Xoc, Irs, Irs, Irs, Irs, Irs, Xoc, Rrc, Rrc, Xoc, Rrc, Rrc, Rrc, Rrc, Rrc, Rrc, Rrc, Rrc, Rrc, Rrc, Xoc, Rrc, Rrc, Rrc, Xoc, Rrc, Rrc, Rrc, Rrc, Rrc, Rrc, Rrc, Rrc, Rrc, Rrc, Xoc, Rrc, Rrc, Xoc, Irs, Irs, Irs, Irs, Irs, Xoc, Rrc, Rrc, Xoc, Rrc, Rrc, Rrc, Xoc, Irs, Irs, Irs, Irs, Irs, Irs, Irs, Irs, Xoc, _off^_usr, _off^_usr, _off^_usr, _off^_usr
_off^_usr, Xoc, Irs, Irs, Irs, Irs, Irs, Irs, Irs, Irs, Xoc, Rrc, Rrc, Rrc, Xoc, Rrc, Rrc, Xoc, Irs, Irs, Irs, Irs, Irs, Xoc, Rrc, Rrc, Xoc, Rrc, Rrc, Rrc, Rrc, Rrc, Rrc, Rrc, Rrc, Rrc, Rrc, Xoc, Rrc, Rrc, Rrc, Xoc, Rrc, Rrc, Rrc, Rrc, Rrc, Rrc, Rrc, Rrc, Rrc, Rrc, Xoc, Rrc, Rrc, Xoc, Irs, Irs, Irs, Irs, Irs, Xoc, Rrc, Rrc, Xoc, Rrc, Rrc, Rrc, Xoc, Irs, Irs, Irs, Irs, Irs, Irs, Irs, Irs, Xoc, _off^_usr, _off^_usr, _off^_usr, _off^_usr
_off^_usr, Xoc, Irs, Irs, Irs, Irs, Irs, Irs, Irs, Irs, Xoc, Rrc, Rrc, Rrc, Xoc, Rrc, Rrc, Xoc, Irs, Irs, Irs, Irs, Irs, Xoc, Rrc, Rrc, Xoc, Rrc, Xoc, Rrc, Xoc, Rrc, Xoc, Rrc, Rrc, Rrc, Rrc, Xoc, Rrc, Rrc, Rrc, Xoc, Rrc, Rrc, Rrc, Rrc, Xoc, Rrc, Xoc, Rrc, Xoc, Rrc, Xoc, Rrc, Rrc, Xoc, Irs, Irs, Irs, Irs, Irs, Xoc, Rrc, Rrc, Xoc, Rrc, Rrc, Rrc, Xoc, Irs, Irs, Irs, Irs, Irs, Irs, Irs, Irs, Xoc, _off^_usr, _off^_usr, _off^_usr, _off^_usr
_off^_usr, Xoc, Irs, Irs, Irs, Irs, Irs, Irs, Irs, Irs, Xoc, Rrc, Rrc, Rrc, Xoc, Rrc, Rrc, Xoc, Irs, Irs, Irs, Irs, Irs, Xoc, Rrc, Rrc, Xoc, Xoc, Rrc, Xoc, Rrc, Xoc, Rrc, Xoc, Rrc, Rrc, Rrc, Xoc, Rrc, Rrc, Rrc, Xoc, Rrc, Rrc, Rrc, Xoc, Rrc, Xoc, Rrc, Xoc, Rrc, Xoc, Xoc, Rrc, Rrc, Xoc, Irs, Irs, Irs, Irs, Irs, Xoc, Rrc, Rrc, Xoc, Rrc, Rrc, Rrc, Xoc, Irs, Irs, Irs, Irs, Irs, Irs, Irs, Irs, Xoc, _off^_usr, _off^_usr, _off^_usr, _off^_usr
_off^_usr, Xoc, Xoc, Irs, Xoc, Irs, Xoc, Irs, Xoc, Irs, Ch, Rrc, Rrc, Rrc, Xoc, Rrc, Rrc, Xoc, Irs, Irs, Irs, Irs, Irs, Xoc, Rrc, Rrc, Xoc, Rrc, Rrc, Rrc, Rrc, Rrc, Rrc, Rrc, Rrc, Rrc, Xoc, Xoc, Rrc, Rrc, Rrc, Xoc, Xoc, Rrc, Rrc, Rrc, Rrc, Rrc, Rrc, Rrc, Rrc, Rrc, Xoc, Rrc, Rrc, Xoc, Irs, Irs, Irs, Irs, Irs, Xoc, Rrc, Rrc, Xoc, Rrc, Rrc, Rrc, Ch, Irs, Xoc, Irs, Xoc, Irs, Xoc, Irs, Xoc, Xoc, _off^_usr, _off^_usr, _off^_usr, _off^_usr
_off^_usr, Xoc, Rrc, Xoc, Rrc, Xoc^Efs, Rrc, Xoc, Rrc, Xoc, Rrc, Rrc, Rrc, Rrc, Xoc, Rrc, Rrc, Xoc, Rrc, Irs, Rrc, Irs, Rrc, Xoc, Rrc, Rrc, Xoc, Rrc, Rrc, Rrc, Rrc, Rrc, Rrc, Rrc, Xoc, Xoc, Rrc, Rrc, Rrc, Rrc, Rrc, Rrc, Rrc, Xoc, Xoc, Rrc, Rrc, Rrc, Rrc, Rrc, Rrc, Rrc, Xoc, Rrc, Rrc, Xoc, Rrc, Irs, Rrc, Irs, Rrc, Xoc, Rrc, Rrc, Xoc, Rrc, Rrc, Rrc, Rrc, Xoc, Rrc, Xoc, Rrc, Xoc^Efs, Rrc, Xoc, Rrc, Xoc, _off^_usr, _off^_usr, _off^_usr, _off^_usr
_off^_usr, Xoc, Rrc, Rrc, Rrc, Rrc, Rrc, Rrc, Rrc, Rrc, Rrc, Rrc, Rrc, Rrc, Xoc, Rrc, Rrc, Rrc, Rrc, Rrc, Rrc, Rrc, Rrc, Rrc, Rrc, Rrc, Xoc, Rrc, Rrc, Rrc, Rrc, Rrc, Xoc^Efs, Xoc, Rrc, Rrc, Rrc, Rrc, Xoc, Rrc, Xoc, Rrc, Rrc, Rrc, Rrc, Xoc, Xoc^Efs, Rrc, Rrc, Rrc, Rrc, Rrc, Xoc, Rrc, Rrc, Rrc, Rrc, Rrc, Rrc, Rrc, Rrc, Rrc, Rrc, Rrc, Xoc, Rrc, Rrc, Rrc, Rrc, Rrc, Rrc, Rrc, Rrc, Rrc, Rrc, Rrc, Rrc, Xoc, _off^_usr, _off^_usr, _off^_usr, _off^_usr
_off^_usr, Xoc, Xoc, Rrc, Rrc, Rrc, Rrc, Rrc, Rrc, Rrc, Rrc, Rrc, Rrc, Rrc, Rrc, Xoc, Xoc, Rrc, Rrc, Rrc, Rrc, Rrc, Rrc, Rrc, Xoc, Xoc, Rrc, Rrc, Rrc, Rrc, Rrc, Rrc, Rrc, Rrc, Rrc, Rrc, Rrc, Xoc, Rrc, Rrc, Rrc, Xoc, Rrc, Rrc, Rrc, Rrc, Rrc, Rrc, Rrc, Rrc, Rrc, Rrc, Rrc, Xoc, Xoc, Rrc, Rrc, Rrc, Rrc, Rrc, Rrc, Rrc, Xoc, Xoc, Rrc, Rrc, Rrc, Rrc, Rrc, Rrc, Rrc, Rrc, Rrc, Rrc, Rrc, Rrc, Xoc, Xoc, _off^_usr, _off^_usr, _off^_usr, _off^_usr
_off^_usr, Xoc, Xoc, Xoc, Icn, Rrc, Rrc, Rrc, Rrc, Rrc, Rrc, Rrc, Rrc, Rrc, Rrc, Rrc, Rrc, Xoc, Xoc, Rrc, Rrc, Rrc, Rrc, Xoc^Efs, Rrc, Rrc, Rrc, Rrc, Rrc, Rrc, Rrc, Rrc, Xoc, Rrc, Rrc, Rrc, Rrc, Rrc, Rrc, Rrc, Rrc, Rrc, Rrc, Rrc, Rrc, Rrc, Xoc, Rrc, Rrc, Rrc, Rrc, Rrc, Rrc, Rrc, Rrc, Xoc, Xoc, Rrc, Rrc, Rrc, Rrc, Xoc^Efs, Rrc, Rrc, Rrc, Rrc, Rrc, Rrc, Rrc, Rrc, Rrc, Rrc, Rrc, Rrc, Icn, Xoc, Xoc, Xoc, _off^_usr, _off^_usr, _off^_usr, _off^_usr
_off^_usr, Xoc, Iwr, Iwr, Iwr, Xoc, Xoc, Rrc, Rrc, Rrc, Rrc, Rrc, Rrc, Rrc, Rrc, Rrc, Rrc, Rrc, Rrc, Xoc, Xoc, Rrc, Rrc, Rrc, Rrc, Rrc, Rrc, Rrc, Rrc, Rrc, Rrc, Rrc, Xoc, Rrc, Rrc, Rrc, Rrc, Xoc, Rrc, Rrc, Rrc, Xoc, Rrc, Rrc, Rrc, Rrc, Xoc, Rrc, Rrc, Rrc, Rrc, Rrc, Rrc, Rrc, Rrc, Rrc, Rrc, Xoc, Xoc, Rrc, Rrc, Rrc, Rrc, Rrc, Rrc, Rrc, Rrc, Rrc, Rrc, Rrc, Rrc, Rrc, Xoc, Xoc, Iwr, Iwr, Iwr, Xoc, _off^_usr, _off^_usr, _off^_usr, _off^_usr
_off^_usr, Xoc, Co, Iwr, Iwr, Iwr, Iwr, Xoc, Xoc, Rrc, Rrc, Rrc, Rrc, Rrc, Rrc, Rrc, Rrc, Rrc, Rrc, Rrc, Rrc, Xoc, Xoc^Efs, Rrc, Rrc, Rrc, Rrc, Rrc, Rrc, Rrc, Xoc, Xoc, Rrc, Rrc, Rrc, Rrc, Rrc, Xoc, Rrc, Rrc, Rrc, Xoc, Rrc, Rrc, Rrc, Rrc, Rrc, Xoc, Xoc, Rrc, Rrc, Rrc, Rrc, Rrc, Rrc, Rrc, Rrc, Rrc, Rrc, Xoc^Efs, Rrc, Rrc, Rrc, Rrc, Rrc, Rrc, Rrc, Rrc, Rrc, Rrc, Xoc, Xoc, Iwr, Iwr, Iwr, Iwr, Co, Xoc, _off^_usr, _off^_usr, _off^_usr, _off^_usr
_off^_usr, Xoc, Co, Co, Co, Iwr, Iwr, Iwr, Iwr, Xoc, Rrc, Rrc, Rrc, Rrc, Rrc, Rrc, Rrc, Rrc, Rrc, Rrc, Rrc, Rrc, Rrc, Rrc, Rrc, Rrc, Rrc, Rrc, Xoc, Xoc, Rrc, Rrc, Rrc, Rrc, Rrc, Rrc, Rrc, Xoc, Rrc, Rrc, Rrc, Xoc, Rrc, Rrc, Rrc, Rrc, Rrc, Rrc, Rrc, Xoc, Xoc, Rrc, Rrc, Rrc, Rrc, Rrc, Rrc, Rrc, Rrc, Rrc, Rrc, Rrc, Rrc, Rrc, Rrc, Rrc, Rrc, Rrc, Rrc, Xoc, Iwr, Iwr, Iwr, Iwr, Co, Co, Co, Xoc, _off^_usr, _off^_usr, _off^_usr, _off^_usr
_off^_usr, Xoc, 9 Ko, Co, Co, Iwr, Iwr, Iwr, Iwr, Xoc, Rrc, Rrc, Rrc, Rrc, Rrc, Rrc, Rrc, Rrc, Rrc, Rrc, Rrc, Rrc, Rrc, Rrc, Rrc, Rrc, Xoc, Xoc, Rrc, Rrc, Rrc, Rrc, Xoc, Xoc, Xoc, Xoc, Xoc, Xoc, Xoc, Ch, Xoc, Xoc, Xoc, Xoc, Xoc, Xoc, Xoc, Rrc, Rrc, Rrc, Rrc, Xoc, Xoc, Rrc, Rrc, Rrc, Rrc, Rrc, Rrc, Rrc, Rrc, Rrc, Rrc, Rrc, Rrc, Rrc, Rrc, Rrc, Rrc, Xoc, Iwr, Iwr, Iwr, Iwr, Co, Co, 8 Ko, Xoc, _off^_usr, _off^_usr, _off^_usr, _off^_usr
_off^_usr, Xoc, Co, Co, Co, Iwr, Iwr, Iwr, Iwr, Xoc, Rrc, Rrc, Rrc, Rrc, Rrc, Rrc, Rrc, Rrc, Rrc, Rrc, Rrc, Rrc, Rrc, Rrc, Xoc, Xoc, Rrc, Rrc, Rrc, Rrc, Xoc, Xoc, Irs, Irs, Irs, Irs, Xoc, Xoc, Rr, Rr, Rr, Xoc, Xoc, Irs, Irs, Irs, Irs, Xoc, Xoc, Rrc, Rrc, Rrc, Rrc, Xoc, Xoc, Rrc, Rrc, Rrc, Rrc, Rrc, Rrc, Rrc, Rrc, Rrc, Rrc, Rrc, Rrc, Rrc, Rrc, Xoc, Iwr, Iwr, Iwr, Iwr, Co, Co, Co, Xoc, _off^_usr, _off^_usr, _off^_usr, _off^_usr
_off^_usr, Xoc, Co, Co, Iwr, Iwr, Iwr, Iwr, Xoc, Xoc, Rrc, Rrc, Rrc, Rrc, Rrc, Rrc, Rrc, Rrc, Rrc, Rrc, Rrc, Rrc, Xoc, Xoc, Rrc, Rrc, Rrc, Rrc, Xoc, Xoc, Xoc, Irs, Irs, Irs, Irs, Irs, Xoc, Xoc, Rr, Rr, Rr, Xoc, Xoc, Irs, Irs, Irs, Irs, Irs, Xoc, Xoc, Xoc, Rrc, Rrc, Rrc, Rrc, Xoc, Xoc, Rrc, Rrc, Rrc, Rrc, Rrc, Rrc, Rrc, Rrc, Rrc, Rrc, Rrc, Rrc, Xoc, Xoc, Iwr, Iwr, Iwr, Iwr, Co, Co, Xoc, _off^_usr, _off^_usr, _off^_usr, _off^_usr
_off^_usr, Xoc, Xoc, Iwr, Iwr, Iwr, Xoc, Icn, Rr, Xoc, Xoc, Rrc, Rrc, Rrc, Rrc, Xoc, Xoc, Rrc, Rrc, Rrc, Xoc, Xoc, Rrc, Rrc, Rrc, Rrc, Xoc, Ch, Irs, Irs, Irs, Xoc, Xoc, Irs, Irs, Irs, Xoc, Xoc, Rr, Rr, Rr, Xoc, Xoc, Irs, Irs, Irs, Xoc, Xoc, Irs, Irs, Irs, Ch, Xoc, Rrc, Rrc, Rrc, Rrc, Xoc, Xoc, Rrc, Rrc, Rrc, Xoc, Xoc, Rrc, Rrc, Rrc, Rrc, Xoc, Xoc, Rr, Icn, Xoc, Iwr, Iwr, Iwr, Xoc, Xoc, _off^_usr, _off^_usr, _off^_usr, _off^_usr
_off^_usr, Xoc, Urb, Xoc, Xoc, Xoc, Rr, Rr, Rr, Rr, Rr, Xoc, Xoc, Rrc, Rrc, Rrc, Rrc, Xoc, Xoc^Efs, Xoc, Rrc, Rrc, Rrc, Rrc, Xoc, Xoc, Irs, Irs, Irs, Irs, Irs, Irs, Irs, Xoc, Xoc, Irs, Xoc, Xoc, Rr, Rr, Rr, Xoc, Xoc, Irs, Xoc, Xoc, Irs, Irs, Irs, Irs, Irs, Irs, Irs, Xoc, Xoc, Rrc, Rrc, Rrc, Rrc, Xoc, Xoc^Efs, Xoc, Rrc, Rrc, Rrc, Rrc, Xoc, Xoc, Rr, Rr, Rr, Rr, Rr, Xoc, Xoc, Xoc, Urb, Xoc, _off^_usr, _off^_usr, _off^_usr, _off^_usr
_off^_usr, Xoc, Urb, Urb, Urb, Xoc, Xoc, Rr, Rr, Rr, Rr, Rr, Rr, Xoc, Xoc, Rrc, Rrc, Rrc, Rrc, Rrc, Rrc, Rrc, Xoc, Xoc, Irs, Xoc, Xoc, Irs, Irs, Irs, Irs, Irs, Irs, Irs, Xoc, Xoc, Xos, Xoc, Gs^Ft, Rp, Gs^Ft, Xoc, Xos, Xoc, Xoc, Irs, Irs, Irs, Irs, Irs, Irs, Irs, Xoc, Xoc, Irs, Xoc, Xoc, Rrc, Rrc, Rrc, Rrc, Rrc, Rrc, Rrc, Xoc, Xoc, Rr, Rr, Rr, Rr, Rr, Rr, Xoc, Xoc, Urb, Urb, Urb, Xoc, _off^_usr, _off^_usr, _off^_usr, _off^_usr
_off^_usr, Xoc, Urb, Urb, Urb, Ur, Ur, Xoc, Xoc, Rr, Rr, Rr, Rr, Rr, Rr, Xoc, Xoc, Rrc, Rrc, Rrc, Rrc, Xoc, Irs, Irs, Irs, Irs, Irs, Xoc, Xoc, Irs, Irs, Irs, Xoc, Xoc, Xos, Xos, Gs^Ft, Gs^Ft, Gs^Ft, Rp, Gs^Ft, Gs^Ft, Gs^Ft, Xos, Xos, Xoc, Xoc, Irs, Irs, Irs, Xoc, Xoc, Irs, Irs, Irs, Irs, Irs, Xoc, Rrc, Rrc, Rrc, Rrc, Xoc, Xoc, Rr, Rr, Rr, Rr, Rr, Rr, Xoc, Xoc, Ur, Ur, Urb, Urb, Urb, Xoc, _off^_usr, _off^_usr, _off^_usr, _off^_usr
_off^_usr, Xoc, Urb, Urb, Urb, Xoc, Ur, Ur, Ur, Xoc, Xoc, Rr, Rr, Rr, Rr, Rr, Rr, Xoc, Xoc, Rrc, Rrc, Xoc, Irs, Irs, Irs, Irs, Irs, Irs, Irs, Xoc, Xoc, Xoc, Xos, Xos, Gs^Ft, Gs^Ft, Gs^Ft, Gs^Ft, Gs^Ft, Rp, Gs^Ft, Gs^Ft, Gs^Ft, Gs^Ft, Gs^Ft, Xos, Xos, Xoc, Xoc, Xoc, Irs, Irs, Irs, Irs, Irs, Irs, Irs, Xoc, Rrc, Rrc, Xoc, Xoc, Rr, Rr, Rr, Rr, Rr, Rr, Xoc, Xoc, Ur, Ur, Ur, Xoc, Urb, Urb, Urb, Xoc, _off^_usr, _off^_usr, _off^_usr, _off^_usr
_off^_usr, Xoc, Xoc, Urb, Urb, Xoc, Ur, Ur, Ur, Ur, Ur, Xoc^Efs, Ur, Rr, Rr, Rr, Rr, Rr, Rr, Xoc, Xoc, Xoc, Xoc, Irs, Irs, Irs, Irs, Irs, Xoc, Xoc, Xos, Xos, Gs^Ft, Gs^Ft, Gs^Ft, Gs^Ft, Gs^Ft, Gs^Ft, Gs^Ft, Rp, Gs^Ft, Gs^Ft, Gs^Ft, Gs^Ft, Gs^Ft, Gs^Ft, Gs^Ft, Xos, Xos, Xoc, Xoc, Irs, Irs, Irs, Irs, Irs, Xoc, Xoc, Xoc, Xoc, Rr, Rr, Rr, Rr, Rr, Rr, Xoc^Efs, Xoc, Ur, Ur, Ur, Ur, Ur, Xoc, Urb, Urb, Xoc, Xoc, _off^_usr, _off^_usr, _off^_usr, _off^_usr
_off^_usr, Xoc, Urb, Xoc, Xoc, Xoc, Ur, Ur, Ur, Ur, Ur, Ur, Ur, Ur, Xoc, Rr, Rr, Rr, Rr, Rr, Xoc, Xoc, Xoc, Xoc, Xoc, Irs, Xoc, Xoc, Xos, Xos, Gs^Ft, Gs^Ft, Gs^Ft, Gs^Ft, Gs^Ft, Gs^Ft, Gs^Ft, Gs^Ft, Ds^Edb, Rr, Ds^Edb, Gs^Ft, Gs^Ft, Gs^Ft, Gs^Ft, Gs^Ft, Gs^Ft, Gs^Ft, Gs^Ft, Xos, Xos, Xoc, Xoc, Irs, Xoc, Xoc, Xoc, Xoc, Xoc, Rr, Rr, Rr, Rr, Rr, Ur, Ur, Ur, Ur, Ur, Ur, Ur, Ur, Ur, Xoc, Xoc, Xoc, Urb, Xoc, _off^_usr, _off^_usr, _off^_usr, _off^_usr
_off^_usr, Xoc, Urb, Urb, Urb, Xoc, Xoc, Ur, Ur, Ur, Ur, Ur, Ur, Ur, Ur, Xoc, Xoc, Rr, Rr, Ch, Rr, Rr, Rr, Xoc, Xoc, Xoc, Xos, Xos, Gs^Ft, Gs^Ft, Gs^Ft, Gs^Ft, Gs^Ft, Gs^Ft, Gs^Ft, Gs^Ft, Ds^Edb, Ds^Edb, Wot^Edb, Rr, Wot^Edb, Ds^Edb, Ds^Edb, Gs^Ft, Gs^Ft, Gs^Ft, Gs^Ft, Gs^Ft, Gs^Ft, Gs^Ft, Gs^Ft, Xos, Xos, Xoc, Xoc, Xoc, Rr, Rr, Rr, Ch, Rr, Rr, Xos, Xos, Ur, Ur, Ur, Ur, Ur, Ur, Ur, Ur, Xoc, Xoc, Urb, Urb, Urb, Xoc, _off^_usr, _off^_usr, _off^_usr, _off^_usr
_off^_usr, Xoc, Urb, Urb, Urb, Xoc, Ur, Xoc, Xoc, Ur, Ur, Ur, Ur, Ur, Ur, Ur, Ur, Xoc, Xoc, Xoc, Rr, Rr, Rr, Rr, Rr, Xoc, Gs^Ft, Gs^Ft, Gs^Ft, Gs^Ft, Gs^Ft, Gs^Ft, Gs^Ft, Gs^Ft, Ds^Edb, Ds^Edb, Wot^Edb, Wot^Edb, Wot, Qxu^Bcx|, Wot, Wot^Edb, Wot^Edb, Ds^Edb, Ds^Edb, Gs^Ft, Gs^Ft, Gs^Ft, Gs^Ft, Gs^Ft, Gs^Ft, Gs^Ft, Gs^Ft, Xoc, Rr, Rr, Rr, Rr, Rr, Xos, Xos, Xos, Ur, Ur, Ur, Ur, Ur, Ur, Ur, Ur, Xoc, Xoc, Ur, Xoc, Urb, Urb, Urb, Xoc, _off^_usr, _off^_usr, _off^_usr, _off^_usr
_off^_usr, Xoc, Urb, Urb, Urb, Xoc^Efs, Ur, Ur, Ur, Xoc, Xoc, Ur, Ur, Ur, Ur, Ur, Ur, Ur, Xoc, Xoc, Xoc, Rr, Rr, Rr, Rp, Gs^Ft, Gs^Ft, Gs^Ft, Gs^Ft, Gs^Ft, Gs^Ft, Gs^Ft, Ds^Edb, Ds^Edb, Wot^Edb, Wot^Edb, Wot, Wot, Wot, Qxu^Bcx|, Wot, Wot, Wot, Wot^Edb, Wot^Edb, Ds^Edb, Ds^Edb, Gs^Ft, Gs^Ft, Gs^Ft, Gs^Ft, Gs^Ft, Gs^Ft, Gs^Ft, Rp, Rr, Rr, Rr, Xos, Xos, Xos, Ur, Ur, Ur, Ur, Ur, Ur, Ur, Xoc, Xoc, Ur, Ur, Ur, Xoc^Efs, Urb, Urb, Urb, Xoc, _off^_usr, _off^_usr, _off^_usr, _off^_usr
_off^_usr, Xoc, Urb, Urb, Ur, Ur, Ur, Ur, Ur, Ur, Ur, Ur, Xos, Ur, Ur, Ur, Xoc, Xoc, Iwr, Xoc, Xoc, Xoc, Xoc, Rr, Gs^Ft, Rp, Rp, Gs^Ft, Gs^Ft, Gs^Ft, Ds^Edb, Ds^Edb, Wot^Edb, Wot^Edb, Wot, Wot, Wot, Wot, Wot, Qxu^Bcx|, Wot, Wot, Wot, Wot, Wot, Wot^Edb, Wot^Edb, Ds^Edb, Ds^Edb, Gs^Ft, Gs^Ft, Gs^Ft, Rp, Rp, Gs^Ft, Rr, Xos, Xos, Xos, Xos, Iwr, Xos, Xos, Ur, Ur, Ur, Xos, Ur, Ur, Ur, Ur, Ur, Ur, Ur, Ur, Urb, Urb, Xoc, _off^_usr, _off^_usr, _off^_usr, _off^_usr
_off^_usr, Xoc, Xoc, Xoc, Xoc, Xoc, Ur, Ur, Xoc, Ur, Ur, Ur, Xos, Ur, Ur, Xoc, Iwr, Iwr, Iwr, Iwr, Iwr, Xoc, Xoc, Xoc, Gs^Ft, Gs^Ft, Gs^Ft, Rp, Rr, Ds^Edb, Wot^Edb, Wot^Edb, Wot, Wot, Wot, Wot, Wot, Wot, Wot^Esd, Qxu^Bcx|, Wot^Esd, Wot, Wot, Wot, Wot, Wot, Wot, Wot^Edb, Wot^Edb, Ds^Edb, Rr, Rp, Gs^Ft, Gs^Ft, Gs^Ft, Xos, Xos, Xos, Iwr, Iwr, Iwr, Iwr, Iwr, Xos, Ur, Ur, Xos, Ur, Ur, Ur, Xoc, Ur, Ur, Xoc, Xoc, Xoc, Xoc, Xoc, _off^_usr, _off^_usr, _off^_usr, _off^_usr
_off^_usr, Xoc, Urb, Urb, Urb, Xoc, Xoc, Ur, Xoc, Ur, Ur, Ur, Xos, Ur, Ur, Xoc, Iwr, Iwr, Iwr, Iwr, Iwr, Iwr, Xoc, Xos, Gs^Ft, Gs^Ft, Gs^Ft, Gs^Ft, Ds^Edb, Rr, Qxu^Bcx\, Wot, Wot, Wot, Wot, Wot, Wot^Esd, Wot^Esd, Mm^Xm, Qxu^Bcx|, Mm^Xm, Wot^Esd, Wot^Esd, Wot, Wot, Wot, Wot, Wot, Qxu^Bcx/, Rr, Ds^Edb, Gs^Ft, Gs^Ft, Gs^Ft, Gs^Ft, Xos, Xos, Iwr, Iwr, Iwr, Iwr, Iwr, Iwr, Xos, Ur, Ur, Xos, Ur, Ur, Ur, Xoc, Ur, Xoc, Xoc, Urb, Urb, Urb, Xoc, _off^_usr, _off^_usr, _off^_usr, _off^_usr
_off^_usr, Xoc, Urb, Urb, Urb, Xoc, Ur, Xoc, Xoc, Ur, Ur, Ur, Xos, Ur, Ur, Xoc, Iwr, Iwr, Iwr, Iwr, Iwr, Iwr, Xoc, Xos, Gs^Ft, Gs^Ft, Gs^Ft, Gs^Ft, Ds^Edb, Wot^Edb, Wot, Qxu^Bcx\, Qxu^Bcx\, Wot, Wot^Esd, Wot^Esd, Mm^Xm, Mm^Xm, Xoc, Irs, Xoc, Mm^Xm, Mm^Xm, Wot^Esd, Wot^Esd, Wot, Qxu^Bcx/, Qxu^Bcx/, Wot, Wot^Edb, Ds^Edb, Gs^Ft, Gs^Ft, Gs^Ft, Gs^Ft, Xos, Xos, Iwr, Iwr, Iwr, Iwr, Iwr, Iwr, Xos, Ur, Ur, Xos, Ur, Ur, Ur, Xoc, Xoc, Ur, Xoc, Urb, Urb, Urb, Xoc, _off^_usr, _off^_usr, _off^_usr, _off^_usr
_off^_usr, Xoc, Xoc, Urb, Ur, Xoc^Efs, Ur, Ur, Ur, Ur, Ur, Ur, Xos, Ur, Ur, Xoc, Xoc, Iwr, Xoc, Iwr, Xoc, Iwr, Xoc, Xos, Gs^Ft, Gs^Ft, Gs^Ft, Gs^Ft, Ds^Edb, Wot^Edb, Wot, Wot, Wot, Qxu^Bcx\, Qxu^Bcx\, Mm^Xm, Xoc, Xoc, Irs, Irs, Irs, Xoc, Xoc, Mm^Xm, Qxu^Bcx/, Qxu^Bcx/, Wot, Wot, Wot, Wot^Edb, Ds^Edb, Gs^Ft, Gs^Ft, Gs^Ft, Gs^Ft, Xos, Xos, Iwr, Xos, Iwr, Xos, Iwr, Xos, Xos, Ur, Ur, Xos, Ur, Ur, Ur, Ur, Ur, Ur, Xoc^Efs, Ur, Urb, Xoc, Xoc, _off^_usr, _off^_usr, _off^_usr, _off^_usr
_off^_usr, Xoc, Ior, Xoc, Xoc, Ur, Rr^Pr|, Ur, Ur, Ur, Ur, Ur, Xos, Ur, Ur, Xoc, Ior, Xoc, Ior, Xoc, Ior, Xoc, Xoc, Xos, Gs^Ft, Gs^Ft, Gs^Ft, Gs^Ft, Ds^Edb, Wot^Edb, Wot, Wot, Wot, Wot^Esd, Mm^Xm, Irs, Irs, Irs, Irs^Ebn, Irs^Ebn, Irs^Ebn, Irs, Irs, Irs, Mm^Xm, Wot^Esd, Wot, Wot, Wot, Wot^Edb, Ds^Edb, Gs^Ft, Gs^Ft, Gs^Ft, Gs^Ft, Xos, Xos, Xos, Ior, Xos, Ior, Xos, Ior, Xos, Ur, Ur, Xos, Ur, Ur, Ur, Ur, Ur, Rr^Pr|, Ur, Xoc, Xoc, Ior, Xoc, _off^_usr, _off^_usr, _off^_usr, _off^_usr
_off^_usr, Xoc, Ior, Ior, Ior, Xoc, Ior, Xos, Xos, Ur, Ur, Ur, Xos, Ur, Ur, Xoc, Ior, Ior, Ior, Ior, Ior, Ior, Xoc, Xos, Gs^Ft, Gs^Ft, Gs^Ft, Gs^Ft, Ds^Edb, Wot^Edb, Wot, Wot, Wot, Wot^Esd, Mm^Xm, Xoc, Irs, Irs, 2 Kha, 1 Kha, 5 Kha, Irs, Irs, Xoc, Mm^Xm, Wot^Esd, Wot, Wot, Wot, Wot^Edb, Ds^Edb, Gs^Ft, Gs^Ft, Gs^Ft, Gs^Ft, Xos, Xos, Ior, Ior, Ior, Ior, Ior, Ior, Xos, Ur, Ur, Xos, Ur, Ur, Ur, Xos, Xos, Ior, Xoc, Ior, Ior, Ior, Xoc, _off^_usr, _off^_usr, _off^_usr, _off^_usr
_off^_usr, Xoc, Ior, Ior, Ior, Ior, Ior, Ior, Xos, Ur, Ur, Ur, Xos, Ur, Ur, Ch, Ior, Ior, Ior, Ior, Ior, Ior, Xoc, Xos, Gs^Ft, Gs^Ft, Gs^Ft, Gs^Ft, Ds^Edb, Wot^Edb, Wot, Wot, Wot, Wot^Esd, Mm^Xm, Xoc, Irs, Irs^Ebn, 3 Kha, Irs, 4 Kha, Irs^Ebn, Irs, Xoc, Mm^Xm, Wot^Esd, Wot, Wot, Wot, Wot^Edb, Ds^Edb, Gs^Ft, Gs^Ft, Gs^Ft, Gs^Ft, Xos, Xos, Ior, Ior, Ior, Ior, Ior, Ior, Ch, Ur, Ur, Xos, Ur, Ur, Ur, Xos, Ior, Ior, Ior, Ior, Ior, Ior, Xoc, _off^_usr, _off^_usr, _off^_usr, _off^_usr
_off^_usr, Xoc, Ior, Ior, Ior, Ior, Ior, Ior, Xos, Ur, Ur, Ur, Xos, Ur, Ur, Xoc, Ior, Ior, Ior, Ior, Ior, Ior, Xoc, Xos, Gs^Ft, Gs^Ft, Gs^Ft, Gs^Ft, Ds^Edb, Wot^Edb, Wot, Wot, Wot, Wot^Esd, Mm^Xm, Xoc, Irs, Irs, Irs, Irs^Wm, Irs, Irs, Irs, Xoc, Mm^Xm, Wot^Esd, Wot, Wot, Wot, Wot^Edb, Ds^Edb, Gs^Ft, Gs^Ft, Gs^Ft, Gs^Ft, Xos, Xos, Ior, Ior, Ior, Ior, Ior, Ior, Xos, Ur, Ur, Xos, Ur, Ur, Ur, Xos, Ior, Ior, Ior, Ior, Ior, Ior, Xoc, _off^_usr, _off^_usr, _off^_usr, _off^_usr
_off^_usr, Xoc, Ior, Ior, Xoc, Xoc, Rr^Pr|, Xos, Ur, Ur, Ur, Ur, Xos, Ur, Ur, Xoc, Xoc, Xoc, Xoc, Xoc, Xoc, Xoc, Xoc, Xos, Gs^Ft, Gs^Ft, Gs^Ft, Gs^Ft, Ds^Edb, Wot^Edb, Wot, Wot, Wot, Wot^Esd, Qxu^Bcx/, Irs, Xoc, Irs, Xos, Irs, Xos, Irs, Xoc, Irs, Qxu^Bcx\, Wot^Esd, Wot, Wot, Wot, Wot^Edb, Ds^Edb, Gs^Ft, Gs^Ft, Gs^Ft, Gs^Ft, Xos, Xos, Xos, Xos, Xos, Xos, Xos, Xos, Xos, Ur, Ur, Xos, Ur, Ur, Ur, Ur, Xos, Rr^Pr|, Xoc, Xoc, Ior, Ior, Xoc, _off^_usr, _off^_usr, _off^_usr, _off^_usr
_off^_usr, Xoc, Xoc, Xoc, Ur, Ur, Ur, Ur, Ur, Ur, Ur, Ur, Xos, Ur, Ur, Xoc, Iwr, Iwr, Iwr, Iwr, Iwr, Iwr, Xoc, Xos, Gs^Ft, Gs^Ft, Gs^Ft, Gs^Ft, Ds^Edb, Wot^Edb, Wot, Wot, Qxu^Bcx/, Qxu^Bcx/, Wot^Esd, Mm^Xm, Mm^Xm, Xoc, Mm^Xm, Xos, Mm^Xm, Xoc, Mm^Xm, Mm^Xm, Wot^Esd, Qxu^Bcx\, Qxu^Bcx\, Wot, Wot, Wot^Edb, Ds^Edb, Gs^Ft, Gs^Ft, Gs^Ft, Gs^Ft, Xos, Xos, Iwr, Iwr, Iwr, Iwr, Iwr, Iwr, Xos, Ur, Ur, Xos, Ur, Ur, Ur, Ur, Ur, Ur, Ur, Ur, Xoc, Xoc, Xoc, _off^_usr, _off^_usr, _off^_usr, _off^_usr
_off^_usr, Xoc, Urb, Urb, Urb, Xoc, Ur, Ur, Xoc, Ur, Ur, Ur, Xos, Ur, Ur, Xoc, Iwr, Iwr, Iwr, Iwr, Iwr, Iwr, Xoc, Xos, Gs^Ft, Gs^Ft, Gs^Ft, Gs^Ft, Ds^Edb, Wot^Edb, Qxu^Bcx/, Qxu^Bcx/, Wot, Wot, Wot, Wot^Esd, Wot^Esd, Mm^Xm, Wot^Esd, Mm^Xm, Wot^Esd, Mm^Xm, Wot^Esd, Wot^Esd, Wot, Wot, Wot, Qxu^Bcx\, Qxu^Bcx\, Wot^Edb, Ds^Edb, Gs^Ft, Gs^Ft, Gs^Ft, Gs^Ft, Xos, Xos, Iwr, Iwr, Iwr, Iwr, Iwr, Iwr, Xos, Ur, Ur, Xos, Ur, Ur, Ur, Xoc, Ur, Ur, Xoc, Urb, Urb, Urb, Xoc, _off^_usr, _off^_usr, _off^_usr, _off^_usr
_off^_usr, Xoc, Urb, Urb, Urb, Xoc, Xoc, Xoc, Xoc, Ur, Ur, Ur, Xos, Ur, Ur, Xoc, Iwr, Iwr, Iwr, Iwr, Iwr, Iwr, Xoc, Xos, Gs^Ft, Gs^Ft, Gs^Ft, Gs^Ft, Rr, Rr, Wot^Edb, Wot, Wot, Wot, Wot, Wot, Wot, Wot^Esd, Wot, Wot^Esd, Wot, Wot^Esd, Wot, Wot, Wot, Wot, Wot, Wot, Wot^Edb, Rr, Rr, Gs^Ft, Gs^Ft, Gs^Ft, Gs^Ft, Xos, Xos, Iwr, Iwr, Iwr, Iwr, Iwr, Iwr, Xos, Ur, Ur, Xos, Ur, Ur, Ur, Xoc, Xoc, Xoc, Xoc, Urb, Urb, Urb, Xoc, _off^_usr, _off^_usr, _off^_usr, _off^_usr
_off^_usr, Xoc, Xoc, Urb, Xoc, Xoc, Ur, Ur, Xoc, Ur, Ur, Ur, Xoc^Efs, Ur, Ur, Xoc, Xoc, Iwr, Iwr, Iwr, Xoc, Xoc, Xoc, Xoc, Gs^Ft, Gs^Ft, Rp, Rp, Gs^Ft, Ds^Edb, Ds^Edb, Wot^Edb, Wot^Edb, Wot, Wot, Wot, Wot, Wot, Wot, Wot, Wot, Wot, Wot, Wot, Wot, Wot, Wot^Edb, Wot^Edb, Ds^Edb, Ds^Edb, Gs^Ft, Rp, Rp, Gs^Ft, Gs^Ft, Xos, Xos, Xos, Xos, Iwr, Iwr, Iwr, Xos, Xos, Ur, Ur, Xoc^Efs, Ur, Ur, Ur, Ur, Ur, Ur, Xoc, Xoc, Urb, Xoc, Xoc, _off^_usr, _off^_usr, _off^_usr, _off^_usr
_off^_usr, Xoc, Urb, Xoc, Urb, Xoc^Efs, Ur, Ur, Ur, Ur, Xoc, Ur, Ur, Ur, Ur, Ur, Ur, Xoc, Xoc, Xoc, Xoc, Xoc, Rr, Rr, Rp, Rp, Gs^Ft, Gs^Ft, Gs^Ft, Gs^Ft, Gs^Ft, Ds^Edb, Ds^Edb, Wot^Edb, Wot^Edb, Wot^Edb, Wot^Edb, Wot^Edb, Wot^Edb, Wot^Edb, Wot^Edb, Wot^Edb, Wot^Edb, Wot^Edb, Wot^Edb, Wot^Edb, Ds^Edb, Ds^Edb, Gs^Ft, Gs^Ft, Gs^Ft, Gs^Ft, Gs^Ft, Rp, Rp, Rr, Rr, Xos, Xos, Xos, Xos, Xos, Ur, Ur, Ur, Ur, Ur, Ur, Xoc, Ur, Ur, Ur, Ur, Xoc^Efs, Urb, Xoc, Urb, Xoc, _off^_usr, _off^_usr, _off^_usr, _off^_usr
_off^_usr, Xoc, Urb, Urb, Urb, Ur, Ur, Ur, Xoc, Xoc, Ur, Ur, Ur, Ur, Ur, Ur, Ur, Ur, Xoc, Xoc, Rr, Rr, Rr, Rp, Gs^Ft, Gs^Ft, Gs^Ft, Gs^Ft, Gs^Ft, Gs^Ft, Gs^Ft, Gs^Ft, Gs^Ft, Ds^Edb, Ds^Edb, Ds^Edb, Ds^Edb, Ds^Edb, Ds^Edb, Ds^Edb, Ds^Edb, Ds^Edb, Ds^Edb, Ds^Edb, Ds^Edb, Ds^Edb, Gs^Ft, Gs^Ft, Gs^Ft, Gs^Ft, Gs^Ft, Gs^Ft, Gs^Ft, Gs^Ft, Gs^Ft, Rp, Rr, Rr, Rr, Xos, Xos, Ur, Ur, Ur, Ur, Ur, Ur, Ur, Ur, Xoc, Xoc, Ur, Ur, Ur, Urb, Urb, Urb, Xoc, _off^_usr, _off^_usr, _off^_usr, _off^_usr
_off^_usr, Xoc, Urb, Urb, Urb, Xoc, Xoc, Xoc, Ur, Ur, Ur, Ur, Ur, Ur, Ur, Ur, Xoc, Xoc, Rr, Rr, Rr, Rr, Rr, Rr, Gs^Ft, Gs^Ft, Gs^Ft, Gs^Ft, Gs^Ft, Gs^Ft, Gs^Ft, Gs^Ft, Gs^Ft, Gs^Ft, Gs^Ft, Gs^Ft, Gs^Ft, Gs^Ft, Gs^Ft, Gs^Ft, Gs^Ft, Gs^Ft, Gs^Ft, Gs^Ft, Gs^Ft, Gs^Ft, Gs^Ft, Gs^Ft, Gs^Ft, Gs^Ft, Gs^Ft, Gs^Ft, Gs^Ft, Gs^Ft, Gs^Ft, Rr, Rr, Rr, Rr, Rr, Rr, Xos, Xos, Ur, Ur, Ur, Ur, Ur, Ur, Ur, Ur, Xoc, Xoc, Xoc, Urb, Urb, Urb, Xoc, _off^_usr, _off^_usr, _off^_usr, _off^_usr
_off^_usr, Xoc, Urb, Urb, Xoc, Xoc, Ur, Ur, Ur, Ur, Ur, Ur, Ur, Ur, Xoc, Xoc, Rr, Xoc, Rr, Rr, Rr, Rr, Xos, Xos, Gs^Ft, Gs^Ft, Gs^Ft, Gs^Ft, Gs^Ft, Gs^Ft, Gs^Ft, Gs^Ft, Gs^Ft, Gs^Ft, Gs^Ft, Gs^Ft, Gs^Ft, Gs^Ft, Gs^Ft, Gs^Ft, Gs^Ft, Gs^Ft, Gs^Ft, Gs^Ft, Gs^Ft, Gs^Ft, Gs^Ft, Gs^Ft, Gs^Ft, Gs^Ft, Gs^Ft, Gs^Ft, Gs^Ft, Gs^Ft, Gs^Ft, Xos, Xos, Rr, Rr, Rr, Rr, Xos, Rr, Xos, Xoc^Efs, Ur, Ur, Ur, Ur, Ur, Ur, Ur, Ur, Xoc, Xoc, Urb, Urb, Xoc, _off^_usr, _off^_usr, _off^_usr, _off^_usr
_off^_usr, Xoc, Xoc, Xoc, Urb, Xoc, Ur, Ur, Ur, Ur, Ur, Ur, Ur, Xoc^Efs, Rr, Rr, Rr, Ch, Xos, Rr, Xos, Xos, Xos, Xos, Gs^Ft, Gs^Ft, Gs^Ft, Gs^Ft, Gs^Ft, Gs^Ft, Gs^Ft, Gs^Ft, Gs^Ft, Gs^Ft, Gs^Ft, Gs^Ft, Gs^Ft, Gs^Ft, Gs^Ft, Gs^Ft, Gs^Ft, Gs^Ft, Gs^Ft, Gs^Ft, Gs^Ft, Gs^Ft, Gs^Ft, Gs^Ft, Gs^Ft, Gs^Ft, Gs^Ft, Gs^Ft, Gs^Ft, Gs^Ft, Gs^Ft, Xos, Xos, Xos, Xos, Rr, Xos, Ch, Rr, Rr, Rr, Ur, Ur, Ur, Ur, Ur, Ur, Ur, Ur, Xoc, Ur, Xoc, Xoc, Xoc, _off^_usr, _off^_usr, _off^_usr, _off^_usr
_off^_usr, Xoc, Urb, Urb, Urb, Xoc, Ur, Ur, Ur, Ur, Xoc, Ur, Rr, Rr, Rr, Rr, Rr, Rr, Xos, Xos, Xos, Xos, Xos, Xos, Gs^Ft, Gs^Ft, Gs^Ft, Gs^Ft, Gs^Ft, Gs^Ft, Gs^Ft, Gs^Ft, Gs^Ft, Gs^Ft, Gs^Ft, Gs^Ft, Gs^Ft, Gs^Ft, Gs^Ft, Gs^Ft, Gs^Ft, Gs^Ft, Gs^Ft, Gs^Ft, Gs^Ft, Gs^Ft, Gs^Ft, Gs^Ft, Gs^Ft, Gs^Ft, Gs^Ft, Gs^Ft, Gs^Ft, Gs^Ft, Gs^Ft, Xos, Xos, Xos, Xos, Xos, Xos, Rr, Rr, Rr, Rr, Rr, Rr, Xoc, Xoc, Ur, Ur, Ur, Ur, Xoc, Ur, Ur, Ur, Xoc, _off^_usr, _off^_usr, _off^_usr, _off^_usr
_off^_usr, Xoc, Urb, Urb, Urb, Xoc^Efs, Ur, Ur, Xoc, Xoc, Rr, Rr, Rr, Rr, Rr, Rr, Xoc^Efs, Xos, Xos, Xos, Urb, Urb, Xos, Xos, Gs^Ft, Gs^Ft, Gs^Ft, Gs^Ft, Gs^Ft, Gs^Ft, Gs^Ft, Gs^Ft, Gs^Ft, Gs^Ft, Gs^Ft, Gs^Ft, Gs^Ft, Gs^Ft, Gs^Ft, Gs^Ft, Gs^Ft, Gs^Ft, Gs^Ft, Gs^Ft, Gs^Ft, Gs^Ft, Gs^Ft, Gs^Ft, Gs^Ft, Gs^Ft, Gs^Ft, Gs^Ft, Gs^Ft, Gs^Ft, Gs^Ft, Xos, Xos, Ur, Ur, Xos, Xos, Xos, Xoc^Efs, Rr, Rr, Rr, Rr, Rr, Rr, Xoc, Xoc, Ur, Ur, Xoc^Efs, Ur, Ur, Ur, Xoc, _off^_usr, _off^_usr, _off^_usr, _off^_usr
_off^_usr, Xoc, Urb, Urb, Urb, Ur, Xoc, Xoc, Rr, Rr, Rr, Rr, Rr, Rr, Ur, Ur, Ur, Ur, Ur, Ur, Ur, Urb, Xos, Xos, Xos, Gs^Ft, Xos, Gs^Ft, Xos, Gs^Ft, Xos, Gs^Ft, Xos, Gs^Ft, Xos, Gs^Ft, Xos, Gs^Ft, Xos, Gs^Ft, Xos, Gs^Ft, Xos, Gs^Ft, Xos, Gs^Ft, Xos, Gs^Ft, Xos, Gs^Ft, Xos, Gs^Ft, Xos, Gs^Ft, Xos, Xos, Xos, Ur, Ur, Ur, Ur, Ur, Ur, Ur, Ur, Rr, Rr, Rr, Rr, Rr, Rr, Xoc, Xoc, Ur, Ur, Ur, Ur, Xoc, _off^_usr, _off^_usr, _off^_usr, _off^_usr
_off^_usr, Xoc, Urb, Urb, Xoc, Xoc, Rr, Rr, Rr, Rr, Rr, Rr, Xos, Xos, Ur, Ur, Ur, Ur, Ur, Ur, Ur, Ur, Ur, Xos, Xos, Xos, Xos, Xos, Xos, Xos, Xos, Xos, Xos, Xos, Xos, Xos, Xos, Xos, Xos, Xos, Xos, Xos, Xos, Xos, Xos, Xos, Xos, Xos, Xos, Xos, Xos, Xos, Xos, Xos, Xos, Xos, Ur, Ur, Ur, Ur, Ur, Ur, Ur, Ur, Ur, Xos, Xos, Rr, Rr, Rr, Rr, Rr, Rr, Xoc, Xoc, Ur, Ur, Xoc, _off^_usr, _off^_usr, _off^_usr, _off^_usr
_off^_usr, Xoc, Xoc, Xoc, Urb, Xoc, Xoc, Rr, Rr, Rr, Xos, Xos, Ur, Ur, Ur, Ur, Ur, Ur, Xos, Xos, Ur, Ur, Ur, Ur, Ur, Xos, Urb, Xos, Urb, Xos, Urb, Xos, Urb, Xos, Urb, Xos, Urb, Xos, Urb, Xos, Urb, Xos, Urb, Xos, Urb, Xos, Urb, Xos, Urb, Xos, Urb, Xos, Urb, Xos, Ur, Ur, Ur, Ur, Ur, Xos, Xos, Ur, Ur, Ur, Ur, Ur, Ur, Xos, Xos, Rr, Rr, Rr, Xoc, Xoc, Urb, Xoc, Xoc, Xoc, _off^_usr, _off^_usr, _off^_usr, _off^_usr
_off^_usr, Xoc, Cud, Urb, Urb, Urb, Urb, Urc, Xos, Xos, Ur, Ur, Ur, Ur, Ur, Ur, Xos, Xos, Urb, Xos, Ur, Ur, Ur, Ur, Ur, Xos, Urb, Urb, Urb, Urb, Urb, Urb, Urb, Xos, Urb, Urb, Urb, Urb, Urb, Xos, Urb, Urb, Urb, Urb, Urb, Xos, Urb, Urb, Urb, Urb, Urb, Urb, Urb, Xos, Ur, Ur, Ur, Ur, Ur, Xos, Urb, Xos, Xos, Ur, Ur, Ur, Ur, Ur, Ur, Xos, Xos, Urc, Urb, Urb, Urb, Urb, Cud, Xoc, _off^_usr, _off^_usr, _off^_usr, _off^_usr
_off^_usr, Xoc, Cud, Cud, Cud, Urb, Urb, Urb, Urb, Xos, Ur, Ur, Ur, Ur, Ur, Xos, Urb, Urb, Urb, Xos, Ur, Ur, Ur, Ur, Ur, Xos, Xoc^Efs, Urb, Ur, Urb, Ur, Urb, Xoc^Efs, Xos, Ur, Urb, Ur, Urb, Ur, Xos, Ur, Urb, Ur, Urb, Ur, Xos, Xoc^Efs, Urb, Ur, Urb, Ur, Urb, Xoc^Efs, Xos, Ur, Ur, Ur, Ur, Ur, Xos, Urb, Urb, Urb, Xos, Ur, Ur, Ur, Ur, Ur, Xos, Urb, Urb, Urb, Urb, Cud, Cud, Cud, Xoc, _off^_usr, _off^_usr, _off^_usr, _off^_usr
_off^_usr, Xoc, 7 Kud, Cud, Cud, Urb, Urb, Urb, Urb, Xos, Ur, Ur, Ur, Ur, Ur, Ur, Ur, Urb, Urb, Xos, Ur, Ur, Ur, Ur, Ur, Ur, Ur, Ur, Ur, Ur, Ur, Ur, Ur, Ur, Ur, Ur, Ur, Ur, Ur, Xos, Ur, Ur, Ur, Ur, Ur, Ur, Ur, Ur, Ur, Ur, Ur, Ur, Ur, Ur, Ur, Ur, Ur, Ur, Ur, Xos, Urb, Urb, Ur, Ur, Ur, Ur, Ur, Ur, Ur, Xos, Urb, Urb, Urb, Urb, Cud, Cud, 6 Kud, Xoc, _off^_usr, _off^_usr, _off^_usr, _off^_usr
_off^_usr, Xoc, Cud, Cud, Cud, Urb, Urb, Urb, Urb, Xos, Ur, Ur, Ur, Ur, Ur, Ur, Ur, Ur, Ur, Xoc^Efs, Ur, Ur, Ur, Ur, Ur, Ur, Xos, Ur, Ur, Ur, Ur, Ur, Xos, Ur, Ur, Ur, Ur, Ur, Ur, Xos, Ur, Ur, Ur, Ur, Ur, Ur, Xos, Ur, Ur, Ur, Ur, Ur, Xos, Ur, Ur, Ur, Ur, Ur, Ur, Xoc^Efs, Ur, Ur, Ur, Ur, Ur, Ur, Ur, Ur, Ur, Xos, Urb, Urb, Urb, Urb, Cud, Cud, Cud, Xoc, _off^_usr, _off^_usr, _off^_usr, _off^_usr
_off^_usr, Xoc, Cud, Cud, Urb, Urb, Urb, Urb, Xos, Xos, Ur, Ur, Ur, Ur, Ur, Ur, Ur, Ur, Ur, Ur, Ur, Ur, Ur, Ur, Ur, Xos, Urb, Ur, Urb, Ur, Urb, Ur, Urb, Xos, Urb, Urb, Urb, Urb, Urb, Xos, Urb, Urb, Urb, Urb, Urb, Xos, Urb, Urb, Urb, Urb, Urb, Urb, Urb, Xos, Ur, Ur, Ur, Ur, Ur, Ur, Ur, Ur, Ur, Ur, Ur, Ur, Xos, Ur, Ur, Xos, Xos, Urb, Urb, Urb, Urb, Cud, Cud, Xoc, _off^_usr, _off^_usr, _off^_usr, _off^_usr
_off^_usr, Xoc, Urb, Urb, Urb, Urb, Xos, Xos, Ur, Ur, Ur, Ur, Ur, Xos, Xos, Ur, Ur, Ur, Ur, Ur, Ur, Ur, Ur, Ur, Ur, Xos, Urb, Urb, Urb, Urb, Urb, Urb, Urb, Xos, Urb, Urb, Urb, Urb, Urb, Xos, Urb, Urb, Urb, Urb, Urb, Xos, Urb, Urb, Urb, Urb, Urb, Urb, Urb, Xos, Ur, Ur, Ur, Ur, Ur, Ur, Ur, Ur, Ur, Ur, Xos, Xos, Ur, Ur, Ur, Ur, Ur, Xos, Xos, Urb, Urb, Urb, Urb, Xoc, _off^_usr, _off^_usr, _off^_usr, _off^_usr
_off^_usr, Xoc, Xoc, Urb, Urc, Xos, Ur, Ur, Ur, Ur, Ur, Ur, Ur, Ur, Ur, Xos, Xos, Ur, Ur, Ur, Ur, Ur, Ur, Ur, Ur, Xos, Urb, Urb, Urb, Urb, Urb, Urb, Urb, Xos, Urb, Urb, Urb, Urb, Urb, Xos, Urb, Urb, Urb, Urb, Urb, Xos, Urb, Urb, Urb, Urb, Urb, Urb, Urb, Xos, Ur, Ur, Ur, Ur, Ur, Ur, Ur, Ur, Xos, Xos, Ur, Ur, Ur, Ur, Ur, Ur, Ur, Ur, Ur, Xos, Urc, Urb, Xoc, Xoc, _off^_usr, _off^_usr, _off^_usr, _off^_usr
_off^_usr, Xoc, Xoc, Xoc, Ur, Ur, Ur, Ur, Ur, Ur, Ur, Ur, Ur, Ur, Ur, Ur, Ur, Xos, Xos, Ur, Ur, Ur, Ur, Ur, Ur, Xos, Urb, Urb, Urb, Urb, Urb, Urb, Urb, Xos, Urb, Urb, Urb, Urb, Urb, Xos, Urb, Urb, Urb, Urb, Urb, Xos, Urb, Urb, Urb, Urb, Urb, Urb, Urb, Xos, Ur, Ur, Ur, Ur, Ur, Ur, Ur, Xos, Ur, Ur, Ur, Ur, Ur, Ur, Ur, Ur, Ur, Ur, Ur, Ur, Ur, Xoc, Xoc, Xoc, _off^_usr, _off^_usr, _off^_usr, _off^_usr
_off^_usr, Xoc, Ur, Ur, Ur, Ur, Ur, Ur, Ur, Ur, Ur, Ur, Ur, Ur, Ur, Ur, Ur, Ur, Ur, Ur, Ur, Ur, Ur, Ur, Ur, Xos, Urb, Urb, Urb, Urb, Urb, Urb, Urb, Xos, Urb, Urb, Urb, Urb, Urb, Xos, Urb, Urb, Urb, Urb, Urb, Xos, Urb, Urb, Urb, Urb, Urb, Urb, Urb, Xos, Ur, Ur, Ur, Ur, Ur, Ur, Ur, Ur, Ur, Ur, Ur, Ur, Ur, Ur, Ur, Ur, Ur, Ur, Ur, Ur, Ur, Ur, Ur, Xoc, _off^_usr, _off^_usr, _off^_usr, _off^_usr
_off^_usr, Xoc, Ur, Ur, Ur, Ur, Ur, Ur, Ur, Ur, Ur, Ur, Ur, Ur, Ur, Ur, Ur, Ur, Ur, Ur, Ur, Ur, Ur, Ur, Ur, Xos, Urb, Urb, Rrc, Urb, Rrc, Urb, Urb, Xos, Urb, Urb, Urb, Urb, Xos, Xos, Xos, Urb, Urb, Urb, Urb, Xos, Urb, Urb, Urb, Urb, Urb, Urb, Urb, Xos, Ur, Ur, Ur, Ur, Ur, Ur, Ur, Ur, Ur, Ur, Ur, Ur, Ur, Ur, Ur, Ur, Ur, Ur, Ur, Ur, Ur, Ur, Ur, Xoc, _off^_usr, _off^_usr, _off^_usr, _off^_usr
