border_size=1
usage=map

Qxu         , Qxu         , Qxu         , Qxu         , Qxu         , Qxu         , Qxu         , Qxu         , Qxu         , Qxu         , Qxu         , Qxu         , Qxu         , Qxu         , Qxu         , Qxu         , Qxu         , Qxu         , Qxu         , Qxu         , Qxu         , Qxu         , Qxu         , Qxu         , Qxu         , Qxu         , Qxu         , Qxu         , Qxu         , Qxu         , Qxu         , Qxu         , Qxu         , Qxu         , Qxu         , Qxu         , Qxu         , Qxu         , Qxu         , Qxu         , Qxu         
Qxu         , Qxu         , Qxu         , Qxu         , Qxu         , Qxu         , Qxu         , Qxu         , Qxu         , Qxu         , Qxu         , Qxu         , Qxu         , Qxu         , Qxu         , Qxu         , Qxu         , Qxu         , Qxu         , Qxu         , Qxu         , Qxu         , Qxu         , Qxu         , Qxu         , Qxu         , Qxu         , Qxu         , Qxu         , Qxu         , Qxu         , Qxu         , Qxu         , Qxu         , Qxu         , Qxu         , Qxu         , Qxu         , Qxu         , Qxu         , Qxu         
Qxu         , Qxu         , Xu          , Xu          , Xu          , Xu          , Xu          , Xu          , Xu          , Xu          , Xu          , Xu          , Xu          , Xu          , Xu          , Xu          , Xu          , Xu          , Xu          , Xu          , Xu          , Xu          , Xu          , Xu          , Xu          , Xu          , Xu          , Xu          , Xu          , Xu          , Xu          , Xu          , Xu          , Xu          , Xu          , Xu          , Xu          , Xu          , Xu          , Qxu         , Qxu         
Qxu         , Qxu         , Xu          , Xu          , Cud         , Cud         , Cud         , Cud         , Cud         , Gs          , Gs          , Mm          , Mm          , Xu          , Xu          , Xu          , Gs          , Gs          , Xu          , Gs          , Gs          , Gs          , Gs          , Gs^Ft       , Hh          , Mm          , Hh          , Gs^Ft       , Xu          , Mm          , Hh          , Gs          , Gs^Ft       , Gs^Ft       , Xu          , Cud         , Cud         , Xu          , Xu          , Qxu         , Qxu         
Qxu         , Qxu         , Xu          , Cud         , Cud         , 8 Kud       , Cud         , Cud         , Xu          , Gs          , Gs          , Hh          , Gs          , Hh          , Gs          , Gs          , Gs          , Gs          , Gs          , Xu          , Xu          , Gs          , Xu          , Gs          , Gs^Ft       , Hh          , Gs^Ft       , Gs          , Xu          , Hh          , Gs          , Gs          , Gs          , Gs^Ft       , Cud         , Cud         , 7 Kud       , Cud         , Xu          , Qxu         , Qxu         
Qxu         , Qxu         , Xu          , Cud         , Cud         , Cud         , Cud         , Xu          , Gs^Ft       , Gs^Ft       , Gs          , Gs          , Gs          , Gs          , Xu          , Gs^Ft       , Gs          , Gs          , Gs          , Hh          , Hh          , Gs          , Xu          , Gs          , Gs          , Gs          , Gs          , Gs          , Gs          , Xu          , Gs          , Gs          , Gs          , Cud         , Cud         , Cud         , Cud         , Cud         , Xu          , Qxu         , Qxu         
Qxu         , Qxu         , Xu          , Cud         , Xu          , Cud         , Cud         , Xu          , Gs          , Gs          , Gs          , Gs^Ft       , Gs^Ft       , Gs          , Xu          , Gs^Ft       , Gs          , Xu          , Gs^Ft       , Gs          , Gs          , Gs          , Gs          , Xu          , Gs          , Gs^Ft       , Gs          , Hh          , Hh          , Gs          , Gs          , Gs          , Xu          , Xu          , Cud         , Cud         , Cud         , Cud         , Xu          , Qxu         , Qxu         
Qxu         , Qxu         , Xu          , Xu          , Gs^Ft       , Xu          , Xu          , Gs          , Mm          , Gs          , Xu          , Xu          , Gs          , Gs          , Gs          , Gs^Ft       , Gs          , Xu          , Xu          , Gs^Ft       , Gs^Ft       , Gs          , Xu          , Xu          , Gs          , Gs          , Gs          , Hh          , Gs          , Gs          , Gs^Ft       , Gs^Ft       , Xu          , Gs^Ft       , Gs          , Cud         , Cud         , Cud         , Xu          , Qxu         , Qxu         
Qxu         , Qxu         , Xu          , Gs          , Gs          , Gs          , Gs^Ft       , Xu          , Ss          , Hh          , Xu          , Gs          , Gs          , Gs^Ft       , Gs^Ft       , Gs          , Gs          , Gs          , Gs          , Xu          , Gs^Ft       , Gs          , Xu          , Gs          , Gs          , Gs^Ft       , Xu          , Gs          , Gs          , Gs          , Gs^Ft       , Gs^Ft       , Xu          , Gs^Ft       , Gs          , Gs          , Xu          , Xu          , Xu          , Qxu         , Qxu         
Qxu         , Qxu         , Xu          , Gs          , Xu          , Gs          , Gs^Ft       , Xu          , Ss          , Ss          , Mm          , Hh          , Gs          , Xu          , Xu          , Gs^Ft       , Gs          , Gs          , Xu          , Xu          , Hh          , Gs          , Gs          , Gs          , Gs          , Hh          , Mm          , Xu          , Xu          , Gs          , Xu          , Xu          , Gs          , Xu          , Gs          , Gs^Ft       , Xu          , Chs         , Xu          , Qxu         , Qxu         
Qxu         , Qxu         , Xu          , Xu          , Gs          , Gs          , Xu          , Xu          , Ss          , Ss          , Mm          , Hh          , Chr         , Gs          , Gs          , Gs^Ft       , Gs          , Gs          , Hh          , Mm          , Hh          , Gs          , Gs          , Gs          , Gs          , Gs^Ft       , Hh          , Mm          , Hh          , Gs^Ft       , Gs          , Gs          , Gs^Ft       , Gs          , Gs          , Gs^Ft       , Xu          , Ss          , Xu          , Qxu         , Qxu         
Qxu         , Qxu         , Xu          , Gs^Ft       , Gs          , Xu          , Chs         , Chs         , Ss          , Ss          , Xu          , Hh          , Hh          , Hh          , Hh          , Gs          , Gs          , Gs          , Gs          , Hh          , Gs^Ft       , Gs          , Xu          , Gs          , Gs          , Gs          , Gs          , Gs^Ft       , Gs          , Gs          , Gs          , Gs^Ft       , Gs^Ft       , Xu          , Hh          , Ss          , Ss          , Ss          , Xu          , Qxu         , Qxu         
Qxu         , Qxu         , Xu          , Gs          , Hh          , Xu          , Xu          , Chs         , Ss          , Ss          , Ss          , Xu          , Xu          , Mm          , Xu          , Xu          , Uu          , Xu          , Gs^Ft       , Gs          , Gs          , Gs          , Gs^Ft       , Xu          , Xu          , Xu          , Gs          , Gs          , Gs          , Gs^Ft       , Gs^Ft       , Gs^Ft       , Xu          , Xu          , Mm          , Hh          , Ss          , Ss          , Xu          , Qxu         , Qxu         
Qxu         , Qxu         , Xu          , Gs          , Gs          , Mm          , Xu          , Ss          , Ss          , Ss          , Ss          , Ss          , Xu          , Xu          , Uh          , Uh          , Uu          , Xu          , Xu          , Gs^Ft       , Xu          , Gs          , Gs          , Gs^Ft       , Xu          , Gs^Ft       , Gs          , Gs          , Gs          , Gs^Ft       , Xu          , Xu          , Mm          , Xu          , Xu          , Hh          , Ss          , Ss          , Xu          , Qxu         , Qxu         
Qxu         , Qxu         , Xu          , Gs^Ft       , Gs          , Hh          , Gs          , Xu          , Xu          , Hh          , Mm          , Hh          , Xu          , Uh          , Uu          , Uu          , Uu^Uf       , Uu          , Uu          , Xu          , Gs          , Gs          , Xu          , Xu          , Hh          , Gs          , Gs          , Gs          , Gs          , Gs          , Gs          , Hh          , Hh          , Hh          , Gs^Ft       , Xu          , Xu          , Ss          , Xu          , Qxu         , Qxu         
Qxu         , Qxu         , Xu          , Gs^Ft       , Xu          , Gs          , Gs^Ft       , Gs          , Gs^Ft       , Hh          , Gs^Ft       , Hh          , Gs^Ft       , Uu          , Uu          , Uu^Uf       , Uh          , Uu          , Gs          , Gs          , Gs          , Gs          , Hh          , Mm          , Hh          , Gs          , Xu          , Xu          , Gs          , Gs          , Gs          , Gs          , Gs          , Gs          , Gs          , Gs^Ft       , Xu          , Ss          , Xu          , Qxu         , Qxu         
Qxu         , Qxu         , Xu          , Xu          , Gs          , Xu          , Gs^Ft       , Gs          , Gs          , Gs^Ft       , Hh          , Gs^Ft       , Hh          , Xu          , Uu          , Uu^Uf       , Xu          , Xu          , Gs^Ft       , Gs          , Gs          , Gs          , Gs          , Hh          , Gs          , Gs          , Xu          , Gs^Ft       , Gs          , Gs          , Xu          , Gs^Ft       , Xu          , Xu          , Gs          , Gs^Ft       , Hh          , Xu          , Xu          , Qxu         , Qxu         
Qxu         , Qxu         , Xu          , Gs          , Gs          , Xu          , Gs          , Gs          , Xu          , Xu          , Xu          , Hh          , Mm          , Xu          , Uu          , Uh          , Xu          , Gs          , Gs          , Xu          , Xu          , Gs          , Gs          , Gs          , Gs          , Gs          , Xu          , Gs          , Gs          , Gs^Ft       , Gs          , Xu          , Gs^Ft       , Gs^Ft       , Gs          , Gs          , Ww          , Hh          , Xu          , Qxu         , Qxu         
Qxu         , Qxu         , Xu          , Xu          , Gs          , Gs          , Gs          , Gs^Ft       , Gs          , Gs          , Xu          , Mm          , Xu          , Xu          , Xu          , Xu          , Xu          , Gs          , Gs          , Gs          , Gs          , Xu          , 1 Gs        , Gs^Ft       , 2 Gs        , Gs          , Xu          , Gs^Ft       , Gs          , Gs          , Gs          , Gs          , Gs          , Gs          , Xu          , Ww          , Ww          , Ww          , Xu          , Qxu         , Qxu         
Qxu         , Qxu         , Xu          , Xu          , Gs          , Xu          , Gs^Ft       , Gs          , Gs^Ft       , Gs          , Xu          , Xu          , Gs^Ft       , Gs^Ft       , Gs          , Hh          , Hh          , Xu          , Xu          , Gs          , Gs^Ft       , Xu          , 3 Gs        , 5 Gs        , 4 Gs        , Xu          , Gs          , Xu          , Gs^Ft       , Hh          , Gs^Ft       , Gs          , Xu          , Xu          , Hh          , Xu          , Xu          , Ww          , Xu          , Qxu         , Qxu         
Qxu         , Qxu         , Xu          , Gs^Ft       , Gs          , Xu          , Gs^Ft       , Gs          , Gs^Ft       , Xu          , Gs          , Gs^Ft       , Gs          , Gs          , Xu          , Gs          , Gs          , Gs^Ft       , Gs^Ft       , Xu          , Gs          , Gs          , Gs          , Gs^Ft       , Gs          , Gs          , Gs          , Gs          , Gs^Ft       , Mm          , Hh          , Gs          , Xu          , Mm          , Gs^Ft       , Gs          , Xu          , Ww          , Xu          , Qxu         , Qxu         
Qxu         , Qxu         , Xu          , Hh          , Hh          , Xu          , Xu          , Gs          , Gs          , Xu          , Xu          , Gs          , Gs          , Xu          , Gs^Ft       , Gs          , Xu          , Gs          , Gs          , Xu          , Gs          , Gs          , Gs          , Gs          , Xu          , Gs          , Gs          , Gs          , Gs          , Hh          , Gs          , Gs          , Gs          , Gs          , Xu          , Xu          , Chw         , Chw         , Xu          , Qxu         , Qxu         
Qxu         , Qxu         , Xu          , Mm          , Mm          , Hh          , Gs          , Gs          , Gs          , Gs          , Gs          , Gs          , Hh          , Xu          , Gs          , Gs          , Xu          , Gs          , Gs          , Gs          , Gs^Ft       , Hh          , Hh          , Gs          , Xu          , Gs          , Xu          , Xu          , Gs^Ft       , Gs          , Gs          , Xu          , Gs^Ft       , Gs          , Gs          , Xu          , Xu          , Chw         , Xu          , Qxu         , Qxu         
Qxu         , Qxu         , Xu          , Hh          , Xu          , Hh          , Gs          , Gs          , Gs^Ft       , Hh          , Xu          , Gs^Ft       , Mm          , Hh          , Gs          , Gs^Ft       , Xu          , Gs^Ft       , Gs          , Gs          , Xu          , Mm          , Gs^Ft       , Gs          , Xu          , Gs          , Xu          , Gs^Ft       , Gs^Ft       , Gs          , Gs^Ft       , Xu          , Gs^Ft       , Gs          , Xu          , Xu          , Gs^Ft       , Xu          , Xu          , Qxu         , Qxu         
Qxu         , Qxu         , Xu          , Xu          , Hh          , Xu          , Xu          , Gs^Ft       , Hh          , Mm          , Xu          , Hh          , Hh          , Gs^Ft       , Gs          , Hh          , Mm          , Hh          , Gs          , Gs          , Gs          , Xu          , Xu          , Gs          , Gs          , Xu          , Gs^Ft       , Xu          , Xu          , Gs          , Gs^Ft       , Xu          , Xu          , Gs          , Gs^Ft       , Gs^Ft       , Gs^Ft       , Gs^Ft       , Xu          , Qxu         , Qxu         
Qxu         , Qxu         , Xu          , Gs^Ft       , Gs          , Gs^Ft       , Xu          , Gs^Ft       , Gs^Ft       , Xu          , Gs          , Gs          , Gs          , Gs          , Gs          , Gs^Ft       , Hh          , Gs^Ft       , Gs          , Gs          , Gs          , Gs          , Gs          , Xu          , Hh          , Gs          , Gs          , Gs^Ft       , Gs          , Gs          , Xu          , Xu          , Chs         , Xu          , Xu          , Hh          , Hh          , Gs^Ft       , Xu          , Qxu         , Qxu         
Qxu         , Qxu         , Xu          , Gs          , Xu          , Gs          , Xu          , Hh          , Gs^Ft       , Xu          , Xu          , Gs          , Xu          , Xu          , Ww          , Gs          , Gs          , Gs          , Gs^Ft       , Gs          , Gs^Ft       , Gs          , Gs          , Xu          , Mm          , Hh          , Gs          , Gs          , Ss          , Ss          , Ss          , Chs         , Chs         , Chs         , Xu          , Mm          , Gs^Ft       , Gs^Ft       , Xu          , Qxu         , Qxu         
Qxu         , Qxu         , Xu          , Gs          , Gs^Ft       , Xu          , Xu          , Mm          , Hh          , Gs^Ft       , Xu          , Xu          , Mm          , Hh          , Ww          , Ww          , Xu          , Gs^Ft       , Xu          , Xu          , Hh          , Gs          , Gs          , Hh          , Gs          , Gs          , Xu          , Xu          , Xu          , Hh          , Hh          , Ss          , Ss          , Ss          , Hh          , Mm          , Gs^Ft       , Gs^Ft       , Xu          , Qxu         , Qxu         
Qxu         , Qxu         , Xu          , Gs          , Gs          , Gs^Ft       , Gs          , Xu          , Gs          , Gs^Ft       , Ww          , Hh          , Hh          , Ww          , Ww          , Xu          , Gs^Ft       , Xu          , Mm          , Mm          , Gs^Ft       , Gs          , Gs          , Gs          , Gs^Ft       , Gs          , Gs          , Gs          , Xu          , Mm          , Hh          , Ss          , Ss          , Ss          , Ss          , Hh          , Gs^Ft       , Xu          , Xu          , Qxu         , Qxu         
Qxu         , Qxu         , Xu          , Hh          , Hh          , Gs          , Gs^Ft       , Gs          , Gs          , Gs          , Ww          , Ww          , Ww          , Ww          , Ww          , Xu          , Gs          , Hh          , Gs^Ft       , Hh          , Gs          , Gs          , Xu          , Xu          , Xu          , Hh          , Gs^Ft       , Gs          , Gs          , Xu          , Xu          , Xu          , Xu          , Xu          , Xu          , Ss          , Gs          , Hh          , Xu          , Qxu         , Qxu         
Qxu         , Qxu         , Xu          , Mm          , Xu          , Gs          , Hh          , Xu          , Gs^Ft       , Gs          , Xu          , Xu          , Xu          , Xu          , Xu          , Xu          , Gs          , Gs          , Gs          , Gs          , Gs          , Xu          , Xu          , Gs          , Gs^Ft       , Mm          , Hh          , Gs          , Gs          , Gs          , Gs          , Gs          , Hh          , Gs          , Gs          , Xu          , Gs          , Mm          , Xu          , Qxu         , Qxu         
Qxu         , Qxu         , Xu          , Xu          , Gs          , Gs          , Gs^Ft       , Xu          , Hh          , Gs          , Gs          , Gs^Ft       , Gs^Ft       , Gs^Ft       , Gs          , Hh          , Mm          , Gs          , Xu          , Gs          , Gs          , Gs          , Xu          , Gs          , Gs          , Hh          , Gs          , Gs          , Gs          , Gs          , Gs^Ft       , Gs^Ft       , Mm          , Hh          , Xu          , Xu          , Gs          , Hh          , Xu          , Qxu         , Qxu         
Qxu         , Qxu         , Xu          , Gs          , Gs          , Hh          , Xu          , Xu          , Mm          , Gs^Ft       , Gs          , Gs          , Gs          , Gs          , Gs          , Mm          , Mm          , Hh          , Xu          , Gs          , Gs          , Gs          , Gs          , Gs          , Xu          , Gs          , Gs^Ft       , Gs          , Gs          , Gs          , Hh          , Mm          , Xu          , Gs^Ft       , Gs          , Gs          , Gs^Ft       , Gs^Ft       , Xu          , Qxu         , Qxu         
Qxu         , Qxu         , Xu          , Cud         , Cud         , Xu          , 6 Kud       , Xu          , Xu          , Hh          , Gs          , Gs          , Xu          , Xu          , Xu          , Hh          , Gs^Ft       , Gs^Ft       , Gs          , Xu          , Hh          , Gs          , Hh          , Gs^Ft       , Hh          , Xu          , Gs^Ft       , Gs          , Xu          , Gs          , Gs          , Hh          , Xu          , Gs          , Gs          , Gs          , Cud         , Cud         , Xu          , Qxu         , Qxu         
Qxu         , Qxu         , Xu          , Cud         , Cud         , Cud         , Cud         , Cud         , Cud         , Gs^Ft       , Gs          , Gs          , Gs^Ft       , Gs          , Xu          , Gs          , Gs          , Gs          , Xu          , Xu          , Xu          , Gs^Ft       , Gs          , Gs          , Gs          , Xu          , Gs          , Gs          , Gs          , Xu          , Xu          , Gs          , Gs          , Gs          , Cud         , Cud         , Xu          , Cud         , Xu          , Qxu         , Qxu         
Qxu         , Qxu         , Xu          , Cud         , Cud         , Cud         , Cud         , Cud         , Cud         , Gs          , Gs          , Gs^Ft       , Hh          , Gs^Ft       , Gs          , Xu          , Gs          , Gs          , Hh          , Mm          , Hh          , Gs          , Gs          , Xu          , Gs^Ft       , Gs          , Gs          , Hh          , Gs          , Gs          , Xu          , Gs          , Cud         , Cud         , Cud         , Xu          , 9 Kud       , Cud         , Xu          , Qxu         , Qxu         
Qxu         , Qxu         , Xu          , Cud         , Cud         , Cud         , Cud         , Cud         , Cud         , Gs          , Gs^Ft       , Hh          , Mm          , Hh          , Gs^Ft       , Xu          , Gs^Ft       , Gs^Ft       , Gs^Ft       , Hh          , Gs^Ft       , Gs^Ft       , Gs^Ft       , Xu          , Gs^Ft       , Gs^Ft       , Hh          , Mm          , Hh          , Gs^Ft       , Gs^Ft       , Xu          , Cud         , Cud         , Cud         , Cud         , Cud         , Cud         , Xu          , Qxu         , Qxu         
Qxu         , Qxu         , Qxu         , Xu          , Xu          , Xu          , Xu          , Xu          , Xu          , Xu          , Xu          , Xu          , Xu          , Xu          , Xu          , Xu          , Xu          , Xu          , Xu          , Xu          , Xu          , Xu          , Xu          , Xu          , Xu          , Xu          , Xu          , Xu          , Xu          , Xu          , Xu          , Xu          , Xu          , Xu          , Xu          , Xu          , Xu          , Xu          , Qxu         , Qxu         , Qxu         
Qxu         , Qxu         , Qxu         , Qxu         , Qxu         , Qxu         , Qxu         , Qxu         , Qxu         , Qxu         , Qxu         , Qxu         , Qxu         , Qxu         , Qxu         , Qxu         , Qxu         , Qxu         , Qxu         , Qxu         , Qxu         , Qxu         , Qxu         , Qxu         , Qxu         , Qxu         , Qxu         , Qxu         , Qxu         , Qxu         , Qxu         , Qxu         , Qxu         , Qxu         , Qxu         , Qxu         , Qxu         , Qxu         , Qxu         , Qxu         , Qxu         
Qxu         , Qxu         , Qxu         , Qxu         , Qxu         , Qxu         , Qxu         , Qxu         , Qxu         , Qxu         , Qxu         , Qxu         , Qxu         , Qxu         , Qxu         , Qxu         , Qxu         , Qxu         , Qxu         , Qxu         , Qxu         , Qxu         , Qxu         , Qxu         , Qxu         , Qxu         , Qxu         , Qxu         , Qxu         , Qxu         , Qxu         , Qxu         , Qxu         , Qxu         , Qxu         , Qxu         , Qxu         , Qxu         , Qxu         , Qxu         , Qxu         
