border_size=1
usage=map

Qxu         , Qxu         , Qxu         , Qxu         , Gs^Fp       , Qxu         , Gs^Fp       , Qxu         , Qxu         , Qxu         , Gs^Fp       , Qxu         , Gs^Fp       , Qxu         , Gs^Fp       , Qxu         , Gs^Fp       , Qxu         , Qxu         , Qxu         , Gs^Fp       , Qxu         , Qxu         
Qxu         , Qxu         , Gs^Fp       , Qxu         , Gs^Fp       , Qxu         , Gs^Fp       , Qxu         , Gs^Fp       , Qxu         , Gs^Fp       , Qxu         , Gs^Fp       , Qxu         , Gs^Fp       , Qxu         , Gs^Fp       , Qxu         , Gs^Fp       , Qxu         , Gs^Fp       , Qxu         , Qxu         
Qxu         , Qxu         , Gs^Fp       , Gs^Fp       , Gs^Fp       , Gs^Fp       , Gs^Fp       , Gs^Fp       , Ce          , Gs^Fp       , Ce          , Ce          , Ce          , Gs^Fp       , Ce          , Gs^Fp       , Gs^Fp       , Gs^Fp       , Gs^Fp       , Gs^Fp       , Gs^Fp       , Gs^Fp       , Qxu         
Qxu         , Gs^Fp       , Gs^Fp       , Gs^Fp       , Gs^Fp       , Gs^Fp       , Mm          , Ce          , 8 Ke        , Ce          , Ce          , Ce          , Ce          , Ce          , 9 Ke        , Ce          , Mm          , Gs^Fp       , Gs^Fp       , Gs^Fp       , Gs^Fp       , Gs^Fp       , Qxu         
Qxu         , Qxu         , Gs^Fp       , Gs^Fp       , Gs^Fp       , Gs^Fp       , Hh          , Ce          , Ce          , Ce          , Wwf         , Ce          , Wwf         , Ce          , Ce          , Ce          , Hh          , Gs^Fp       , Gs^Fp       , Gs^Fp       , Gs^Fp       , Qxu         , Qxu         
Qxu         , Gs^Fp       , Gs^Fp       , Gs^Fp       , Gs^Fp       , Gs^Fp       , Gs^Fp       , Hh          , Hh          , Ww^Bw\      , Ww^Bw\      , Wwf         , Ww^Bw/      , Ww^Bw/      , Hh          , Hh          , Gs^Fp       , Gs^Fp       , Gs^Fp       , Gs^Fp       , Gs^Fp       , Qxu         , Qxu         
Qxu         , Qxu         , Xu          , Gs^Fp       , Xu          , Gs^Fp       , Xu          , Gs^Fp       , Xu          , Gs^Fp       , Dd          , Cud         , Dd          , Gs^Fp       , Xu          , Gs^Fp       , Xu          , Gs^Fp       , Xu          , Gs^Fp       , Xu          , Qxu         , Qxu         
Xu          , Xu          , Xu          , Xu          , Cud         , Xu          , Xu          , Xu          , Xu          , Xu          , Dd          , Cud         , Dd          , Xu          , Xu          , Xu          , Xu          , Xu          , Cud         , Xu          , Xu          , Xu          , Xu          
Xu          , Xu          , Xu          , Cud         , 6 Kud       , Cud         , Xu          , Xu          , Xu          , Xu          , Dd          , Cud         , Dd          , Xu          , Xu          , Xu          , Cud         , Cud         , 7 Kud       , Cud         , Cud         , Xu          , Xu          
Xu          , Xu          , Cud         , Cud         , Cud         , Cud         , Cud         , Xu          , Xu          , Xu          , Dd          , Cud         , Dd          , Xu          , Xu          , Xu          , Cud         , Cud         , Cud         , Cud         , Cud         , Xu          , Xu          
Xu          , Xu          , Xu          , Cud         , Cud         , Cud         , Xu          , Xu          , Xu          , Xu          , Xu          , Cud         , Xu          , Xu          , Xu          , Xu          , Xu          , Cud         , Cud         , Cud         , Xu          , Xu          , Xu          
Xu          , Xu          , Re          , Xu          , Re          , Xu          , Re          , Xu          , Re          , Xu          , Re          , Cud         , Re          , Xu          , Re          , Xu          , Re          , Xu          , Re          , Xu          , Xu          , Xu          , Xu          
Xu          , Xu          , Re          , Re          , Re          , Re          , Re          , Re          , Re          , Re          , Re          , Re          , Re          , Re          , Re          , Re          , Re          , Re          , Re          , Re          , Xu          , Xu          , Xu          
Xu          , Xu          , Cud         , Re          , Cud         , Xu          , Cud         , Re          , Cud         , Xu          , Cud         , Re          , Cud         , Xu          , Cud         , Re          , Cud         , Xu          , Cud         , Re          , Cud         , Xu          , Xu          
Xu          , Xu          , Re          , Cud         , Re          , Xu          , Re          , Cud         , Re          , Xu          , Re          , Cud         , Re          , Xu          , Re          , Cud         , Re          , Xu          , Re          , Cud         , Re          , Xu          , Xu          
Xu          , Xu          , Re          , Re          , Re          , Xu          , Re          , Re          , Re          , Xu          , Re          , Re          , Re          , Xu          , Re          , Re          , Re          , Xu          , Re          , Re          , Re          , Xu          , Xu          
Xu          , Xu          , Cud         , Cud         , Cud         , Xu          , Cud         , Cud         , Cud         , Xu          , Cud         , Cud         , Cud         , Xu          , Cud         , Cud         , Cud         , Xu          , Cud         , Cud         , Cud         , Xu          , Xu          
Xu          , Xu          , Re          , Re          , Re          , Xu          , Re          , Re          , Re          , Xu          , Re          , Re          , Re          , Xu          , Re          , Re          , Re          , Xu          , Re          , Re          , Re          , Xu          , Xu          
Xu          , Xu          , Re          , 1 Kh        , Re          , Xu          , Re          , 2 Kh        , Re          , Xu          , Re          , 3 Kh        , Re          , Xu          , Re          , 4 Kh        , Re          , Xu          , Re          , 5 Kh        , Re          , Xu          , Xu          
Xu          , Xu          , Re          , Re          , Re          , Xu          , Re          , Re          , Re          , Xu          , Re          , Re          , Re          , Xu          , Re          , Re          , Re          , Xu          , Re          , Re          , Re          , Xu          , Xu          
Xu          , Xu          , Xu          , Re          , Xu          , Xu          , Xu          , Xu          , Xu          , Xu          , Xu          , Xu          , Xu          , Xu          , Xu          , Xu          , Xu          , Xu          , Xu          , Xu          , Xu          , Xu          , Xu          
Xu          , Xu          , Xu          , Re          , Xu          , Xu          , Xu          , Xu          , Xu          , Xu          , Xu          , Xu          , Xu          , Xu          , Xu          , Xu          , Xu          , Xu          , Xu          , Xu          , Xu          , Xu          , Xu          
