border_size=1
usage=map

_off^_usr   , _off^_usr   , _off^_usr   , _off^_usr   , _off^_usr   , _off^_usr   , _off^_usr   , _off^_usr   , _off^_usr   , _off^_usr   , _off^_usr   , _off^_usr   , _off^_usr   , _off^_usr   , _off^_usr   , _off^_usr   , _off^_usr   , _off^_usr   , _off^_usr   , _off^_usr   , _off^_usr   , _off^_usr   , _off^_usr   , _off^_usr   , _off^_usr   , _off^_usr   , _off^_usr   , _off^_usr   , _off^_usr   , _off^_usr   , _off^_usr   , _off^_usr   , _off^_usr   , _off^_usr   , _off^_usr   , _off^_usr   , _off^_usr   , _off^_usr   , _off^_usr   , _off^_usr   , _off^_usr   , _off^_usr   , _off^_usr   , _off^_usr   , _off^_usr   , _off^_usr   , _off^_usr   , _off^_usr   , _off^_usr   , _off^_usr   , _off^_usr   , _off^_usr   , _off^_usr   , _off^_usr   , _off^_usr   , _off^_usr   , _off^_usr   , _off^_usr   , _off^_usr   , _off^_usr   , _off^_usr   , _off^_usr   
_off^_usr   , _off^_usr   , Mm^Xm       , _off^_usr   , Mm^Xm       , _off^_usr   , Mm^Xm       , _off^_usr   , Mm^Xm       , _off^_usr   , Mm^Xm       , _off^_usr   , Mm^Xm       , _off^_usr   , Mm^Xm       , _off^_usr   , Mm^Xm       , _off^_usr   , Mm^Xm       , _off^_usr   , Mm^Xm       , _off^_usr   , Mm^Xm       , _off^_usr   , Mm^Xm       , _off^_usr   , Mm^Xm       , _off^_usr   , Mm^Xm       , _off^_usr   , Mm^Xm       , _off^_usr   , Mm^Xm       , _off^_usr   , Mm^Xm       , _off^_usr   , Mm^Xm       , _off^_usr   , Mm^Xm       , _off^_usr   , Mm^Xm       , _off^_usr   , Mm^Xm       , _off^_usr   , Mm^Xm       , _off^_usr   , Mm^Xm       , _off^_usr   , Mm^Xm       , _off^_usr   , Mm^Xm       , _off^_usr   , Mm^Xm       , _off^_usr   , Mm^Xm       , _off^_usr   , Mm^Xm       , _off^_usr   , Mm^Xm       , _off^_usr   , _off^_usr   , _off^_usr   
_off^_usr   , Mm^Xm       , 9 Kud       , Mm^Xm       , Cud         , Mm^Xm       , Cud         , Mm^Xm       , Cud         , Mm^Xm       , Cud         , Mm^Xm       , Uh          , Mm^Xm       , Ur          , Mm^Xm       , Mm^Xm       , Mm^Xm       , Ur          , Mm^Xm       , Ur          , Mm^Xm       , Uh          , Mm^Xm       , Hh          , Mm^Xm       , Hh          , Mm^Xm       , Hh          , Mm^Xm       , Hh          , Mm^Xm       , Hh^Fp       , Mm^Xm       , Hh^Fdf      , Mm^Xm       , Hh^Fmw      , Mm^Xm       , Mm^Xm       , Mm^Xm       , Uu          , Mm^Xm       , Uh          , Mm^Xm       , Uh          , Mm^Xm       , Uh          , Mm^Xm       , Uh          , Mm^Xm       , Cud         , Mm^Xm       , Cud         , Mm^Xm       , Cud         , Mm^Xm       , Cud         , Mm^Xm       , 7 Kud       , Mm^Xm       , _off^_usr   , _off^_usr   
_off^_usr   , Mm^Xm       , Cud         , Cud         , Cud         , Cud         , Cud         , Cud         , Ur          , Cud         , Qxu         , Mm^Xm       , Ur          , Ur          , Mm^Xm       , Ur          , Ur          , Ur          , Mm^Xm       , Ur          , Mm^Xm       , Ur          , Mm^Xm       , Mm^Xm       , Re          , Hh          , Rp          , Re^Gvs      , Mm^Xm       , Mm^Xm       , Hh          , Hh^Fmw      , Gg          , Hh          , Gs^Fdf      , Hh^Fdw      , Hh          , Mm^Xm       , Uh          , Uh          , Ur          , Uu^Uf       , Uu^Uf       , Uh          , Qxu         , Qxu         , Uu^Uf       , Uu^Uf       , Uu          , Uh          , Ur          , Cud         , Uu^Uf       , Cud         , Cud         , Cud         , Cud         , Cud         , Cud         , Mm^Xm       , _off^_usr   , _off^_usr   
_off^_usr   , Mm^Xm       , Cud         , Cud         , Cud         , Cud         , Ur          , Cud         , Qxu         , Qxu^Bs\     , Ur          , Ur          , Uh          , Mm^Xm       , Uh          , Ur          , Mm^Xm       , Ur          , Ur          , Mm^Xm       , Uh          , Mm^Xm       , Uh          , Uh          , Rp          , Rp          , Mm^Xm       , Chr         , Rp          , Mm^Xm       , Hh          , Gs^Fmw      , Gs          , Gs          , Gs          , Gs^Fds      , Hh^Fp       , Mm^Xm       , Cud         , Ur          , Mm^Xm       , Ur          , Ur          , Uu          , Uh          , Uh          , Ur          , Ur          , Ur          , Uu          , Ur          , Uu          , Ur          , Cud         , Uh          , Cud         , Cud         , Cud         , Cud         , Mm^Xm       , _off^_usr   , _off^_usr   
_off^_usr   , Mm^Xm       , Cud         , Cud         , Ur          , Cud         , Qxu         , Ur          , Qxu^Bs\     , Qxu         , Ur          , Qxu         , Qxu         , Mm^Xm       , Mm^Xm       , Mm^Xm       , Uh          , Uh          , Rp          , Rp          , Rp          , Uh          , Rp          , Rp          , Mm^Xm       , Mm^Xm       , Hh          , Mm^Xm       , Hh          , Rp          , Rp          , Gg          , Rp          , Rr          , Gg          , Gg          , Hh          , Mm^Xm       , Re^Gvs      , Mm^Xm       , Hh^Fmw      , Mm^Xm       , Uh          , Ur          , Ur          , Ur          , Uu          , Uu          , Uu          , Ur          , Uh          , Ur          , Ur          , Uu          , Ur          , Cud         , Uh          , Cud         , Cud         , Mm^Xm       , _off^_usr   , _off^_usr   
_off^_usr   , Mm^Xm       , Cud         , Cud         , Qxu         , Ur          , Qxu^Bs\     , Qxu         , Qxu^Bs/     , Ur          , Qxu         , Ur          , Qxu^Bs\     , Qxu         , Qxu         , Uh          , Rp          , Rp          , Uh          , Uh          , Uh          , Rp          , Rp          , Ur^Fmw      , Mm^Xm       , Hh^Fdf      , Hh          , Hh^Fmw      , Re^Gvs      , Gs          , Gs^Fmw      , Rp          , Gs          , Gg          , Gs^Fmw      , Gs          , Gg          , Hh^Fmw      , Rp          , Hh          , Hh          , Mm^Xm       , Uh          , Uh          , Ur          , Uu^Uf       , Uh          , Qlf         , Uh          , Uu          , Mm^Xm       , Uh          , Uu          , Ur          , Ur          , Uu^Uf       , Uh          , Cud         , Cud         , Mm^Xm       , _off^_usr   , _off^_usr   
_off^_usr   , Mm^Xm       , Cud         , Ur          , Qxu^Bs\     , Qxu         , Ur          , Ur          , Qxu         , Qxu         , Ur          , Qxu         , Qxu         , Chr         , Qxu         , Ur          , Rp          , Uh          , Ur          , Ur^Fdf      , Uh          , Uh          , Rp          , Uh          , Uh          , Mm^Xm       , Hh^Fmw      , Gs          , Gg          , Gs^Fmf      , Gs          , Rp          , Gs^Fdw      , Gs          , Re^Gvs      , Gs          , Gs          , Gs^Fp       , Rp          , Hh^Fp       , Mm^Xm       , Mm^Xm       , Ur          , Ur          , Mm^Xm       , Mm^Xm       , Mm^Xm       , Uh          , Mm^Xm       , Mm^Xm       , Hh^Fmw      , Mm^Xm       , Uu          , Uh          , Ur          , Uh          , Ql          , Uh          , Cud         , Mm^Xm       , _off^_usr   , _off^_usr   
_off^_usr   , Mm^Xm       , Ur          , Qxu         , Qxu         , Ur          , Ur          , Qxu         , Ur          , Qxu^Bs/     , Qxu         , Qxu^Bs\     , Ur          , Qxu         , Ur          , Ur          , Rp          , Uh          , Ur^Fdw      , Uh          , Uh          , Rp          , Uh          , Uh          , Mm^Xm       , Mm^Xm       , Hh^Fdw      , Re          , Gs^Fmw      , Re^Gvs      , Rd          , Rp          , Rp          , Re^Gvs      , Re^Dr       , Re^Gvs      , Rp          , Rp          , Re          , Hh          , Mm^Xm       , Qxu         , Uh          , Mm^Xm       , Hh          , Hh^Fp       , Mm^Xm       , Uh          , Mm^Xm       , Hh          , Hh          , Mm^Xm       , Uh          , Uu^Uf       , Ur          , Uh          , Uh          , Ur          , Uu^Uf       , Mm^Xm       , _off^_usr   , _off^_usr   
_off^_usr   , Mm^Xm       , Ur          , Chr         , Qxu         , Qxu         , Qxu         , Ur          , Qxu^Bs\     , Qxu         , Qxu         , Qxu         , Ur          , Ur          , Rp          , Rp          , Uh          , Uh          , Uh          , Ur          , Rp          , Rp          , Uh          , Mm^Xm       , Hh^Fp       , Ko          , Co          , Rd          , Gs          , Gs^Dr       , Re          , Re          , Rd          , Rp          , Rp          , Gs^Fmf      , Rp          , Re^Dr       , Gs          , Hh^Fdf      , Ko          , Mm^Xm       , Mm^Xm       , Mm^Xm       , Hh^Fp       , Hh          , Hh          , Mm^Xm       , Hh^Fdw      , Hh^Fdf      , Mm^Xm       , Mm^Xm       , Ur          , Ur          , Uh          , Ur          , Ur          , Ur          , Uh          , Mm^Xm       , _off^_usr   , _off^_usr   
_off^_usr   , Mm^Xm       , Ur          , Mm^Xm       , Mm^Xm       , Uh          , Uh          , Qxu         , Qxu         , Chr         , Qxu         , Uh          , Ur          , Ur^Fmf      , Uh          , Rp          , Rp          , Rp          , Rp          , Rp          , Uh          , Uh          , Gs^Fmf      , Mm^Xm       , Hh          , Re^Gvs      , Rd          , Co          , Co          , Re          , Co          , Ko          , Co          , Gs          , Re          , Rp          , Re          , Re          , Co          , Co          , Re          , Hh          , Hh^Fmw      , Hh          , Re^Gvs      , Gg          , Gs          , Hh^Fmw      , Gg          , Hh          , Rp          , Cud         , Mm^Xm       , Uh          , Mm^Xm       , Qxu         , Qxu         , Ur          , Qxu         , Mm^Xm       , _off^_usr   , _off^_usr   
_off^_usr   , Mm^Xm       , Ur          , Ur          , Ur          , Mm^Xm       , Mm^Xm       , Uh          , Qxu         , Qxu         , Ur          , Ur^Fdw      , Ur          , Uh          , Uh          , Ur^Fdw      , Rp          , Ur^Fmw      , Uh          , Uh          , Mm^Xm       , Mm^Xm       , Mm^Xm       , Mm^Xm       , Hh          , Re          , Chr         , Re          , Re^Gvs      , Ko          , Re          , Re          , Rd          , Co          , Ko          , Rp          , Ko          , Co          , Re          , Rd          , Gs^Dr       , Re          , Rd          , Gg          , Re          , Gs^Fmf      , Gs^Fms      , Gs          , Rp          , Rp          , Gg          , Hh^Fp       , Hh          , Mm^Xm       , Hh^Fmw      , Mm^Xm       , Qxu         , Qxu^Bs|     , Qxu         , Mm^Xm       , _off^_usr   , _off^_usr   
_off^_usr   , Mm^Xm       , Ur          , Mm^Xm       , Mm^Xm       , Uh          , Mm^Xm       , Mm^Xm       , Uh          , Ur          , Ur^Fdw      , Ur^Fmw      , Uh          , Uh          , Ur          , Ur          , Rp          , Ur^Fdw      , Uh          , Mm^Xm       , Hh^Fp       , Hh^Fmw      , Hh          , Hh^Fdf      , Rd          , Re^Dr       , Gs^Dr       , Gs^Fdf      , Re          , Re^Gvs      , Re          , Gs^Dr       , Re^Gvs      , Re          , Rp          , Rp          , Rp          , Rd          , Re          , Chr         , Re^Dr       , Gs^Fmw      , Re^Gvs      , Re          , Rd          , Re^Gvs      , Rp          , Rp          , Gs^Fmw      , Re^Gvs      , Gg          , Gg          , Hh^Fp       , Hh          , Hh^Fp       , Mm^Xm       , Uh          , Qxu^Bs|     , Uu          , Mm^Xm       , _off^_usr   , _off^_usr   
_off^_usr   , Mm^Xm       , Ur          , Mm^Xm       , Uh          , Mm^Xm       , Uh          , Uh          , Ur^Fdw      , Ur          , Qxu         , Ur          , Rp          , Rp          , Rp          , Rp          , Ur^Fdw      , Ur          , Uh          , Mm^Xm       , Mm^Xm       , Hh          , Re^Gvs      , Re          , Gs^Fmw      , Re^Gvs      , Re          , Re          , Rp          , Rp          , Rp          , Re^Dr       , Rp          , Rp          , Re          , Re^Gvs      , Re          , Rp          , Rp          , Re^Gvs      , Re          , Rd          , Rp          , Rp          , Rp          , Rp          , Gg          , Re^Gvs      , Hh          , Hh          , Gg          , Hh          , Mm^Xm       , Mm^Xm       , Mm^Xm       , Mm^Xm       , Uu^Uf       , Ur          , Uh          , Mm^Xm       , _off^_usr   , _off^_usr   
_off^_usr   , Mm^Xm       , Ur          , Ur          , Mm^Xm       , Mm^Xm       , Uh          , Ur^Fdw      , Qxu         , Qxu         , Wwf         , Qxu^Bs/     , Qxu         , Ur^Fdw      , Rp          , Ur          , Ur^Fdf      , Ur^Fdw      , Ur^Fdw      , Uh          , Mm^Xm       , Hh^Fmw      , Gs^Dr       , Gs^Fp       , Gs^Fdw      , Gs^Fds      , Re          , Rp          , Re^Dr       , Gs^Fmf      , Chr         , Rp          , Gs^Fdw      , Rd          , Gs          , Gs          , Re^Dr       , Re          , Re^Gvs      , Rp          , Rp          , Rp          , Re          , Re          , Re          , Rp          , Rp          , Gg          , Gs          , Gs          , Hh^Fdw      , Hh^Fmw      , Mm^Xm       , Qxu         , Uu          , Uu          , Ur          , Ur          , Uh          , Mm^Xm       , _off^_usr   , _off^_usr   
_off^_usr   , Mm^Xm       , Ur          , Mm^Xm       , Uh          , Uh          , Ur          , Ur          , Qxu         , Re^Uf       , Re^Uf       , Re^Uf       , Qxu         , Ur          , Rp          , Ur^Fdw      , Ur          , Ur          , Uh          , Uh          , Mm^Xm       , Hh^Fdw      , Rd          , Re^Gvs      , Gs^Fmw      , Gs^Fmf      , Gs          , Rp          , Re^Gvs      , Chr         , 6 Khr       , Chr         , Chr         , Chr^Dr      , Re          , Re^Gvs      , Re^Dr       , Gs^Fdw      , Gs          , Re^Gvs      , Rd^Dr       , Re          , Chr         , Re^Gvs      , Re^Dr       , Gs^Fdf      , Rp          , Re^Gvs      , Gs          , Gg          , Hh          , Mm^Xm       , Uh          , Uu^Uf       , Ur          , Ur          , Uh          , Ur          , Uu          , Mm^Xm       , _off^_usr   , _off^_usr   
_off^_usr   , Mm^Xm       , Ur          , Mm^Xm       , Mm^Xm       , Uh          , Ur^Fdw      , Ur          , Ur          , Qxu         , Qxu         , Qxu         , Rp          , Rp          , Hh          , Ur^Fdw      , Uh          , Uh          , Mm^Xm       , Mm^Xm       , Hh          , Hh          , Gs          , Chr         , Re^Gvs      , Re^Gvs      , Rp          , Rp          , Re^Dr       , Chr         , Chr         , Chr         , Gs^Fmw      , Chr         , Re          , Rd^Dr       , Re^Gvs      , Chr         , Gs          , Re          , Re^Dr       , Rd^Dr       , Chr         , Chr         , Gg          , Re^Gvs      , Rp          , Gg          , Gs^Fmw      , Gg          , Hh^Fdf      , Mm^Xm       , Mm^Xm       , Uu          , Qxu^Bs|     , Uu          , Qxu         , Ur          , Uu^Uf       , Mm^Xm       , _off^_usr   , _off^_usr   
_off^_usr   , Mm^Xm       , Mm^Xm       , Ur          , Mm^Xm       , Uh          , Ur^Fmw      , Ur^Fdw      , Ur          , Ur          , Rp          , Ur          , Rp          , Hh          , Mm^Xm       , Mm^Xm       , Mm^Xm       , Uh          , Mm^Xm       , Hh^Fdf      , Re          , Gs^Fmw      , Re^Gvs      , Gs          , Rp          , Rp          , Gs^Fmw      , Chr         , Chr         , Chr         , Chr^Dr      , Chr         , Re^Gvs      , Gs^Dr       , Hh^Fp       , Rd          , Hh^Fdw      , Re          , Rd          , Rd          , Re^Gvs      , Re^Gvs      , Re^Gvs      , Gg          , Rp          , Rp          , Gg          , Gs          , Hh          , Gg          , Hh          , Hh^Fmw      , Mm^Xm       , Uu^Uf       , Qxu^Bs|     , Qxu         , Uu^Uf       , Ur          , Uu          , Mm^Xm       , _off^_usr   , _off^_usr   
_off^_usr   , Mm^Xm       , Ur          , Ur          , Mm^Xm       , Uh          , Ur          , Ur^Fdw      , Rp          , Rp          , Ur^Fdw      , Rp          , Rp          , Hh          , Mm^Xm       , Hh^Fp       , Hh          , Mm^Xm       , Hh^Fmw      , Hh          , Gs^Dr       , Gs^Fds      , Gs^Fmw      , Re          , Rp          , Re^Gvs      , Chr^Dr      , Chr         , Chr         , Chr         , Rd          , Chr^Dr      , Hh^Fp       , Hh          , Mm^Xm       , Gs          , Mm^Xm       , Hh^Fdf      , Gs          , Gs^Dr       , Re^Gvs      , Gs^Fdw      , Re^Gvs      , Gg          , Rp          , Gg          , Gs          , Gs^Fdf      , Gg          , Gg          , Hh^Fp       , Mm^Xm       , Qxu         , Uu^Uf       , Ur          , Uh          , Ur          , Ur          , Uh          , Mm^Xm       , _off^_usr   , _off^_usr   
_off^_usr   , Mm^Xm       , Ur          , Mm^Xm       , Uh          , Uh          , Ur          , Rp          , Ur          , Ur          , Hh          , Hh          , Mm^Xm       , Chr         , Rp          , Mm^Xm       , Hh^Fp       , Hh          , Gs^Fmw      , Re          , Gs          , Re^Gvs      , Gs^Fmw      , Gs^Fdw      , Rp          , Rd          , Chr^Dr      , Chr         , Chr         , Re^Dr       , Hh^Fp       , Hh          , Mm^Xm       , Hh^Fmw      , Mm^Xm       , Chr         , Mm^Xm       , Hh          , Hh          , Re          , Rd          , Chr         , Gg          , Re^Gvs      , Rp          , Gg          , Gs^Fms      , Gs          , Gg          , Hh^Fdw      , Mm^Xm       , Mm^Xm       , Qxu         , Uh          , Uu          , Ur          , Uu          , Uh          , Qxu         , Mm^Xm       , _off^_usr   , _off^_usr   
_off^_usr   , Mm^Xm       , Ur          , Uh          , Ur          , Ur          , Rp          , Rp          , Ur          , Ur          , Ur^Fdw      , Mm^Xm       , Hh^Fmw      , Mm^Xm       , Re          , Rp          , Rp          , Gs^Fmf      , Gs^Fmw      , Gs^Fds      , Re^Gvs      , Gs^Fdf      , Gs^Fp       , Rd^Dr       , Gs^Fmw      , Rp          , Rp          , Rd          , Gs^Fp       , Hh          , Mm^Xm       , Mm^Xm       , Hh^Fmw      , Mm^Xm       , Re^Gvs      , Re^Gvs      , Hh          , Mm^Xm       , Hh^Fp       , Gg          , Hh          , Gs^Dr       , Gg          , Rp          , Re^Gvs      , Gg          , Re^Gvs      , Gs          , Re^Gvs      , Hh          , Mm^Xm       , Qxu         , Mm^Xm       , Uh          , Uu^Uf       , Ur          , Uu          , Uh          , Qxu         , Mm^Xm       , _off^_usr   , _off^_usr   
_off^_usr   , Mm^Xm       , Ur          , Ur          , Uh          , Ur          , Ur          , Ur          , Uh          , Uh          , Uh          , Mm^Xm       , Hh          , Hh^Fdw      , Gs          , Gs^Fdw      , Rp          , Re^Gvs      , Gs^Fmw      , Re          , Gs          , Gs^Fmw      , Chr         , Gs^Fdw      , Gs^Fmf      , Gs^Fds      , Rp          , Gs^Fmf      , Gs^Fmw      , Hh^Fdw      , Mm^Xm       , Mm^Xm       , Re          , Re          , Re          , Re^Uf       , Mm^Xm       , Mm^Xm       , Hh          , Gg          , Gs          , Re^Gvs      , Hh^Fdf      , Rp          , Hh          , Mm^Xm       , Hh^Fdw      , Hh          , Gg          , Hh^Fmw      , Hh          , Mm^Xm       , Hh^Fmw      , Mm^Xm       , Cud         , Ur          , Ur          , Uu^Uf       , Uh          , Mm^Xm       , _off^_usr   , _off^_usr   
_off^_usr   , Mm^Xm       , Uh          , Mm^Xm       , Uh          , Ur^Fdf      , Ur          , Uh          , Mm^Xm       , Mm^Xm       , Mm^Xm       , Mm^Xm       , Hh^Fdf      , Gg^Gvs      , Gs^Fmw      , Gs^Fds      , Rp          , Gs^Fdf      , Rp          , Rp          , Rp          , Gs          , Gs^Fmf      , Re          , Rp          , Re          , Rp          , Re^Dr       , Hh^Fdf      , Hh^Fmw      , Mm^Xm       , Hh^Fdw      , Rd          , Re^Uf       , Rd          , Hh^Fdf      , Mm^Xm       , Hh^Fmw      , Hh^Fp       , Hh          , Hh          , Gg          , Re^Gvs      , Rp          , Re^Gvs      , Hh          , Re^Gvs      , Gs          , Hh^Fds      , Gg          , Gg          , Hh^Fdf      , Re^Gvs      , Rd          , Mm^Xm       , Uh          , Uu          , Ur          , Uu          , Mm^Xm       , _off^_usr   , _off^_usr   
_off^_usr   , Mm^Xm       , Mm^Xm       , Mm^Xm       , Uh          , Ur^Fdw      , Ur^Fmf      , Uh          , Mm^Xm       , Hh^Fp       , Hh^Fmw      , Hh          , Re^Gvs      , Gg          , Re^Gvs      , Gg          , Rp          , Rp          , Re^Gvs      , Hh          , Gs^Fmw      , Rp          , Rp          , Rp          , Re          , Rp          , Chr         , Gs^Fms      , Hh          , Mm^Xm       , Uh          , Ur          , Ur          , Rd          , Ur          , Rd^Uf       , Mm^Xm       , Mm^Xm       , Mm^Xm       , Mm^Xm       , Mm^Xm       , Hh^Fp       , Gs          , Rp          , Rp          , Hh^Fmw      , Rp          , Rp          , Rp          , Re^Gvs      , Rp          , Rp          , Hh^Fmw      , Hh^Fp       , Mm^Xm       , Uu^Uf       , Uh          , Ur          , Uu^Uf       , Mm^Xm       , _off^_usr   , _off^_usr   
_off^_usr   , Mm^Xm       , Mm^Xm       , Uh          , Uh          , Uh          , Uh          , Uh          , Uh          , Mm^Xm       , Hh          , Gg^Gvs      , Hh^Fds      , Gs^Fp       , Rp          , Rp          , Hh^Fds      , Mm^Xm       , Hh          , Gs          , Hh          , Gs          , Re^Gvs      , Gs^Dr       , Gs^Gvs      , Gs^Fms      , Gs^Fmw      , Gs^Fmf      , Hh          , Mm^Xm       , Uh          , Ur          , Uh          , Ur          , Ur          , Uh          , Uh          , Uh          , Uh          , Uh          , Mm^Xm       , Hh          , Gs          , Gg          , Gg          , Rp          , Gg          , Hh          , Mm^Xm       , Rp          , Gs          , Hh          , Mm^Xm       , Mm^Xm       , Uh          , Uu          , Uu^Uf       , Ur          , Uh          , Mm^Xm       , _off^_usr   , _off^_usr   
_off^_usr   , Mm^Xm       , Uh          , Uh          , Mm^Xm       , Mm^Xm       , Mm^Xm       , Uh          , Mm^Xm       , Mm^Xm       , Hh^Fp       , Gs          , Mm^Xm       , Hh^Fdw      , Rp          , Gg          , Mm^Xm       , Hh          , Hh^Fdf      , Re          , Hh^Fmw      , Mm^Xm       , Hh^Fmf      , Gs          , Re^Gvs      , Gs^Fdw      , Hh^Fp       , Hh^Fmw      , Mm^Xm       , Mm^Xm       , Uh          , Ur          , Ur          , Rd^Uf       , Ur          , Ur          , Ur          , Ur          , Uh          , Mm^Xm       , Hh^Fp       , Hh^Fdw      , Gg          , Hh^Fp       , Hh          , Re^Gvs      , Hh^Fdw      , Mm^Xm       , Hh          , Rp          , Gg          , Hh^Fdw      , Mm^Xm       , Qxu         , Uh          , Ur          , Uh          , Ur          , Uh          , Mm^Xm       , _off^_usr   , _off^_usr   
_off^_usr   , Mm^Xm       , Uh          , Mm^Xm       , Hh^Fmw      , Hh^Fp       , Mm^Xm       , Uh          , Mm^Xm       , Hh^Fmw      , Gg          , Re          , Re^Gvs      , Hh          , Rp          , Hh^Fdw      , Hh          , Re^Gvs      , Gg          , Gs          , Re^Gvs      , Hh          , Mm^Xm       , Gg          , Hh          , Hh          , Mm^Xm       , Hh^Fp       , Mm^Xm       , Uh          , Qxu         , Ur          , Uh          , Ur          , Uh          , Qxu         , Qxu         , Qxu         , Uh          , Mm^Xm       , Mm^Xm       , Hh^Fdf      , Gs          , Mm^Xm       , Hh^Fmw      , Gg          , Hh          , Mm^Xm       , Rp          , Rp          , Gg          , Hh^Fp       , Hh          , Mm^Xm       , Uu          , Ur          , Ur          , Ur          , Uu          , Mm^Xm       , _off^_usr   , _off^_usr   
_off^_usr   , Mm^Xm       , Mm^Xm       , Mm^Xm       , Hh          , Mm^Xm       , Hh^Fp       , Mm^Xm       , Hh^Fdf      , Hh^Fdw      , Re          , Chr         , Hh          , Hh^Fmw      , Hh^Fdw      , Rp          , Rp          , Gs          , Wwf         , Ss          , Wwf^Gvs     , Gs          , Re^Gvs      , Re          , Hh^Fp       , Mm^Xm       , Qxu         , Mm^Xm       , Qxu         , Uh          , Qxu         , Qxu         , Ur          , Ur          , Qxu         , Qxu         , Ur          , Qxu         , Qxu         , Uh          , Mm^Xm       , Hh          , Gs          , Re^Gvs      , Re^Gvs      , Gs          , Gg          , Rp          , Re^Gvs      , Re^Gvs      , Hh^Fdw      , Gs          , Hh          , Mm^Xm       , Mm^Xm       , Uu^Uf       , Uh          , Ur          , Uh          , Mm^Xm       , _off^_usr   , _off^_usr   
_off^_usr   , Ko          , Hh^Fdw      , Hh^Fp       , Hh          , Hh          , Gs^Gvs      , Hh          , Gs          , Re^Gvs      , Hh^Fmf      , Hh          , Mm^Xm       , Mm^Xm       , Hh          , Re^Gvs      , Rp          , Re^Gvs      , Ss          , Wo          , Wo          , Ss          , Ss          , Hh          , Mm^Xm       , Mm^Xm       , Qxu         , Qxu         , Qxu         , Qxu         , Ur          , Qxu         , Qxu         , Ur          , Qxu^Bs\     , Qxu         , Qxu         , Qxu         , Uh          , Qxu         , Mm^Xm       , Hh^Fp       , Hh          , Gg          , Gg          , Hh^Fmw      , Mm^Xm       , Rp          , Rp          , Hh          , Gs^Fp       , Gg          , Re^Gvs      , Hh^Fmw      , Hh^Fp       , Mm^Xm       , Uh          , Ur          , Qxu         , Mm^Xm       , _off^_usr   , _off^_usr   
_off^_usr   , Co          , Re^Gvs      , Re          , Gs          , Re          , Hh^Fmf      , Re          , Hh          , Hh          , Mm^Xm       , Mm^Xm       , Mm^Xm       , Mm^Xm       , Hh^Fmf      , Hh          , Rp          , Gs          , Ww^Bw\      , Wo          , Wo          , Wo          , Wwf         , Hh^Fdw      , Mm^Xm       , Ur          , Mm^Xm       , Uu          , Qxu         , Uh          , Xu          , Uu          , Uu^Uf       , Qxu         , Qxu         , Ur          , Qxu^Bs\     , Qxu         , Qxu         , Qxu         , Uu          , Mm^Xm       , Mm^Xm       , Hh          , Gg          , Gs          , Gg          , Re^Gvs      , Gs^Fms      , Rp          , Gs          , Hh          , Re^Gvs      , Hh          , Mm^Xm       , Mm^Xm       , Uu^Uf       , Ur          , Qxu         , Mm^Xm       , _off^_usr   , _off^_usr   
_off^_usr   , Co          , Co          , Re          , Gs^Fms      , Hh          , Mm^Xm       , Hh          , Mm^Xm       , Mm^Xm       , Hh^Fmw      , Mm^Xm       , Hh          , Hh^Fmw      , Hh          , Gg^Gvs      , Rp          , Wwf         , Wo          , Wo          , Wo          , Ww          , Gs^Gvs      , Hh^Fdf      , Hh          , Mm^Xm       , Hh^Fp       , Mm^Xm       , Qxu         , Uu          , Uh          , Uh          , Ur          , Qxu         , Ur          , Qxu         , Qxu         , Ur          , Qxu         , Qxu         , Uu^Uf       , Uh          , Mm^Xm       , Hh^Fp       , Hh^Fmw      , Hh          , Hh          , Gg          , Re^Gvs      , Rp          , Rp          , Re^Gvs      , Gs          , Hh^Fdf      , Mm^Xm       , Uh          , Ur          , Ur          , Uh          , Mm^Xm       , _off^_usr   , _off^_usr   
_off^_usr   , Gs^Fdf      , Co          , Re          , Gs          , Hh^Fdw      , Hh          , Hh^Fmw      , Hh^Fds      , Hh          , Gs^Fdw      , Hh          , Rp          , Re          , Rp          , Rp          , Wwf         , Wwf^Gvs     , Wo          , Wo          , Wo          , Ww          , Ss          , Re          , Gg          , Hh          , Hh          , Mm^Xm       , Mm^Xm       , Qxu         , Qxu         , Qxu         , Qxu         , Uu          , Qxu         , Qxu         , Ur          , Ur          , Qxu         , Qxu         , Qxu         , Qxu         , Qxu         , Mm^Xm       , Mm^Xm       , Mm^Xm       , Mm^Xm       , Hh          , Gs          , Re^Gvs      , Rp          , Hh          , Gg          , Hh^Fmw      , Mm^Xm       , Uh          , Uu          , Ur          , Uu^Uf       , Mm^Xm       , _off^_usr   , _off^_usr   
_off^_usr   , Re^Gvs      , Gg^Gvs      , Co          , Re          , Gs^Fmw      , Gs          , Gs          , Gs^Gvs      , Gg          , Rp          , Rp          , Re^Gvs      , Rp          , Re^Gvs      , Re          , Ss          , Wo          , Wwf^Gvs     , Chw         , Wwf         , Wwf^Gvs     , Gs^Gvs      , Re^Gvs      , Hh^Fp       , Hh          , Mm^Xm       , Hh^Fmw      , Mm^Xm       , Uh          , Ur          , Uh          , Qxu         , Qxu         , Qxu         , Qxu         , Ur          , Ur          , Ur          , Ur          , Ur          , Ur^Gvs      , Ur          , Uh          , Xu          , Rd          , Mm^Xm       , Hh^Fp       , Gg          , Gs^Fmw      , Rp          , Gs^Fms      , Gs          , Hh          , Hh^Fp       , Mm^Xm       , Qxu         , Ur          , Ur          , Mm^Xm       , _off^_usr   , _off^_usr   
_off^_usr   , Gs^Fmw      , Re^Gvs      , Co          , Co          , Re          , Re^Gvs      , Hh^Fmf      , Rp          , Rp          , Hh          , Hh          , Hh^Fmf      , Hh          , Hh          , Hh^Fmf      , Gg^Gvs      , Ww          , Gg          , Gg          , Hh          , Hh^Fdf      , Hh          , Gs          , Hh          , Mm^Xm       , Rd          , Mm^Xm       , Uh          , Mm^Xm       , Uh          , Ur          , Ur          , Ur          , Ur^Gvs      , Ur          , Rd          , Rd          , Rd          , Rd          , Rd^Gvs      , Rd          , Rd          , Rd^Uf       , Uh          , Mm^Xm       , Hh^Fdf      , Hh^Fdw      , Gg          , Gs^Fdf      , Rp          , Gs          , Gs^Fmf      , Re^Gvs      , Hh          , Mm^Xm       , Mm^Xm       , Uu^Uf       , Ur          , Mm^Xm       , _off^_usr   , _off^_usr   
_off^_usr   , Gg          , Hh^Fmf      , Gg          , Gs^Fmw      , Co          , Ko          , Re          , Rp          , Re^Gvs      , Hh^Fmw      , Mm^Xm       , Mm^Xm       , Mm^Xm       , Hh^Fmw      , Re          , Hh          , Ww          , Hh          , Hh          , Mm^Xm       , Mm^Xm       , Mm^Xm       , Hh          , Hh          , Mm^Xm       , Xu          , Mm^Xm       , Rd^Gvs      , Rd          , Rd          , Rd          , Rd^Gvs      , Rd          , Rd          , Rd          , Re^Gvs      , Rd^Dr       , Re^Gvs      , Re          , Re          , Re          , Re^Gvs      , Rd          , Mm^Xm       , Mm^Xm       , Mm^Xm       , Hh^Fmw      , Hh          , Re^Gvs      , Rp          , Gs          , Gs          , Gg          , Gg          , Hh^Fmw      , Hh^Fp       , Mm^Xm       , Ur          , Mm^Xm       , _off^_usr   , _off^_usr   
_off^_usr   , Gs^Fdw      , Gg^Gvs      , Gs          , Gs^Fdf      , Re          , Rp          , Rp          , Ko          , Gs          , Hh          , Mm^Xm       , Hh^Fdw      , Mm^Xm       , Mm^Xm       , Hh          , Mm^Xm       , Wwf         , Mm^Xm       , Hh^Fp       , Mm^Xm       , Ss          , Mm^Xm       , Hh^Fmw      , Mm^Xm       , Mm^Xm       , Re^Gvs      , Re          , Re          , Re          , Re^Gvs      , Re^Uf       , Re^Gvs      , Re          , Re          , Re          , Re          , Re          , Re          , Re^Uf       , Re          , Re^Gvs      , Re^Dr       , Rd          , Rd          , Uh          , Mm^Xm       , Mm^Xm       , Re^Gvs      , Rp          , Re^Gvs      , Rp          , Gg          , Gs^Fds      , Re^Gvs      , Hh          , Mm^Xm       , Mm^Xm       , Ur          , Mm^Xm       , _off^_usr   , _off^_usr   
_off^_usr   , Rd          , Gs^Fmw      , Re^Gvs      , 2 Rp        , Rp          , Gs^Fms      , Gs^Fp       , Co          , Re          , Re          , Hh          , Chr         , Hh          , Mm^Xm       , Mm^Xm       , Wo          , Wo          , Wo          , Mm^Xm       , Gs          , Gg^Gvs      , Wwf         , Mm^Xm       , Wwf         , Wwf         , Re^Gvs      , Gs^Fdw      , Re^Gvs      , Re^Dr       , Re          , Re^Gvs      , Re^Gvs      , Re^Dr       , Re          , Re^Gvs      , Cud         , Re          , Re          , Re          , Re          , Re^Gvs      , Re^Uf       , Re^Gvs      , Re          , Rd          , Rd          , Chr         , Mm^Xm       , Hh^Fmw      , Gs          , Rp          , Rp          , Re^Gvs      , Gs          , Hh^Fp       , Mm^Xm       , Uh          , Ur          , Mm^Xm       , _off^_usr   , _off^_usr   
_off^_usr   , Gs          , Rp          , 3 Rp        , 1 Rp        , Gs^Fmw      , Gs^Fdw      , Re^Gvs      , Gs^Fdw      , Co          , Re^Gvs      , Hh^Fds      , Re          , Hh^Fmw      , Mm^Xm       , Mm^Xm       , Ww          , Gs^Fds      , Re          , Ww          , Wo          , Ww          , Wo          , Wo          , Ww          , Ww          , Gs^Fmw      , Re          , Re^Gvs      , Re          , Re^Gvs      , Re          , Cud         , Re^Gvs      , Re^Gvs      , Cud         , Cud         , Cud         , Re^Gvs      , Re^Gvs      , Cud         , Re          , Re          , Re          , Uh          , Re          , Rd^Dr       , Mm^Xm       , Mm^Xm       , Hh          , Gg          , Hh^Fp       , Gg          , Rr          , Gs          , Hh^Fdw      , Hh^Fmw      , Mm^Xm       , Ur          , Mm^Xm       , _off^_usr   , _off^_usr   
_off^_usr   , Rp          , Re^Gvs      , 4 Gs        , 5 Re^Gvs    , Rp          , Rr          , Gg          , Gs          , Co          , Co          , Gs^Gvs      , Hh^Fdf      , Hh          , Mm^Xm       , Re^Gvs      , Wwf         , Gs          , Re^Gvs      , Gs^Fmw      , Ww          , Wo          , Wwf         , Wo          , Ww          , Wwf         , Hh          , Re          , Uh          , Re^Uf       , Re^Gvs      , Cud         , Cud         , Cud         , Cud         , Cud         , Cud         , Cud         , Cud         , Cud         , Cud         , Cud         , Re          , Re^Dr       , Uh          , Mm^Xm       , Mm^Xm       , Uh          , Mm^Xm       , Hh^Fp       , Qxu         , Re^Gvs      , Qxu         , Gg          , Qxu         , Qxu         , Qxu         , Mm^Xm       , Ur          , Mm^Xm       , _off^_usr   , _off^_usr   
_off^_usr   , Rd^Gvs      , Gg          , Gs^Fmf      , Gg^Gvs      , Gs^Fdw      , Gs          , Gs^Fmw      , Gg          , Gs^Fmw      , Rd          , Co          , Ko          , Mm^Xm       , Ss          , Gg          , Gs          , Wwf         , Ww          , Ww          , Gs          , Re          , Re^Gvs      , Ww          , Wwf         , Mm^Xm       , Mm^Xm       , Mm^Xm       , Mm^Xm       , Uh          , Cud         , Cud         , Cud         , Cud         , Cud         , Cud         , 8 Kud       , Cud         , Cud         , Cud         , Cud         , Cud         , Cud         , Uh          , Mm^Xm       , Mm^Xm       , Mm^Xm       , Uh          , Uh          , Mm^Xm       , Qxu         , Qxu         , Qxu         , Qxu         , Qxu         , Qxu         , Uh          , Mm^Xm       , Uu^Uf       , Mm^Xm       , _off^_usr   , _off^_usr   
_off^_usr   , Gs^Fmw      , Hh          , Mm          , Gs^Fmw      , Gg          , Re^Gvs      , Gg          , Gs^Fmf      , Re^Gvs      , Hh^Fdw      , Gs^Fmw      , Mm^Xm       , Mm^Xm       , Mm^Xm       , Mm^Xm       , Mm^Xm       , Mm^Xm       , Mm^Xm       , Mm^Xm       , Mm^Xm       , Mm^Xm       , Mm^Xm       , Mm^Xm       , Mm^Xm       , Mm^Xm       , Mm^Xm       , Mm^Xm       , Mm^Xm       , Mm^Xm       , Mm^Xm       , Mm^Xm       , Mm^Xm       , Mm^Xm       , Mm^Xm       , Mm^Xm       , Mm^Xm       , Mm^Xm       , Mm^Xm       , Mm^Xm       , Mm^Xm       , Mm^Xm       , Mm^Xm       , Mm^Xm       , Mm^Xm       , Mm^Xm       , Mm^Xm       , Mm^Xm       , Mm^Xm       , Mm^Xm       , Mm^Xm       , Mm^Xm       , Mm^Xm       , Mm^Xm       , Mm^Xm       , Mm^Xm       , Mm^Xm       , Mm^Xm       , Mm^Xm       , Mm^Xm       , _off^_usr   , _off^_usr   
_off^_usr   , _off^_usr   , _off^_usr   , _off^_usr   , _off^_usr   , _off^_usr   , _off^_usr   , _off^_usr   , _off^_usr   , _off^_usr   , _off^_usr   , _off^_usr   , _off^_usr   , _off^_usr   , _off^_usr   , _off^_usr   , _off^_usr   , _off^_usr   , _off^_usr   , _off^_usr   , _off^_usr   , _off^_usr   , _off^_usr   , _off^_usr   , _off^_usr   , _off^_usr   , _off^_usr   , _off^_usr   , _off^_usr   , _off^_usr   , _off^_usr   , _off^_usr   , _off^_usr   , _off^_usr   , _off^_usr   , _off^_usr   , _off^_usr   , _off^_usr   , _off^_usr   , _off^_usr   , _off^_usr   , _off^_usr   , _off^_usr   , _off^_usr   , _off^_usr   , _off^_usr   , _off^_usr   , _off^_usr   , _off^_usr   , _off^_usr   , _off^_usr   , _off^_usr   , _off^_usr   , _off^_usr   , _off^_usr   , _off^_usr   , _off^_usr   , _off^_usr   , _off^_usr   , _off^_usr   , _off^_usr   , _off^_usr   
