border_size=1
usage=map

Xu          , Ce          , Ce          , Ce          , Ce          , Ce          , Dd          , Dd          , Dd          , Hd          , Md          , Md^Xm       , Md          , Hd          , Dd          , Dd          , Uh          , Uh          , Uu^Uf       , Ql          , Ql          , Ql          , Ql          , Ql          , Ql          , Ql          , Ql          , Ql          , Ql          , Ql          , Ql          , Ql          , Ql          
Xu          , 8 Ke        , Ce          , Ce          , Ce          , Ce          , Dd          , Dd          , Hd          , Hd          , Md          , Md^Xm       , Md          , Hd          , Hd          , Dd          , Dd          , Uu          , Uu^Uf       , Uu^Ufi      , Uu^Ii       , Uu^Ii       , Uh          , Ql          , Ql          , Uu^Uf       , Uu          , Cud         , Cud         , Cud         , Cud         , 9 Kud       , Xu          
Xu          , Ce          , Ce          , Ce          , Ce          , Ce          , Dd          , Dd          , Dd          , Hd          , Hd          , Md          , Hd          , Hd          , Dd          , Dd          , Dd          , Uu          , Uu          , Uu^Ii       , Uh^Ii       , Uh^Ii       , Uu          , Ql          , Uu^Uf       , Uu          , Uu          , Cud         , Cud         , Cud         , Cud         , Cud         , Xu          
Xu          , Ce          , Ce          , Ce          , Dd          , Dd          , Dd          , Gs^Ft       , Dd          , Dd^Dr       , Hd          , Md          , Hd          , Hd          , Dd          , Dd          , Uu          , Uu          , Uu          , Uu          , Uu          , Uh          , Uh          , Uu          , Uu          , Uu          , Uu          , Uu          , Uh          , Cud         , Cud         , Cud         , Xu          
Xu          , Ce          , Dd          , Dd          , Hd          , Dd          , Dd^Dc       , Dd          , Dd          , Dd          , Dd          , Hd          , Dd          , Gs^Ft       , Hd          , Dd          , Dd          , Uu          , Uu          , Uu^Uf       , Uu          , Uu          , Uu          , Uu          , Uu          , Uh          , Uh^Ii       , Uu          , Uu          , Uu          , Uu          , Cud         , Xu          
Xu          , Dd          , Xu          , Dd          , Xu          , Md          , Xu          , Hd          , Hd          , Dd          , Dd          , Dd          , Dd          , Dd          , Dd          , Dd          , Dd          , Uu          , Uu          , Uu^Uf       , Uu^Uf       , Uu          , Uu          , Uh          , Uh^Ii       , Uu^Ii       , Xu          , Uu^Ii       , Xu          , Uu^Uf       , Xu          , Uu          , Xu          
Xu          , Xu          , Xu          , Xu          , Dd          , Xu          , Dd          , Xu          , Xu          , Dd          , Dd          , Hd          , Dd          , Dd          , Dd          , Dd          , Cud         , Uu          , Ql          , Ql          , Ql          , Uu          , Uu          , Uh^Ii       , Xu          , Xu          , Uu          , Xu          , Uu          , Xu          , Xu          , Xu          , Xu          
Xu          , Xu          , Re          , Xu          , Xu          , Xu          , Xu          , Xu          , Xu          , Xu          , Dd          , Dd          , Dd          , Dd          , Dd          , Dd          , Uu          , Uu          , Ql          , Uh          , Uh          , Uu          , Uu          , Xu          , Xu          , Xu          , Xu          , Xu          , Xu          , Xu          , Ur          , Xu          , Xu          
Xu          , Xu          , Dd          , Dd          , Dd          , Xu          , Xu          , Xu          , Dd          , Dd          , Dd          , Dd          , Hd          , Md          , Dd          , Dd          , Cud         , Uu          , Uh^Ii       , Uh          , Uh          , Uu          , Uu          , Uu^Uf       , Uu          , Xu          , Xu          , Xu          , Uu          , Uu          , Uu          , Xu          , Xu          
Xu          , Xu          , Dd          , Dd          , Xu          , Xu          , Dd          , Dd          , Dd          , Hd          , Dd          , Gs^Ft       , Dd          , Dd          , Dd          , Dd          , Dd          , Uu          , Uu^Ufi      , Uu^Ii       , Uh^Ii       , Uu          , Cud         , Uu          , Ql          , Uu          , Uu          , Xu          , Xu          , Uu          , Uu          , Xu          , Xu          
Xu          , Xu          , Xu          , Xu          , Hd          , Md          , Dd          , Dd^Dr       , Dd          , Dd          , Dd          , Dd          , Dd^Dr       , Dd          , Dd          , Dd          , Dd          , Uu          , Uu^Ii       , Uu^Ii       , Uh^Ii       , Uu          , Uu          , Uu          , Ql          , Ql          , Uu^Uf       , Uu          , Uu          , Xu          , Xu          , Xu          , Xu          
Xu          , Xu          , Xu          , Dd          , Dd          , Dd          , Hd          , Dd          , Dd          , Dd          , Dd          , Dd          , Dd          , Dd          , Hd          , Dd          , Uu          , Uu          , Uh^Ii       , Uu^Ii       , Uu          , Uu          , Uh          , Uh          , Uu^Ii       , Ql          , Uu^Uf       , Uu^Uf       , Uh          , Uu          , Xu          , Xu          , Xu          
Xu          , Dd          , Xu          , Dd          , Dd          , Dd          , Dd          , Dd          , Dd^Dc       , Dd          , Dd          , Dd          , Dd          , Dd          , Dd          , Dd          , Mm          , Uu^Ii       , Uu^Ii       , Uu^Ii       , Uu          , Uu          , Uu^Uf       , Uh^Ii       , Uu^Ii       , Uu^Ufi      , Uu          , Uu          , Uu          , Uu          , Xu          , Uu          , Xu          
Xu          , Dd          , Xu          , Dd          , Ce          , Dd          , Dd          , Dd          , Gs^Ft       , Dd          , Hd          , Md          , Xu          , Dd          , Gg          , Rd          , Gg          , Rd          , Gg          , Uu^Ii       , Xu          , Ql          , Ql          , Uu^Ufi      , Uu^Ufi      , Uu^Ii       , Uu          , Uu          , Ch          , Uu          , Xu          , Uu          , Xu          
Xu          , Dd          , Xu          , Dd          , Ce          , Dd          , Xu          , Dd          , Dd          , Dd          , Xu          , Xu          , Xu          , Gg          , Dd          , Rd          , Dd^Dc       , Rd          , Dd          , Gg          , Xu          , Xu          , Xu          , Ql          , Ql          , Uu          , Xu          , Uu          , Ch          , Uu          , Xu          , Uu          , Xu          
Xu          , Xu          , Xu          , Ce          , 6 Ke        , Ce          , Xu          , Xu          , Xu          , Xu          , Xu          , Dd          , Xu          , Gs          , Gg          , Rd          , Gg          , Rd          , Gg          , Gg          , Xu          , Dd          , Xu          , Xu          , Xu          , Xu          , Xu          , Ch          , 7 Kh        , Ch          , Xu          , Xu          , Xu          
Xu          , Xu          , Ce          , Ce          , Ce          , Ce          , Ce          , Xu          , Xu          , Xu          , Xu          , Xu          , Xu          , Gs          , Gg          , Rd          , Gg          , Rd          , Gs          , Gs          , Xu          , Xu          , Xu          , Xu          , Xu          , Xu          , Ch          , Ch          , Ch          , Ch          , Ch          , Xu          , Xu          
Xu          , Gs          , Gs          , Ce          , Ce          , Ce          , Gg          , Gg          , Xu          , Xu          , Xu          , Xu          , Xu          , Gs          , Gs          , Rd          , Gg^Efm      , Rd          , Gg          , Gs          , Xu          , Xu          , Xu          , Xu          , Xu          , Gg          , Gg          , Ch          , Ch          , Ch          , Gg          , Gg          , Xu          
Xu          , Gs^Fp       , Gs          , Gs          , Gg          , Gg          , Gg          , Hh          , Xu          , Xu          , Xu          , Xu          , Xu          , Gg          , Gs          , Rd          , Gg          , Rd          , Gg          , Gg          , Xu          , Xu          , Xu          , Xu          , Xu          , Gs^Fp       , Gg          , Gg          , Gg          , Gg          , Gs^Fp       , Hh          , Xu          
Xu          , Hh          , Gs^Fp       , Gs          , Gg          , Gg^Efm      , Gg          , Gg          , Xu          , Xu          , Xu          , Cud         , Xu          , Gg          , Cud         , Rd          , Cud         , Rd          , Cud         , Gg          , Xu          , Cud         , Xu          , Xu          , Xu          , Gs^Fp       , Hh          , Gg          , Gg          , Gg          , Hh          , Gg          , Xu          
Xu          , Ss          , Gs          , Gg          , Gg          , Gg          , Hh          , Gg          , Xu          , Xu          , Xu          , Xu          , Xu          , Gg          , Gg          , Rd          , Gg          , Rd          , Gs          , Gg          , Xu          , Xu          , Xu          , Xu          , Xu          , Mm          , Hh          , Gg          , Gs^Fp       , Gg          , Hh          , Mm          , Xu          
Xu          , Ss          , Gs          , Gg          , Hh          , Gs^Fp       , Hh          , Mm          , Xu          , Xu          , Xu          , Xu          , Xu          , Gg          , Gg          , Rd          , Gg          , Rd          , Gs          , Gs          , Xu          , Xu          , Xu          , Xu          , Xu          , Gg^Efm      , Gg          , Gs          , Gs          , Gs^Fp       , Gs^Fp       , Hh          , Xu          
Xu          , Gs^Fp       , Gs^Fp       , Gs          , Gg          , Gs^Fp       , Gs          , Gs          , Xu          , Xu          , Xu          , Xu          , Xu          , Gg          , Gg          , Rd          , Gg          , Rd          , Gs          , Gs          , Xu          , Xu          , Xu          , Xu          , Xu          , Gg          , Hh          , Gg          , Gg          , Gs          , Hh          , Gs^Fp       , Xu          
Xu          , Gg          , Hh          , Gs          , Gg          , Gs          , Gs          , Re^Uf       , Xu          , Gg          , Xu          , Mm          , Xu          , Ce          , Ch          , Dd          , Cud         , Dd          , Ch          , Ce          , Xu          , Re^Uf       , Xu          , Xu          , Xu          , Ss          , Gs^Fp       , Gs^Fp       , Gg          , Gs          , Ss          , Gs          , Xu          
Xu          , Gg          , Gg          , Mm          , Gs^Fp       , Gs^Fp       , Gs          , Gg          , Xu          , Xu          , Xu          , Xu          , Xu          , Gg          , Gg          , Rp          , Gg          , Rp          , Gg          , Gg          , Xu          , Xu          , Xu          , Xu          , Xu          , Ss          , Gs          , Gs          , Gg          , Gs          , Gs^Fp       , Gs          , Xu          
Xu          , Gg          , Gg          , Gg          , Hh          , Gs^Fp       , Gs^Fp       , Hh          , Xu          , Xu          , Xu          , Xu          , Xu          , Gg          , Gg          , Rp          , Gs          , Rp          , Gg          , Gg          , Xu          , Xu          , Xu          , Xu          , Xu          , Hh          , Gg          , Gs^Fp       , Gg          , Gs          , Gs^Fp       , Gs^Fp       , Xu          
Xu          , Gg          , Hh          , Gg          , Gg          , Gs^Fp       , Ss          , Gg          , Xu          , Xu          , Xu          , Xu          , Xu          , Gg          , Ch          , Rp          , Ch          , Rp          , Ch          , Gg          , Xu          , Xu          , Xu          , Xu          , Xu          , Gg          , Gg          , Gg          , Gg          , Gs          , Gs^Fp       , Hh          , Xu          
Xu          , Gs^Fp       , Hh          , Hh          , Gg          , Gs          , Gg          , Gg          , Xu          , Xu          , Xu          , Ch          , Xu          , Gg          , Gg          , Rp          , Gg          , Rp          , Gg          , Gg          , Xu          , Ch          , Xu          , Gg          , Xu          , Ch          , Gg          , Gs^Fp       , Hh          , Gs          , Hh          , Hh          , Xu          
Xu          , Gs          , Gs          , Gs^Fp       , Gs          , Gs          , Gs^Fp       , Mm          , Xu          , Xu          , Xu          , Xu          , Xu          , Gg          , Gg          , Rp          , Gs          , Rp          , Gg^Efm      , Gg          , Xu          , Xu          , Xu          , Xu          , Xu          , Gg          , Gg          , Gg          , Gg          , Gg          , Gg          , Mm          , Xu          
Xu          , Gs          , Gs^Fp       , Gs          , Gs          , Gs          , Gg          , Hh          , Xu          , Xu          , Xu          , Xu          , Xu          , Gg          , Gs          , Rp          , Gs          , Rp          , Gg          , Gg          , Xu          , Xu          , Xu          , Xu          , Xu          , Gg          , Gs^Fp       , Gs          , Gs          , Gs^Fp       , Gg^Efm      , Gg          , Xu          
Xu          , Gs^Fp       , Gs^Fp       , Hh          , Gs          , Gg          , Hh          , Gg          , Xu          , Xu          , Xu          , Xu          , Xu          , Gs          , Gg          , Rp          , Gg          , Rp          , Gg          , Gs          , Xu          , Xu          , Xu          , Xu          , Xu          , Gg          , Ss          , Gg          , Gs          , Gg          , Gg          , Gg          , Xu          
Xu          , Mm          , Ss          , Gs          , Gg          , Gg          , Hh          , Gg          , Xu          , Xu          , Xu          , Ce          , Xu          , Gs          , Ce          , Rp          , Ce          , Rp          , Ce          , Gg          , Xu          , Ce          , Xu          , Xu          , Xu          , Hh          , Gg          , Gs          , Gs          , Gs^Fp       , Gs          , Hh          , Xu          
Xu          , Gg          , Gg          , Gg          , Gg          , Gs^Fp       , Gg          , Gg          , Xu          , Xu          , Xu          , Xu          , Xu          , Gs          , Gg          , Rr          , Gg          , Rr          , Gg          , Gg          , Xu          , Xu          , Xu          , Xu          , Xu          , Gg          , Re^Gvs      , Re^Gvs      , Re^Gvs      , Gs^Fp       , Gs          , Gs          , Xu          
Xu          , Gs^Fp       , Gg          , Gg^Efm      , Hh          , Gg          , Gs^Fp       , Gg          , Gg          , Xu          , Xu          , Xu          , Xu          , Gs          , Gs          , Rr          , Gg          , Rr          , Gs          , Gg          , Xu          , Xu          , Xu          , Xu          , Hh          , Mm          , Re^Gvs      , Gg^Wm       , Re^Gvs      , Gg          , Ss          , Ss          , Xu          
Xu          , Gg          , Gg          , Hh          , Gs          , Gs          , Gs          , Gg          , Hh          , Gg          , Gg          , Xu          , Xu          , Gg          , Gg          , Rr          , Gg^Efm      , Rr          , Gs          , Gg          , Xu          , Xu          , Gg          , Gg          , Hh          , Hh          , Gg^Efm      , Re^Gvs      , Gs^Fp       , Gg          , Gs^Fp       , Gg          , Xu          
Xu          , Gg          , Hh          , Gs          , Gs          , Gg          , Gg          , Gs^Fp       , Ss          , Gg          , Gg          , Gg          , Gg          , Gg          , Gg          , Rr          , Gg          , Rr          , Gg          , Gs          , Gs          , Ss          , Gg          , Gs^Fp       , Gg          , Gg          , Gs^Fp       , Gg          , Gs          , Gg          , Gg          , Mm          , Xu          
Xu          , Gs          , Gs          , Gs^Fp       , Mm          , Gg          , Gg          , Hh          , Gg          , Gg          , Gg          , Hh          , Gs^Fp       , Gg          , Gg          , Rr          , Gg          , Rr          , Gg          , Gs          , Gs          , Hh          , Gg          , Gg          , Gs^Fp       , Gs          , Gs          , Gs          , Gg          , Hh          , Gg          , Gg          , Xu          
Xu          , Xu          , Xu          , Gg          , Gg          , Hh          , Gg          , Gg          , Gs          , Gs          , Hh          , Gs          , Gs          , Gg          , Gg          , Rr          , Gg          , Rr          , Gg          , Gs^Fp       , Gg          , Gg          , Gs^Fp       , Hh          , Gg          , Gg          , Hh          , Gs^Fp       , Ss          , Gg          , Xu          , Xu          , Xu          
Xu          , Gg          , Gg^Efm      , Xu          , Xu          , Gs^Fp       , Ss          , Gs^Fp       , Gs          , Gs^Fp       , Gg          , Gs          , Gg          , Gg          , Rr          , Rr          , 4 Kh        , Rr          , Rr          , Gg          , Gg          , Hh          , Gs          , Gs^Fp       , Gs^Fp       , Gg          , Gg          , Gg          , Xu          , Xu          , Gg^Efm      , Gs          , Xu          
Xu          , Xu          , Xu          , Gg          , Xu          , Xu          , Xu          , Ss          , Gg          , Gg          , Gs^Fp       , Hh          , Gg          , Gg          , Rr          , 1 Kh        , Rr          , 3 Kh        , Rr          , Gs^Fp       , Gg          , Gg          , Hh          , Gg          , Mm          , Gg          , Xu          , Xu          , Xu          , Gg          , Xu          , Xu          , Xu          
Xu          , Xu          , Xu          , Xu          , Xu          , Xu          , Xu          , Xu          , Xu          , Gg          , Gs^Fp       , Hh          , Gg          , Gg          , Rr          , 5 Kh        , Gg^Wm       , 2 Kh        , Rr          , Gg          , Gg          , Gg          , Gg          , Gg          , Xu          , Xu          , Xu          , Xu          , Xu          , Xu          , Xu          , Xu          , Xu          
Xu          , Xu          , Xu          , Xu          , Xu          , Xu          , Xu          , Xu          , Xu          , Xu          , Xu          , Xu          , Xu          , Xu          , Xu          , Xu          , Xu          , Xu          , Xu          , Xu          , Xu          , Xu          , Xu          , Xu          , Xu          , Xu          , Xu          , Xu          , Xu          , Xu          , Xu          , Xu          , Xu          
