border_size=1
usage=map

Xu          , Xu          , Xu          , Xu          , Xu          , Xu          , Xu          , Xu          , Xu          , Xu          , Xu          , Xu          , Xu          , Xu          , Xu          , Ww^Bw|      , Xu          , Xu          , Xu          , Xu          , Xu          , Xu          , Xu          , Xu          , Xu          , Xu          , Xu          , Xu          , Xu          , Xu          , Xu          , Xu          , Xu          , Xu          , Xu          , Xu          , Xu          , Xu          
Xu          , Ce          , Ce          , Ce          , Ce          , Ce          , Xu          , Gg          , Xu          , Xu          , Xu          , Xu          , Xu          , Gg          , Xu          , Ww^Bw\      , Ww^Bw\      , Ww          , Ww          , Ww          , Ww          , Ww          , Gs^Ft       , Gg          , Re^Uf       , Re          , Gg          , Gg          , Re          , Gg          , Gg          , Gg          , Gg          , Gg          , 1 Kh        , Gg          , Gg          , Xu          
Xu          , Ce          , Ce          , 6 Ke        , Ce          , Ce          , Xu          , Xu          , Xu          , Xu          , Xu          , Xu          , Gg          , Xu          , Xu          , Ww^Bw|      , Ww          , Ww^Bw\      , Ww^Bw|      , Ww          , Gs^Ft       , Gg          , Re          , Gg^Efm      , Ds          , Re          , Gg          , Re^Uf       , Re          , Gg          , Gg          , Gg          , 2 Kh        , Gg          , Gg          , Gg          , 5 Kh        , Xu          
Xu          , Ce          , Hh          , Ce          , Hh          , Ce          , Xu          , Xu          , Xu          , Xu          , Xu          , Gg          , Xu          , Gg          , Xu          , Ww^Bw|      , Ww          , Ww          , Gg          , Gg          , Re          , Re          , Ds          , Re          , Re^Uf       , Re          , Gg          , Gg          , Gg^Efm      , Gg          , Gg          , Gg          , Gg          , Gg          , Gg          , Gg          , Gg          , Xu          
Xu          , Ss          , Hh          , Gs^Fp       , Mm          , Ss          , Xu          , Xu          , Gg          , Xu          , Xu          , Xu          , Xu          , Xu          , Xu          , Ww^Bw|      , Gg          , Gg          , Re          , Re          , Re^Uf       , Re          , Gs^Ft       , Re          , Ds          , Gg          , Ds          , Re          , Re^Uf       , Gg          , Gg          , Gg          , Gg          , Gg          , Gg          , Gg          , Gg          , Xu          
Xu          , Gs^Fp       , Hh          , Ss          , Hh          , Gs^Fp       , Xu          , Gg          , Xu          , Gg          , Xu          , Xu          , Xu          , Xu          , Re          , Gg          , Gs^Ft       , Re          , Ds          , Gs^Ft       , Xu          , Xu          , Xu          , Xu          , Xu          , Xu          , Xu          , Xu          , Xu          , Xu          , Xu          , Gg          , Gg          , 4 Kh        , Gg          , 3 Kh        , Gg          , Xu          
Xu          , Ss          , Mm          , Gs^Fp       , Hh          , Ss          , Hh          , Xu          , Hh          , Xu          , Mm          , Xu          , Gg          , Gg          , Re          , Gs^Ft       , Ds          , Gs^Ft       , Xu          , Xu          , Gg^Fet      , Ch          , Hh          , Gg          , Gg          , Ch          , Xu          , Xu          , Xu          , Xu          , Ss          , Gg          , Gg^Efm      , Gg          , Gg          , Gg          , Gg          , Xu          
Xu          , Gs^Fp       , Hh          , Ss          , Hh          , Gs^Fp       , Hh          , Ss          , Mm          , Gs^Fp       , Hh          , Ss          , Gg          , Re          , Re          , Ds          , Xu          , Xu          , Gg^Efm      , Hh          , Gg          , Gg^Efm      , Mm          , Gg          , Gg^Fet      , Hh          , Xu          , Xu          , Ss          , Ss          , Ss          , Gg          , Gg          , Gg          , Gg          , Gg          , Gg          , Xu          
Xu          , Ss          , Hh          , Gs^Fp       , Mm          , Ss          , Hh          , Gs^Fp       , Hh          , Ss          , Hh          , Gs^Fp       , Gg          , Gg          , Xu          , Xu          , Gg          , Hh          , Gg^Fet      , Gg          , Gg          , Gg^Fet      , Gg          , Gg          , Xu          , Xu          , Xu          , Ss          , Ss          , Ss          , Gs^Fp       , Gg          , Gs^Fp       , Gg          , Gs^Fp       , Gg          , Xu          , Xu          
Xu          , Gs^Fp       , Hh          , Ss          , Hh          , Gs^Fp       , Mm          , Ss          , Hh          , Gs^Fp       , Hh          , Ss          , Gg          , Xu          , Hh          , Gg          , Mm          , Ce          , Ce          , Mm          , Gg          , Hh          , Xu          , Xu          , Xu          , Xu          , Xu          , Ss          , Ss          , Gg          , Gg          , Gg          , Gs^Fp       , Gg          , Xu          , Xu          , Xu          , Xu          
Xu          , Ss          , Hh          , Gs^Fp       , Hh          , Ss          , Hh          , Gs^Fp       , Hh          , Ss          , Mm          , Gs^Fp       , Gg          , Gg          , Gg          , Gg          , Gg^Fet      , Gg^Efm      , Hh          , Gg^Fet      , Xu          , Xu          , Xu          , Xu          , Xu          , Xu          , Xu          , Ss          , Ss          , Gs^Fp       , Gg          , Gg          , Xu          , Xu          , Xu          , Xu          , Xu          , Xu          
Xu          , Gs^Fp       , Mm          , Ss          , Hh          , Gs^Fp       , Xu          , Xu          , Xu          , Gs^Fp       , Hh          , Ss          , Gg          , Gg^Efm      , Gg          , Gg          , Hh          , Gg          , Xu          , Xu          , Xu          , Xu          , Xu          , Xu          , Xu          , Xu          , Xu          , Ss          , Ss          , Gg          , Gs^Fp       , Gs^Fp       , Gg          , Ss          , Ss          , Ss          , Ss          , Xu          
Xu          , Ss          , Hh          , Gs^Fp       , Xu          , Xu          , Cud         , Cud         , Cud         , Xu          , Xu          , Gs^Fp       , Gg          , Gg          , Gg^Fet      , Gg          , Xu          , Xu          , Xu          , Xu          , Xu          , Xu          , Xu          , Xu          , Ss          , Xu          , Xu          , Ss          , Ss          , Ss          , Ss          , Gg          , Gs^Fp       , Gg^Efm      , Gg          , Ss          , Ss          , Xu          
Xu          , Gs^Fp       , Xu          , Xu          , Cud         , Cud         , Cud         , 9 Kud       , Cud         , Cud         , Cud         , Xu          , Xu          , Gg          , Xu          , Xu          , Gg          , Gg          , Gg          , Xu          , Xu          , Xu          , Ss          , Ss          , Ss          , Ss          , Ss          , Xu          , Xu          , Ss          , Ss          , Ss          , Ss          , Gg          , Gg          , Gs^Fp       , Gg          , Xu          
Xu          , Xu          , Cud         , Cud         , Qlf         , Qlf         , Cud         , Qlf         , Cud         , Qlf         , Qlf         , Cud         , Cud         , Xu          , Xu          , Xu          , Gg          , Gg          , Xu          , Xu          , Cv          , Ss          , Ss          , Ss          , Hh          , Mm          , Hh          , Ss          , Ss          , Xu          , Xu          , Ss          , Ss          , Gg          , Gg          , Gs^Fp       , Gg          , Xu          
Xu          , Cud         , Uu          , Cud         , Cud         , Qlf         , Cud         , Qlf         , Cud         , Qlf         , Cud         , Cud         , Uu          , Cud         , Cud         , Xu          , Xu          , Xu          , Cv          , Cv          , Cv          , Ss          , Mm          , Hh          , Mm          , Hh          , Mm          , Hh          , Mm          , Ss          , Ss          , Ss          , Gg^Efm      , Gs^Fp       , Gg          , Gg          , Gg          , Xu          
Xu          , Uu          , Qlf         , Qlf         , Uu          , Cud         , Cud         , Qlf         , Cud         , Cud         , Uu          , Qlf         , Uu          , Uh          , Uu          , Xu          , Xu          , Cv          , 7 Kv        , Cv          , Cv          , Gg          , Gg^Fet      , Hh          , Xu          , Xu          , Xu          , Hh          , Gs^Fp       , Gg          , Ce          , Gg          , Gs^Fp       , Gg          , Xu          , Gg          , Aa          , Ai          
Qlf         , Qlf         , Uu          , Uu          , Uu          , Uh          , Uu          , Ql          , Uu          , Uu          , Uh          , Qlf         , Uu^Uf       , Uu          , Uu          , Xu          , Xu          , Cv          , Cv          , Cv          , Cv          , Gg          , Xu          , Xu          , Gg          , Gg          , Gg          , Xu          , Xu          , Gg          , Gg          , Gg          , Xu          , Xu          , Aa          , Aa          , Ha          , Ai          
Xu          , Uu          , Uu^Uf       , Uh          , Uh          , Uu          , Qlf         , Qlf         , Qlf         , Uu          , Uu          , Qlf         , Uu          , Uu          , Ce          , Xu          , Gs          , Xu          , Xu          , Cv          , Xu          , Xu          , Xu          , Gg          , Xu          , Gg          , Xu          , Gg          , Xu          , Xu          , Xu          , Xu          , Aa          , Aa          , Aa          , Ha          , Ai          , Ai          
Xu          , Uh^Ii       , Uu^Ii       , Uu          , Uu          , Uu          , Uu^Uf       , Qlf         , Uu          , Uu          , Uu^Uf       , Uu          , Uh          , Uu          , Uu          , Xu          , Gs          , Gs          , Chr         , Xu          , Chr         , Xu          , Rp          , Xu          , Xu          , Xu          , Xu          , Xu          , Re^Gvs      , Xu          , Aa^Fpa      , Aa          , Aa          , Ha          , Ha          , Aa          , Ai          , Ai          
Xu          , Uu^Ii       , Ce          , Uu^Ii       , Xu          , Uu          , Xu          , Uu          , Xu          , Uh          , Xu          , Uu          , Xu          , Uu          , Xu          , Xu          , Gg          , Gg          , Chr         , Chr         , Chr         , Gg          , Gg^Fet      , Rp          , Rp          , Xu          , Re^Gvs      , Re^Gvs      , Gg^Fet      , Gg          , Aa^Fpa      , Aa^Fpa      , Gg          , Aa          , Aa          , Ha          , Aa          , Ai          
Xu          , Re          , Uu          , Re          , Re          , Xu          , Re          , Xu          , Re          , Xu          , Gg          , Xu          , Gg          , Xu          , Gg          , Gg          , Gs          , Gg          , Chr         , Chr         , Chr         , Chr         , Gg          , Hh          , Gg          , Re^Gvs      , Gg          , Hh          , Gg          , Aa          , Aa          , Aa          , Gg          , Gg          , Aa          , Aa          , Aa          , Ai          
Xu          , Uu          , Re          , Uu          , Re          , Re          , Re          , Uu^Uf       , Re          , Uu          , Re          , Gs          , Gs          , Gs          , Gs          , Gs          , Gg          , Gg          , Chr         , 8 Khr       , Chr         , Chr         , Gg          , Hh          , Gs          , Ce          , Gg^Efm      , Hh          , Gg          , Ha          , Gg          , Aa^Fpa      , Aa          , Gg          , Aa^Fpa      , Aa          , Ai          , Ai          
Xu          , Re          , Uu          , Uu          , Re          , Uu^Uf       , Uu          , Re          , Uu          , Re          , Uu          , Gg          , Gs          , Gs          , Gs          , Gs          , Gs          , Gg          , Chr         , Chr         , Chr         , Chr         , Gg^Fet      , Hh          , Re^Gvs      , Re^Gvs      , Rp          , Hh          , Gg^Fet      , Aa          , Gg          , Aa          , Aa^Fpa      , Aa          , Aa^Fpa      , Gg          , Ai          , Ai          
Xu          , Uu^Uf       , Re          , Re          , Re          , Uu^Uf       , Re          , Re          , Re          , Re          , Re          , Gs          , Gg          , Gs          , Gg          , Gg          , Gg          , Gg          , Chr         , Chr         , Chr         , Gg          , Re^Gvs      , Re^Gvs      , Xu          , Xu          , Xu          , Rp          , Rp          , Gg          , Aa          , Gg          , Gg          , Gg          , Ai          , Ai          , Ai          , Ai          
Xu          , Xu          , Xu          , Xu          , Xu          , Xu          , Xu          , Xu          , Xu          , Xu          , Xu          , Xu          , Xu          , Xu          , Xu          , Xu          , Xu          , Xu          , Xu          , Xu          , Xu          , Xu          , Xu          , Xu          , Xu          , Xu          , Xu          , Xu          , Xu          , Xu          , Xu          , Xu          , Xu          , Ai          , Xu          , Ai          , Ai          , Ai          
