border_size=1
usage=map

Xu          , Xu          , Xu          , Xu          , Xu          , Xu          , Xu          , Xu          , Xu          , Xu          , Xu          , Xu          , Xu          , Xu          , Xu          , Xu          , Xu          , Xu          , Xu          , Xu          , Xu          , Xu          , Xu          , Xu          , Xu          , Xu          , Xu          , Xu          , Xu          , Xu          , Xu          , Xu          , Xu          , Xu          , Xu          , Xu          , Xu          , Xu          , Xu          , Xu          , Xu          , Xu          , Xu          , Xu          , Xu          , Xu          , Xu          , Xu          , Xu          , Xu          , Xu          , Xu          , Xu          , Xu          , Xu          , Xu          , Xu          , Xu          , Xu          , Xu          , Xu          
Xu          , Xu          , Xu          , Xu          , Xu          , Xu          , Xu          , Xu          , Xu          , Xu          , Xu          , Xu          , Xu          , Xu          , Xu          , Xu          , Xu          , Xu          , Xu          , Xu          , Xu          , Xu          , Xu          , Xu          , Xu          , Xu          , Xu          , Xu          , Xu          , Xu          , Xu          , Xu          , Xu          , Xu          , Xu          , Xu          , Xu          , Xu          , Xu          , Xu          , Xu          , Xu          , Xu          , Xu          , Xu          , Xu          , Xu          , Xu          , Xu          , Xu          , Xu          , Xu          , Xu          , Xu          , Xu          , Xu          , Xu          , Xu          , Xu          , Xu          , Xu          
Xu          , Xu          , Xu          , Xu          , Xu          , Xu          , Xu          , Xu          , Xu          , Xu          , Xu          , Xu          , Xu          , Xu          , Xu          , Xu          , Xu          , Xu          , Xu          , Xu          , Xu          , Xu          , Xu          , Xu          , Xu          , Xu          , Xu          , Xu          , Xu          , Xu          , Xu          , Xu          , Ww          , Ww          , Ww          , Ww          , Ww          , Xu          , Xu          , Xu          , Xu          , Xu          , Hh          , Gs^Fp       , Hh          , Gs^Fp       , Gs^Fp       , Xu          , Xu          , Xu          , Xu          , Xu          , Xu          , Xu          , Xu          , Xu          , Xu          , Xu          , Xu          , Xu          , Xu          
Xu          , Xu          , Xu          , Xu          , Xu          , Xu          , Xu          , Xu          , Xu          , Xu          , Xu          , Xu          , Xu          , Xu          , Xu          , Xu          , Xu          , Xu          , Gs^Ft       , Xu          , Ss          , Gs^Ft       , Ss          , Ss          , Ss          , Xu          , Xu          , Xu          , Xu          , Xu          , Ww          , Ww          , Ww          , Ww          , Wwf         , Ww          , Ww          , Xu          , Xu          , Xu          , Xu          , Xu          , Gs^Fp       , Hh          , Gg^Efm      , Gs^Fp       , Gs^Fp       , Gs^Fp       , Gs^Fp       , Xu          , Chr         , Xu          , Xu          , Xu          , Xu          , Xu          , Xu          , Xu          , Xu          , Xu          , Xu          
Xu          , Xu          , Xu          , Xu          , Xu          , Xu          , Xu          , Xu          , Xu          , Xu          , Xu          , Xu          , Xu          , Xu          , Chs         , Chs         , Ss          , Ss          , Ss          , Ss          , Ss          , Ss          , Gs^Ft       , Ss          , Ss          , Gs^Ft       , Gs^Ft       , Xu          , Xu          , Xu          , Wwf         , Ww          , Ww          , Xu          , Xu          , Wwf         , Wwf         , Xu          , Xu          , Xu          , Xu          , Gs^Fp       , Gs^Fp       , Gg^Efm      , Gg          , Gg          , Gg          , Gg          , Gg          , Chr         , Chr         , Chw         , Chw         , Chw         , Chw         , Xu          , Xu          , Xu          , Xu          , Xu          , Xu          
Xu          , Xu          , Xu          , Xu          , Xu          , Xu          , Xu          , Xu          , Xu          , Xu          , Xu          , Xu          , Xu          , Chs         , Chs         , Chs         , Chs         , Ss          , Gs^Ft       , Ss          , Xu          , Ss          , Ss          , Gs^Ft       , Ss          , Ss          , Gs          , Xu          , Rd          , Rd          , Wwf         , Wwf         , Wwf         , Wwf         , Wwf         , Wwf         , Wwf         , Wwf         , Rd          , Xu          , Rd          , Gs^Fp       , Xu          , Gs^Fp       , Hh          , Gg          , Gg          , Gg          , Gg          , Gs^Fp       , Chr         , Chr         , Chr         , Chw         , 8 Khr       , Chw         , Xu          , Xu          , Xu          , Xu          , Xu          
Xu          , Xu          , Xu          , Xu          , Xu          , Xu          , Xu          , Xu          , Xu          , Xu          , Xu          , Xu          , Chs         , Chs         , 7 Khs       , Chs         , Chs         , Ss          , Ss          , Xu          , Xu          , Xu          , Ss          , Ss          , Ss          , Hh          , Gs          , Gs          , Xu          , Xu          , Xu          , Xu          , Ww          , Wwf         , Wwf         , Wwf         , Wwf         , Wwf         , Wwf         , Rd          , Xu          , Xu          , Xu          , Xu          , Xu          , Gs^Fp       , Xu          , Gs^Fp       , Gs^Fp       , Gg          , Gg          , Chr         , Chr         , Chr         , Chr         , Chr         , Xu          , Xu          , Xu          , Xu          , Xu          
Xu          , Xu          , Xu          , Xu          , Xu          , Xu          , Xu          , Xu          , Xu          , Xu          , Xu          , Xu          , Ss          , Chs         , Chs         , Chs         , Chs         , Chs         , Xu          , Xu          , Xu          , Xu          , Xu          , Ss          , Ss          , Gs          , Gs          , Gs^Ft       , Xu          , Xu          , Xu          , Xu          , Xu          , Ww          , Xu          , Wwf         , Xu          , Xu          , Xu          , Xu          , Xu          , Xu          , Xu          , Xu          , Xu          , Xu          , Xu          , Xu          , Gs^Fp       , Gg^Efm      , Gg^Efm      , Gg          , Gg          , Gs^Fp       , Gs^Fp       , Xu          , Xu          , Xu          , Xu          , Xu          , Xu          
Xu          , Xu          , Xu          , Xu          , Xu          , Xu          , Xu          , Xu          , Xu          , Xu          , Xu          , Xu          , Xu          , Ss          , Ss          , Ss          , Ss          , Chs         , Xu          , Xu          , Xu          , Xu          , Gs^Ft       , Ss          , Gs          , Gs          , Gs^Ft       , Xu          , Xu          , Xu          , Xu          , Xu          , Xu          , Xu          , Xu          , Wwf         , Xu          , Xu          , Xu          , Xu          , Xu          , Xu          , Xu          , Xu          , Xu          , Xu          , Xu          , Xu          , Xu          , Gs^Fp       , Gs^Fp       , Gg^Efm      , Gs^Fp       , Gg          , Gs^Fp       , Gs^Fp       , Xu          , Xu          , Xu          , Xu          , Xu          
Xu          , Xu          , Xu          , Xu          , Xu          , Xu          , Xu          , Xu          , Xu          , Xu          , Xu          , Xu          , Re          , Re          , Re          , Gs^Ft       , Xu          , Xu          , Xu          , Xu          , Xu          , Gs^Ft       , Gs          , Gs          , Hh          , Hh          , Xu          , Xu          , Xu          , Xu          , Xu          , Xu          , Wwf         , Wwf         , Wwf         , Wwf         , Wwf         , Xu          , Xu          , Xu          , Hh          , Xu          , Mm          , Xu          , Xu          , Xu          , Xu          , Xu          , Xu          , Hh          , Hh          , Gs^Fp       , Gs^Fp       , Gs^Fp       , Gs^Fp       , Gs^Fp       , Xu          , Xu          , Xu          , Xu          , Xu          
Xu          , Xu          , Xu          , Xu          , Xu          , Xu          , Xu          , Xu          , Xu          , Xu          , Uu          , Re          , Xu          , Xu          , Xu          , Xu          , Xu          , Xu          , Xu          , Xu          , Xu          , Hh          , Gs          , Gs^Ft       , Hh          , Gs^Ft       , Xu          , Xu          , Xu          , Xu          , Xu          , Xu          , Wwf         , Wwf         , Chw         , Chw         , Ww          , Wwf         , Wwf         , Wwf         , Wwf         , Hh          , Mm          , Mm          , Xu          , Xu          , Xu          , Xu          , Xu          , Xu          , Xu          , Xu          , Gs^Fp       , Gs^Fp       , Gs^Fp       , Gs^Fp       , Hh          , Xu          , Xu          , Xu          , Xu          
Xu          , Xu          , Uu^Uf       , Uu          , Uh          , Xu          , Xu          , Xu          , Xu          , Xu          , Uu          , Uu          , Xu          , Xu          , Xu          , Xu          , Xu          , Xu          , Xu          , Xu          , Gs^Ft       , Gs          , Gs          , Gs^Ft       , Gs^Ft       , Xu          , Xu          , Xu          , Xu          , Xu          , Xu          , Wwf         , Wwf         , Wwf         , Ww          , Ww          , Ww          , Wwf         , Wwf         , Wwf         , Gs^Fp       , Gg          , Hh          , Mm          , Xu          , Xu          , Xu          , Xu          , Xu          , Xu          , Xu          , Xu          , Hh          , Gg          , Gg^Efm      , Gs^Fp       , Gs^Fp       , Gs^Fp       , Xu          , Xu          , Xu          
Xu          , Xu          , Uh          , Uu          , Xu          , Xu          , Xu          , Xu          , Uh          , Uu          , Uu^Uf       , Xu          , Xu          , Xu          , Xu          , Xu          , Xu          , Xu          , Xu          , Hh          , Ss          , Gs          , Gs          , Gs          , Gs          , Xu          , Xu          , Xu          , Xu          , Xu          , Gs^Fp       , Gg          , Wwf         , Wwf         , Xu          , Ww          , Xu          , Ww          , Wwf         , Wwf         , Gg          , Gg          , Xu          , Xu          , Xu          , Xu          , Xu          , Xu          , Xu          , Xu          , Xu          , Xu          , Xu          , Gg          , Gg          , Gs^Fp       , Hh          , Gs^Fp       , Gs^Fp       , Xu          , Xu          
Xu          , Xu          , Ww          , Uu          , Uu          , Xu          , Xu          , Xu          , Uh          , Uu          , Uh          , Uu^Uf       , Uu          , Uh          , Uu          , Xu          , Xu          , Xu          , Gs^Ft       , Gs^Ft       , Ss          , Ss          , Gs^Ft       , Gs          , Gs          , Gs^Ft       , Xu          , Xu          , Xu          , Hh          , Gg^Efm      , Gg          , Gs^Fp       , Hh          , Xu          , Xu          , Xu          , Xu          , Gg          , Hh          , Gg          , Hh          , Hh          , Xu          , Xu          , Xu          , Xu          , Xu          , Xu          , Xu          , Xu          , Xu          , Gs^Fp       , Gg^Efm      , Gg          , Cv          , Gs^Fp       , Gs^Fp       , Xu          , Xu          , Xu          
Xu          , Xu          , Ww          , Ww          , Ww          , Uu          , Uu          , Xu          , Uu          , Uu          , Uu          , Uu          , Uu          , Uu          , Uu^Uf       , Xu          , Xu          , Xu          , Xu          , Hh          , Ss          , Ss          , Gs^Ft       , Gs^Ft       , Hh          , Gs          , Gs          , Hh          , Mm          , Mm          , Gg          , Gg          , Xu          , Xu          , Xu          , Xu          , Xu          , Xu          , Hh          , Gg          , Gg^Efm      , Gg          , Gs^Fp       , Xu          , Xu          , Xu          , Xu          , Xu          , Xu          , Xu          , Hh          , Gs^Fp       , Gs^Fp       , Gs^Fp       , Gg          , Gs^Fp       , Gs^Fp       , Hh          , Xu          , Xu          , Xu          
Xu          , Xu          , Xu          , Ww          , Xu          , Xu          , Uu          , Uh          , Uu          , Uu^Uf       , Xu          , Uh          , Xu          , Uu^Uf       , Xu          , Xu          , Xu          , Xu          , Xu          , Hh          , Xu          , Gs^Ft       , Xu          , Xu          , Xu          , Gs^Ft       , Gs          , Gs          , Gg          , Hh          , Gg          , Hh          , Xu          , Xu          , Xu          , Xu          , Xu          , Xu          , Xu          , Mm          , Mm          , Gg          , Gg          , Hh          , Xu          , Xu          , Xu          , Xu          , Xu          , Xu          , Gs^Fp       , Gs^Fp       , Gs^Fp       , Gs^Fp       , Gg          , Gs^Fp       , Xu          , Xu          , Xu          , Xu          , Xu          
Xu          , Xu          , Xu          , Xu          , Xu          , Xu          , Uh          , Uu          , Uu^Uf       , Uh          , Xu          , Xu          , Xu          , Xu          , Xu          , Xu          , Xu          , Xu          , Xu          , Xu          , Xu          , Xu          , Xu          , Xu          , Xu          , Xu          , Xu          , Gs          , Gg          , Gg          , Xu          , Xu          , Xu          , Xu          , Cud         , Cud         , Cud         , Cud         , Cud         , Xu          , Xu          , Hh          , Hh          , Gg          , Gg          , Gg          , Gg          , Xu          , Gs^Fp       , Gs^Fp       , Gs^Fp       , Gs^Fp       , Gs^Fp       , Gg          , Gg          , Gs^Fp       , Xu          , Xu          , Xu          , Xu          , Xu          
Xu          , Xu          , Xu          , Xu          , Xu          , Xu          , Xu          , Uu          , Xu          , Xu          , Xu          , Xu          , Xu          , Xu          , Xu          , Xu          , Xu          , Xu          , Xu          , Xu          , Xu          , Xu          , Xu          , Xu          , Xu          , Xu          , Xu          , Gs^Fp       , Gs^Fp       , Gg          , Hh          , Xu          , Xu          , Xu          , Cud         , Cud         , 9 Kud       , Cud         , Cud         , Xu          , Xu          , Hh          , Hh          , Gg          , Gs^Fp       , Gg          , Gg          , Gg          , Gg          , Gs^Fp       , Gg          , Hh          , Gg          , Gg          , Xu          , Xu          , Xu          , Xu          , Xu          , Xu          , Xu          
Xu          , Xu          , Xu          , Xu          , Xu          , Xu          , Xu          , Uu          , Xu          , Xu          , Xu          , Xu          , Hh          , Xu          , Gs^Fp       , Xu          , Xu          , Xu          , Xu          , Xu          , Xu          , Xu          , Xu          , Xu          , Xu          , Xu          , Xu          , Xu          , Xu          , Gg          , Gg          , Xu          , Xu          , Xu          , Cud         , Cud         , Cud         , Cud         , Cud         , Uu^Uf       , Uh          , Uh          , Uh          , Mm          , Mm          , Hh          , Gg          , Gg          , Hh          , Gg          , Gs^Fp       , Gg          , Re          , Gg          , Xu          , Xu          , Xu          , Xu          , Xu          , Xu          , Xu          
Xu          , Xu          , Xu          , Xu          , Xu          , Xu          , Xu          , Rd          , Rd          , Xu          , Xu          , Mm          , Mm          , Gs^Fp       , Gg          , Hh          , Gg          , Xu          , Gg          , Xu          , Xu          , Xu          , Xu          , Xu          , Xu          , Xu          , Xu          , Xu          , Xu          , Gg          , Gg          , Hh          , Hh          , Xu          , Xu          , Cud         , Xu          , Uu          , Uu          , Uh          , Uu          , Uu          , Xu          , Xu          , Mm          , Mm          , Hh          , Gg          , Hh          , Mm          , Chr         , Re          , Re          , Re          , Xu          , Xu          , Xu          , Xu          , Xu          , Xu          , Xu          
Xu          , Xu          , Xu          , Xu          , Xu          , Xu          , Xu          , Xu          , Rd          , Xu          , Gs^Fp       , Hh          , Gs^Fp       , Gg          , Gg^Efm      , Gg          , Gs^Fp       , Gg          , Gg          , Gs^Fp       , Gs^Fp       , Gs^Fp       , Gs^Fp       , Xu          , Xu          , Xu          , Xu          , Xu          , Xu          , Hh          , Gg          , Mm          , Hh          , Xu          , Mm          , Xu          , Uh          , Uu          , Uh          , Uu^Uf       , Xu          , Xu          , Xu          , Xu          , Xu          , Hh          , Xu          , Gg          , Gg          , Gs^Fp       , Re          , Re          , Re          , Re          , Xu          , Xu          , Xu          , Xu          , Xu          , Xu          , Xu          
Xu          , Xu          , Xu          , Xu          , Xu          , Xu          , Xu          , Hh          , Gg          , Gg          , Gg^Efm      , Gs^Fp       , Gg          , Gg          , Hh          , Mm          , Re^Gvs      , Gs^Fp       , Gg          , Ch          , Ch          , Gs^Fp       , Hh          , Xu          , Xu          , Xu          , Xu          , Xu          , Xu          , Mm          , Gg          , Gs^Fp       , Gg          , Mm          , Mm          , Hh          , Hh          , Uh          , Xu          , Xu          , Xu          , Xu          , Xu          , Xu          , Xu          , Xu          , Xu          , Re          , Re          , Re          , Re          , Re          , Aa          , Xu          , Xu          , Xu          , Xu          , Xu          , Xu          , Xu          , Xu          
Xu          , Xu          , Xu          , Xu          , Xu          , Xu          , Xu          , Hh          , Gs^Fp       , Gg          , Ch          , Ch          , Gg          , Gg          , Ce          , Ce          , Ce          , Gs^Fp       , Gg          , Ch          , Hh          , Mm^Xm       , Hh          , Mm          , Mm          , Hh          , Gs^Fp       , Xu          , Xu          , Xu          , Hh          , Gg^Efm      , Gg          , Gs^Fp       , Hh          , Hh          , Xu          , Xu          , Xu          , Xu          , Xu          , Xu          , Xu          , Xu          , Xu          , Xu          , Xu          , Re          , Re          , Re          , Re          , Aa^Fpa      , Aa^Fpa      , Ha          , Xu          , Xu          , Xu          , Xu          , Xu          , Xu          , Xu          
Xu          , Xu          , Xu          , Xu          , Xu          , Xu          , Xu          , Xu          , Xu          , Gg          , Gg          , Ch          , Gg          , Gs^Fp       , Ce          , Ce          , Ce          , Ce          , Ce          , Gg          , Gg          , Mm          , Mm^Xm       , Mm^Xm       , Gs^Fp       , Gg^Efm      , Gg          , Xu          , Hh          , Mm          , Gg          , Gg          , Hh          , Gs^Fp       , Hh          , Xu          , Xu          , Xu          , Aa^Fpa      , Ha          , Ha          , Xu          , Xu          , Xu          , Xu          , Xu          , Xu          , Xu          , Aa          , Chr         , Re          , Ha          , Aa          , Aa^Fpa      , Ha          , Xu          , Xu          , Xu          , Xu          , Xu          , Xu          
Xu          , Xu          , Xu          , Xu          , Xu          , Xu          , Xu          , Xu          , Hh          , Gg          , Gg          , Gg          , Hh          , Ce          , Ce          , Ce          , Ce          , Ce          , Xu          , Gg          , Gg          , Hh          , Hh          , Ch          , Chr         , Gg          , Gg          , Gg          , Gg          , Gg          , Hh          , Hh          , Mm          , Hh          , Xu          , Xu          , Xu          , Xu          , Aa          , Aa          , Aa          , Aa^Fpa      , Xu          , Xu          , Xu          , Xu          , Xu          , Xu          , Aa          , Ha          , Re          , Aa          , Aa          , Ha          , Xu          , Xu          , Xu          , Xu          , Xu          , Xu          , Xu          
Xu          , Xu          , Xu          , Xu          , Xu          , Xu          , Xu          , Xu          , Mm          , Gs^Fp       , Gg          , Gs^Fp       , Ce          , Ce          , Ce          , Ce          , Ce          , Xu          , Xu          , Gg          , Gg          , Gs^Fp       , Gs^Fp       , Ch          , Gg          , Gg          , Hh          , Gg          , Gg          , Gs^Fp       , Xu          , Mm          , Mm          , Hh          , Ha          , Ha          , Aa          , Aa          , Ha          , Aa^Fpa      , Aa^Fpa      , Aa          , Aa^Fpa      , Xu          , Xu          , Xu          , Xu          , Aa^Fpa      , Aa          , Ha          , Re          , Aa          , Xu          , Xu          , Xu          , Xu          , Xu          , Xu          , Xu          , Xu          , Xu          
Xu          , Xu          , Xu          , Xu          , Xu          , Mm          , Hh          , Gg^Fet      , Mm^Xm       , Hh          , Gg          , Gs^Fp       , Xu          , Xu          , Ce          , 6 Ke        , Ce          , Xu          , Xu          , Xu          , Hh          , Gg          , Gg          , Gg          , Mm          , Gs^Fp       , Xu          , Xu          , Xu          , Xu          , Xu          , Mm          , Xu          , Xu          , Ha          , Aa          , Aa          , Aa          , Ai          , Ai          , Ai          , Aa          , Aa          , Aa^Fpa      , Ha          , Aa          , Aa          , Ha          , Aa^Fpa      , Aa^Fpa      , Re          , Re          , Ha          , Xu          , Xu          , Xu          , Xu          , Xu          , Xu          , Xu          , Xu          
Xu          , Xu          , Xu          , Xu          , Xu          , Gs^Fp       , Gg          , Gg          , Gg          , Gg          , Mm          , Hh          , Xu          , Xu          , Xu          , Ce          , Xu          , Xu          , Xu          , Xu          , Hh          , Gg          , Gs^Fp       , Hh          , Xu          , Xu          , Xu          , Xu          , Xu          , Xu          , Xu          , Xu          , Xu          , Xu          , Xu          , Aa          , Aa^Fpa      , Aa          , Aa          , Ai          , Ai          , Ha          , Aa          , Aa          , Xu          , Aa          , Aa^Fpa      , Aa          , Aa^Fpa      , Aa          , Re          , Ha          , Ha          , Ha          , Xu          , Xu          , Xu          , Xu          , Xu          , Xu          , Xu          
Xu          , Xu          , Xu          , Xu          , Gg^Efm      , Gg          , Gg          , Hh          , Chr         , Gg          , Hh          , Xu          , Xu          , Xu          , Xu          , Xu          , Uh          , Xu          , Xu          , Xu          , Xu          , Gg          , Gg          , Xu          , Xu          , Xu          , Xu          , Xu          , Xu          , Xu          , Xu          , Xu          , Xu          , Xu          , Xu          , Xu          , Aa^Fpa      , Aa^Fpa      , Aa          , Aa^Fpa      , Aa          , Aa^Fpa      , Aa          , Aa          , Xu          , Aa^Fpa      , Ha          , Aa^Fpa      , Aa^Fpa      , Ha          , Re          , Aa^Fpa      , Ha          , Aa          , Aa          , Xu          , Xu          , Xu          , Xu          , Xu          , Xu          
Xu          , Xu          , Xu          , Xu          , Mm          , Gg          , Gg          , Chr         , Ch          , Hh          , Gs^Fp       , Xu          , Xu          , Xu          , Xu          , Uu^Uf       , Uu          , Xu          , Xu          , Xu          , Xu          , Gg          , Gs^Fp       , Xu          , Hh          , Xu          , Hh          , Xu          , Gs^Fp       , Xu          , Xu          , Xu          , Xu          , Xu          , Xu          , Xu          , Xu          , Ha          , Ha          , Aa          , Aa          , Aa          , Aa          , Xu          , Xu          , Xu          , Xu          , Ha          , Xu          , Aa          , Aa          , Re          , Re          , Aa          , Aa          , Aa          , Xu          , Xu          , Xu          , Xu          , Xu          
Xu          , Xu          , Xu          , Xu          , Hh          , Mm          , Gs^Fp       , Gg          , Gg          , Gg^Efm      , Mm          , Xu          , Xu          , Xu          , Uh          , Uu          , Xu          , Uh          , Xu          , Xu          , Xu          , Gg          , Gg          , Gg          , Gg          , Mm          , Mm          , Hh          , Gg          , Gg          , Gg          , Xu          , Hh          , Xu          , Xu          , Xu          , Xu          , Xu          , Xu          , Aa          , Xu          , Aa^Fpa      , Aa          , Xu          , Xu          , Xu          , Xu          , Xu          , Xu          , Xu          , Aa          , Aa          , Aa^Fpa      , Re          , Aa          , Aa          , Ha          , Xu          , Xu          , Xu          , Xu          
Xu          , Xu          , Xu          , Xu          , Xu          , Xu          , Hh          , Gg          , Gs^Fp       , Gg          , Gg          , Hh          , Xu          , Xu          , Uu          , Uu          , Uu          , Uu^Uf       , Uu          , Xu          , Xu          , Xu          , Gg          , Gg          , Gg          , Mm          , Hh          , Gs^Fp       , Gg          , Gg          , Gg          , Gg          , Gg          , Hh          , Gg          , Gs^Fp       , Gs^Fp       , Xu          , Xu          , Xu          , Xu          , Xu          , Re          , Re          , Xu          , Xu          , Xu          , Xu          , Xu          , Xu          , Xu          , Aa^Fpa      , Aa^Fpa      , Re          , Aa          , Aa^Fpa      , Ha          , Xu          , Xu          , Xu          , Xu          
Xu          , Xu          , Xu          , Xu          , Xu          , Xu          , Gg^Efm      , Gg          , Gg          , Gg          , Mm          , Rd          , Rd          , Uu          , Uu^Uf       , Uu          , Uu^Uf       , Uu          , Uh          , Uu          , Rd          , Rd          , Xu          , Gg          , Gg          , Gg          , Gg          , Gg          , Gs^Fp       , Gg          , Hh          , Gs^Fp       , Mm          , Gg          , Gg          , Gg          , Gg          , Mm          , Xu          , Xu          , Xu          , Xu          , Re          , Re          , Mm          , Xu          , Xu          , Xu          , Re          , Xu          , Re          , Ha          , Re          , Re          , Aa^Fpa      , Ha          , Xu          , Xu          , Xu          , Xu          , Xu          
Xu          , Xu          , Xu          , Xu          , Xu          , Xu          , Ss          , Gg          , Gs^Fp       , Hh          , Xu          , Xu          , Xu          , Xu          , Xu          , Uh          , Uh          , Xu          , Xu          , Xu          , Xu          , Xu          , Xu          , Xu          , Gs^Fp       , Gg          , Gg          , Gg          , Mm          , Mm          , Mm^Xm       , Hh          , Mm^Xm       , Mm          , Hh          , Gg          , Gg          , Mm          , Hh          , Xu          , Xu          , Hh          , Gg          , Gg          , Xu          , Xu          , Xu          , Xu          , Re          , Re          , Re          , Re          , Re          , Aa          , Xu          , Xu          , Xu          , Xu          , Xu          , Xu          , Xu          
Xu          , Xu          , Gs^Fp       , Gs^Fp       , Ss          , Ss          , Gs^Fp       , Ss^Bw|      , Ss          , Xu          , Xu          , Xu          , Xu          , Xu          , Xu          , Xu          , Xu          , Xu          , Xu          , Xu          , Xu          , Xu          , Xu          , Mm          , Hh          , Gg          , Gg          , Gg          , Gg          , Mm          , Gs^Fp       , Hh          , Gs^Fp       , Mm^Xm       , Mm          , Hh          , Gg          , Gg          , Gg          , Hh          , Gg          , Gg          , Gs^Fp       , Gg          , Xu          , Xu          , Hh          , Xu          , Gg          , Re          , Gs^Fp       , Re          , Re          , Xu          , Xu          , Xu          , Xu          , Xu          , Xu          , Xu          , Xu          
Xu          , Xu          , Ss          , Ss          , Ss          , Ss          , Ss          , Ss^Bw|      , Ss          , Xu          , Xu          , Xu          , Xu          , Xu          , Xu          , Xu          , Xu          , Xu          , Xu          , Xu          , Xu          , Xu          , Hh          , Mm          , Hh          , Gg          , Gg          , Gg          , Gs^Fp       , Gg          , Gg          , Gg          , Gg          , Hh          , Gg          , Gg          , Hh          , Gg          , Gg          , Gg          , Gg          , Gg          , Gg          , Gg          , Gg          , Hh          , Mm          , Gs^Fp       , Gg          , Gg          , Gs^Fp       , Gs^Fp       , Xu          , Xu          , Xu          , Xu          , Xu          , Xu          , Xu          , Xu          , Xu          
Xu          , Xu          , Ss          , Ss          , Gs^Fp       , Gs^Fp       , Ss          , Ss^Bw|      , Ss          , Xu          , Gs^Fp       , Xu          , Hh          , Mm          , Xu          , Xu          , Xu          , Xu          , Xu          , Xu          , Xu          , Xu          , Gg          , Gs^Fp       , Gg          , Gg          , Gg          , Hh          , Xu          , Gg          , Gg          , Gg          , Gg          , Gg          , Gg          , Gg          , Gg          , Gg          , Gs^Fp       , Gs^Fp       , Xu          , Gs^Fp       , Hh          , Gg          , Gg          , Gg          , Gg          , Gg          , Mm          , Hh          , Xu          , Xu          , Xu          , Xu          , Xu          , Xu          , Xu          , Xu          , Xu          , Xu          , Xu          
Xu          , Xu          , Xu          , Ss          , Ss          , Gs^Fp       , Ss          , Ss^Bw|      , Gs^Fp       , Ss          , Ss          , Gg          , Gg          , Hh          , Gg          , Xu          , Gs^Fp       , Xu          , Mm          , Mm          , Mm          , Hh          , Gg          , Gg          , Gg          , Gg          , Gg          , Xu          , Xu          , Xu          , Hh          , Gs^Fp       , Hh          , Gs^Fp       , Gg          , Gg          , Gg          , Gg          , Xu          , Xu          , Xu          , Xu          , Xu          , Hh          , Gs^Fp       , Gg          , Gg          , Gs^Fp       , Hh          , Mm          , Xu          , Xu          , Xu          , Xu          , Xu          , Xu          , Xu          , Xu          , Xu          , Xu          , Xu          
Xu          , Xu          , Xu          , Ss          , Ss          , Ss          , Ss          , Ss^Bw|      , Gg          , Gs^Fp       , Gg          , Gg          , Gg          , Gg          , Gs^Fp       , Gg          , Gg          , Gg^Fet      , Gg          , Hh          , Gg          , Gs^Fp       , Gg          , Gg          , Gs^Fp       , Gs^Fp       , Gs^Fp       , Gs^Fp       , Xu          , Xu          , Xu          , Mm          , Mm          , Hh          , Gg          , Gg          , Gg          , Gg          , Xu          , Xu          , Xu          , Xu          , Xu          , Mm          , Hh          , Gs^Fp       , Gs^Fp       , Xu          , Xu          , Xu          , Xu          , Xu          , Xu          , Xu          , Xu          , Xu          , Xu          , Xu          , Xu          , Xu          , Xu          
Xu          , Xu          , Xu          , Xu          , Xu          , Ss          , Gs^Fp       , Gg          , Gg          , Gg          , Gg          , Gg          , Mm^Xm       , Mm^Xm       , Mm          , Hh          , Mm          , Gg          , Gs^Fp       , Gg          , Gg          , Gg          , Hh          , Gg          , Xu          , Xu          , Xu          , Xu          , Xu          , Xu          , Xu          , Xu          , Gs^Fp       , Gs^Fp       , Gg          , Gg          , Gg          , Mm          , Mm          , Xu          , Xu          , Xu          , Xu          , Xu          , Xu          , Gs^Fp       , Xu          , Xu          , Xu          , Xu          , Xu          , Xu          , Xu          , Xu          , Xu          , Xu          , Xu          , Xu          , Xu          , Xu          , Xu          
Xu          , Xu          , Xu          , Xu          , Xu          , Xu          , Xu          , Gs^Fp       , Gg          , Gg          , Hh          , Hh          , Mm          , Mm          , Mm          , Mm          , Xu          , Xu          , Xu          , Hh          , Mm          , Mm          , Xu          , Xu          , Xu          , Xu          , Xu          , Xu          , Xu          , Xu          , Xu          , Xu          , Gg          , Gg          , Gg          , Gg          , Gg          , Gg          , Gg          , Gs^Fp       , Xu          , Xu          , Xu          , Xu          , Xu          , Xu          , Xu          , Xu          , Xu          , Xu          , Xu          , Xu          , Xu          , Xu          , Xu          , Xu          , Xu          , Xu          , Xu          , Xu          , Xu          
Xu          , Xu          , Xu          , Xu          , Xu          , Xu          , Xu          , Xu          , Xu          , Mm          , Xu          , Mm          , Xu          , Mm          , Xu          , Xu          , Xu          , Xu          , Xu          , Xu          , Xu          , Xu          , Xu          , Xu          , Xu          , Xu          , Xu          , Xu          , Xu          , Xu          , Xu          , Xu          , Gg          , Gg          , 3 Gg        , 1 Gg        , 2 Gg        , Gg          , Gg          , Hh          , Mm          , Xu          , Xu          , Xu          , Xu          , Xu          , Xu          , Xu          , Xu          , Xu          , Xu          , Xu          , Xu          , Xu          , Xu          , Xu          , Xu          , Xu          , Xu          , Xu          , Xu          
Xu          , Xu          , Xu          , Xu          , Xu          , Xu          , Xu          , Xu          , Xu          , Xu          , Xu          , Xu          , Xu          , Xu          , Xu          , Xu          , Xu          , Xu          , Xu          , Xu          , Xu          , Xu          , Xu          , Xu          , Xu          , Xu          , Xu          , Xu          , Xu          , Xu          , Xu          , Gg          , Gg          , Gg          , 4 Gg        , Gg          , 5 Gg        , Gg          , Gg          , Gs^Fp       , Gs^Fp       , Xu          , Xu          , Xu          , Xu          , Xu          , Xu          , Xu          , Xu          , Xu          , Xu          , Xu          , Xu          , Xu          , Xu          , Xu          , Xu          , Xu          , Xu          , Xu          , Xu          
Xu          , Xu          , Xu          , Xu          , Xu          , Xu          , Xu          , Xu          , Xu          , Xu          , Xu          , Xu          , Xu          , Xu          , Xu          , Xu          , Xu          , Xu          , Xu          , Xu          , Xu          , Xu          , Xu          , Xu          , Xu          , Xu          , Xu          , Xu          , Xu          , Xu          , Gs^Fp       , Gs^Fp       , Hh          , Gg          , Gg          , Gg          , Mm          , Gg          , Hh          , Gs^Fp       , Hh          , Hh          , Mm          , Xu          , Xu          , Xu          , Xu          , Xu          , Xu          , Xu          , Xu          , Xu          , Xu          , Xu          , Xu          , Xu          , Xu          , Xu          , Xu          , Xu          , Xu          
Xu          , Xu          , Xu          , Xu          , Xu          , Xu          , Xu          , Xu          , Xu          , Xu          , Xu          , Xu          , Xu          , Xu          , Xu          , Xu          , Xu          , Xu          , Xu          , Xu          , Xu          , Xu          , Xu          , Xu          , Xu          , Xu          , Xu          , Xu          , Xu          , Xu          , Gs^Fp       , Hh          , Hh          , Gg          , Gg          , Hh          , Mm          , Hh          , Hh          , Hh          , Hh          , Hh          , Mm          , Mm          , Xu          , Xu          , Xu          , Xu          , Xu          , Xu          , Xu          , Xu          , Xu          , Xu          , Xu          , Xu          , Xu          , Xu          , Xu          , Xu          , Xu          
